---
- council_reference: CONS 2018/17
  address: 55-57 Pangee St, Nyngan 2825 NSW
  description: Alterations or Additions Retail/Shop Building
  info_url: http://datracker.bogan.nsw.gov.au:81/Application/ApplicationDetails/011.2018.00000017.001
  date_scraped: '2019-05-14'
  date_received: '2019-05-08'
- council_reference: CONS 2019/10
  address: 66 Oatley St, Nyngan 2825 NSW
  description: New Garage/Carport/Pergola/Shed
  info_url: http://datracker.bogan.nsw.gov.au:81/Application/ApplicationDetails/011.2019.00000010.001
  date_scraped: '2019-05-14'
  date_received: '2019-04-24'
- council_reference: CONS 2019/11
  address: 25 Flashman Ave, Nyngan 2825 NSW
  description: New Additions to Dwelling
  info_url: http://datracker.bogan.nsw.gov.au:81/Application/ApplicationDetails/011.2019.00000011.001
  date_scraped: '2019-05-14'
  date_received: '2019-05-02'
- council_reference: DA 2019/10
  address: 66 Oatley St, Nyngan 2825 NSW
  description: New Garage/Carport/Pergola/Shed
  info_url: http://datracker.bogan.nsw.gov.au:81/Application/ApplicationDetails/010.2019.00000010.001
  date_scraped: '2019-05-14'
  date_received: '2019-04-24'
- council_reference: DA 2019/11
  address: 25 Flashman Ave, Nyngan 2825 NSW
  description: New Additions to Dwelling
  info_url: http://datracker.bogan.nsw.gov.au:81/Application/ApplicationDetails/010.2019.00000011.001
  date_scraped: '2019-05-14'
  date_received: '2019-05-02'
- council_reference: OCC 2018/17
  address: 55-57 Pangee St, Nyngan 2825 NSW
  description: Alterations or Additions Retail/Shop Building
  info_url: http://datracker.bogan.nsw.gov.au:81/Application/ApplicationDetails/013.2018.00000017.001
  date_scraped: '2019-05-14'
  date_received: '2019-05-08'
- council_reference: OCC 2019/10
  address: 66 Oatley St, Nyngan 2825 NSW
  description: New Garage/Carport/Pergola/Shed
  info_url: http://datracker.bogan.nsw.gov.au:81/Application/ApplicationDetails/013.2019.00000010.001
  date_scraped: '2019-05-14'
  date_received: '2019-04-24'
- council_reference: OCC 2019/11
  address: 25 Flashman Ave, Nyngan 2825 NSW
  description: New Additions to Dwelling
  info_url: http://datracker.bogan.nsw.gov.au:81/Application/ApplicationDetails/013.2019.00000011.001
  date_scraped: '2019-05-14'
  date_received: '2019-05-02'
- council_reference: S96 2018/17/3
  address: 55-57 Pangee St, Nyngan 2825 NSW
  description: Alterations or Additions Retail/Shop Building
  info_url: http://datracker.bogan.nsw.gov.au:81/Application/ApplicationDetails/010.2018.00000017.003
  date_scraped: '2019-05-14'
  date_received: '2019-05-07'
