---
- council_reference: 10 - 2016 - 7 - 2
  address: 18817 Barrier Hwy, Broken Hill 2880 NSW
  description: Modification to existing consent
  info_url: http://datracker.brokenhill.nsw.gov.au/Application/ApplicationDetails/010.2016.00000007.002
  date_scraped: '2019-05-14'
  date_received: '2019-04-23'
- council_reference: 10 - 2019 - 38 - 1
  address: 89 Piper St, Broken Hill 2880 NSW
  description: Demolition of existing outbound buildings and erection of freestanding
  info_url: http://datracker.brokenhill.nsw.gov.au/Application/ApplicationDetails/010.2019.00000038.001
  date_scraped: '2019-05-14'
  date_received: '2019-04-15'
- council_reference: 10 - 2019 - 39 - 1
  address: 146 Nicholls St, Broken Hill 2880 NSW
  description: Change of Use - Home Business Hairdressing Salon
  info_url: http://datracker.brokenhill.nsw.gov.au/Application/ApplicationDetails/010.2019.00000039.001
  date_scraped: '2019-05-14'
  date_received: '2019-04-16'
- council_reference: 10 - 2019 - 40 - 1
  address: 612 Williams St, Broken Hill 2880 NSW
  description: Verandah attached to rear of dwelling
  info_url: http://datracker.brokenhill.nsw.gov.au/Application/ApplicationDetails/010.2019.00000040.001
  date_scraped: '2019-05-14'
  date_received: '2019-04-16'
- council_reference: 10 - 2019 - 41 - 1
  address: 628 Beryl St, Broken Hill 2880 NSW
  description: Freestanding carport at rear of property
  info_url: http://datracker.brokenhill.nsw.gov.au/Application/ApplicationDetails/010.2019.00000041.001
  date_scraped: '2019-05-14'
  date_received: '2019-04-16'
- council_reference: 10 - 2019 - 42 - 1
  address: 570 Cummins La, Broken Hill 2880 NSW
  description: Freestanding carport at rear of property
  info_url: http://datracker.brokenhill.nsw.gov.au/Application/ApplicationDetails/010.2019.00000042.001
  date_scraped: '2019-05-14'
  date_received: '2019-04-17'
- council_reference: 10 - 2019 - 43 - 1
  address: 181 Sulphide St, Broken Hill 2880 NSW
  description: Extension to existing dwelling, demolish of existing garage and constr
  info_url: http://datracker.brokenhill.nsw.gov.au/Application/ApplicationDetails/010.2019.00000043.001
  date_scraped: '2019-05-14'
  date_received: '2019-04-23'
- council_reference: 10 - 2019 - 44 - 1
  address: 63 Jamieson St, Broken Hill 2880 NSW
  description: Addition to existing dwelling to include a bedroom and bathroom
  info_url: http://datracker.brokenhill.nsw.gov.au/Application/ApplicationDetails/010.2019.00000044.001
  date_scraped: '2019-05-14'
  date_received: '2019-04-24'
- council_reference: 10 - 2019 - 45 - 1
  address: 137 Harvy St, Broken Hill 2880 NSW
  description: Freestanding garage at rear of property
  info_url: http://datracker.brokenhill.nsw.gov.au/Application/ApplicationDetails/010.2019.00000045.001
  date_scraped: '2019-05-14'
  date_received: '2019-04-26'
- council_reference: 10 - 2019 - 46 - 1
  address: 209 Pell St, Broken Hill 2880 NSW
  description: Extension to existing shed
  info_url: http://datracker.brokenhill.nsw.gov.au/Application/ApplicationDetails/010.2019.00000046.001
  date_scraped: '2019-05-14'
  date_received: '2019-04-29'
- council_reference: 10 - 2019 - 47 - 1
  address: Mining Lease, Broken Hill 2880 NSW
  description: Removal of existing chimney shelter and replacement with a new shelter
  info_url: http://datracker.brokenhill.nsw.gov.au/Application/ApplicationDetails/010.2019.00000047.001
  date_scraped: '2019-05-14'
  date_received: '2019-04-30'
- council_reference: 10 - 2019 - 48 - 1
  address: 110 Cummins La, Broken Hill 2880 NSW
  description: Shed at rear of property
  info_url: http://datracker.brokenhill.nsw.gov.au/Application/ApplicationDetails/010.2019.00000048.001
  date_scraped: '2019-05-14'
  date_received: '2019-05-03'
- council_reference: 10 - 2019 - 49 - 1
  address: 7 Tuart St, Broken Hill 2880 NSW
  description: Carport at side and verandah at rear of dwelling
  info_url: http://datracker.brokenhill.nsw.gov.au/Application/ApplicationDetails/010.2019.00000049.001
  date_scraped: '2019-05-14'
  date_received: '2019-05-07'
- council_reference: 10 - 2019 - 50 - 1
  address: 332 Knox St, Broken Hill 2880 NSW
  description: Carport at side and verandah to rear of dwelling
  info_url: http://datracker.brokenhill.nsw.gov.au/Application/ApplicationDetails/010.2019.00000050.001
  date_scraped: '2019-05-14'
  date_received: '2019-05-07'
- council_reference: 10 - 2019 - 51 - 1
  address: 54 Wyman St, Broken Hill 2880 NSW
  description: Addition being an enclosed outdoor deck attached to dwelling
  info_url: http://datracker.brokenhill.nsw.gov.au/Application/ApplicationDetails/010.2019.00000051.001
  date_scraped: '2019-05-14'
  date_received: '2019-05-08'
- council_reference: 10 - 2019 - 52 - 1
  address: 489 Blende St, Broken Hill 2880 NSW
  description: New Dwelling
  info_url: http://datracker.brokenhill.nsw.gov.au/Application/ApplicationDetails/010.2019.00000052.001
  date_scraped: '2019-05-14'
  date_received: '2019-05-10'
- council_reference: 10 - 2019 - 53 - 1
  address: 86 Wills St, Broken Hill 2880 NSW
  description: Inground Swimming Pool
  info_url: http://datracker.brokenhill.nsw.gov.au/Application/ApplicationDetails/010.2019.00000053.001
  date_scraped: '2019-05-14'
  date_received: '2019-05-10'
- council_reference: 10 - 2019 - 54 - 1
  address: 100 Williams St, Broken Hill 2880 NSW
  description: Freestanding carport at side, freestanding verandah at rear and attach
  info_url: http://datracker.brokenhill.nsw.gov.au/Application/ApplicationDetails/010.2019.00000054.001
  date_scraped: '2019-05-14'
  date_received: '2019-05-13'
- council_reference: 10 - 2019 - 55 - 1
  address: 165 Chapple St, Broken Hill 2880 NSW
  description: Garage and double carport at rear of property
  info_url: http://datracker.brokenhill.nsw.gov.au/Application/ApplicationDetails/010.2019.00000055.001
  date_scraped: '2019-05-14'
  date_received: '2019-05-14'
- council_reference: 18 - 2019 - 6 - 1
  address: 709 Williams St, Broken Hill 2880 NSW
  description: New Aboveground Swimming Pool
  info_url: http://datracker.brokenhill.nsw.gov.au/Application/ApplicationDetails/018.2019.00000006.001
  date_scraped: '2019-05-14'
  date_received: '2019-04-26'
- council_reference: 18 - 2019 - 7 - 1
  address: 405 Brown St, Broken Hill 2880 NSW
  description: Inground Swimming Pool
  info_url: http://datracker.brokenhill.nsw.gov.au/Application/ApplicationDetails/018.2019.00000007.001
  date_scraped: '2019-05-14'
  date_received: '2019-05-08'
- council_reference: 18 - 2019 - 8 - 1
  address: 10 Gypsum St, Broken Hill 2880 NSW
  description: Separate House
  info_url: http://datracker.brokenhill.nsw.gov.au/Application/ApplicationDetails/018.2019.00000008.001
  date_scraped: '2019-05-14'
  date_received: '2019-05-13'
