---
- info_url: https://da.bundaberg.qld.gov.au/modules/applicationmaster/default.aspx?page=wrapper&key=521.2019.00000107.001
  council_reference: 521.2019.00000107.001
  date_received: '2019-04-16'
  description: Boundary Realignment (2 lots into 2 lots)
  address: 8 Meadowvale RD, MEADOWVALE, QLD
  date_scraped: '2019-05-14'
- info_url: https://da.bundaberg.qld.gov.au/modules/applicationmaster/default.aspx?page=wrapper&key=521.2019.00000108.001
  council_reference: 521.2019.00000108.001
  date_received: '2019-04-30'
  description: Subdivision (1 lot into 32 lots)
  address: Causeway DR, BARGARA, QLD
  date_scraped: '2019-05-14'
- info_url: https://da.bundaberg.qld.gov.au/modules/applicationmaster/default.aspx?page=wrapper&key=521.2019.00000109.001
  council_reference: 521.2019.00000109.001
  date_received: '2019-05-13'
  description: Subdivision (One Lot into Three Lots plus Balance Lot)
  address: 15 Sergiacomi ST, GOOBURRUM, QLD
  date_scraped: '2019-05-14'
- info_url: https://da.bundaberg.qld.gov.au/modules/applicationmaster/default.aspx?page=wrapper&key=521.2019.00000110.001
  council_reference: 521.2019.00000110.001
  date_received: '2019-05-14'
  description: Subdivision (1 lot into 2 lots)
  address: 12 Parker ST, MILLBANK, QLD
  date_scraped: '2019-05-14'
- info_url: https://da.bundaberg.qld.gov.au/modules/applicationmaster/default.aspx?page=wrapper&key=522.2019.00000142.001
  council_reference: 522.2019.00000142.001
  date_received: '2019-04-18'
  description: Dual Occupancy
  address: 6 Mandi CT, KALKIE, QLD
  date_scraped: '2019-05-14'
- info_url: https://da.bundaberg.qld.gov.au/modules/applicationmaster/default.aspx?page=wrapper&key=522.2019.00000143.001
  council_reference: 522.2019.00000143.001
  date_received: '2019-04-26'
  description: Dual Occupancy
  address: 9 Breeze DR, BARGARA, QLD
  date_scraped: '2019-05-14'
- info_url: https://da.bundaberg.qld.gov.au/modules/applicationmaster/default.aspx?page=wrapper&key=522.2019.00000144.001
  council_reference: 522.2019.00000144.001
  date_received: '2019-05-02'
  description: Rural Industry (Packing Shed)
  address: Nicolsons RD, SHARON, QLD
  date_scraped: '2019-05-14'
- info_url: https://da.bundaberg.qld.gov.au/modules/applicationmaster/default.aspx?page=wrapper&key=522.2019.00000145.001
  council_reference: 522.2019.00000145.001
  date_received: '2019-05-07'
  description: Relocatable Home Park (163 sites) and Residential Care Facility
  address: River Springs DR, AVOCA, QLD
  date_scraped: '2019-05-14'
- info_url: https://da.bundaberg.qld.gov.au/modules/applicationmaster/default.aspx?page=wrapper&key=523.2019.00000110.001
  council_reference: 523.2019.00000110.001
  date_received: '2019-04-16'
  description: Bulk Earthworks (RFDS)
  address: Airport DR, KENSINGTON, QLD
  date_scraped: '2019-05-14'
- info_url: https://da.bundaberg.qld.gov.au/modules/applicationmaster/default.aspx?page=wrapper&key=523.2019.00000111.001
  council_reference: 523.2019.00000111.001
  date_received: '2019-05-14'
  description: Civil Work - Demolition of Existing Buildings & Construction
  address: 46 Targo ST, BUNDABERG CENTRAL, QLD
  date_scraped: '2019-05-14'
- info_url: https://da.bundaberg.qld.gov.au/modules/applicationmaster/default.aspx?page=wrapper&key=525.2019.00000014.001
  council_reference: 525.2019.00000014.001
  date_received: '2019-05-07'
  description: Rural Industry (Macadamia Processing Facility) & Boundary Realignment
  address: Wises RD, ALLOWAY, QLD
  date_scraped: '2019-05-14'
- info_url: https://da.bundaberg.qld.gov.au/modules/applicationmaster/default.aspx?page=wrapper&key=526.2019.00000118.001
  council_reference: 526.2019.00000118.001
  date_received: '2019-04-15'
  description: Minor Change (Edenbrook Stage 33 Lots into 32 Lots)
  address: 27 Eggmolesse ST, SVENSSON HEIGHTS, QLD
  date_scraped: '2019-05-14'
- info_url: https://da.bundaberg.qld.gov.au/modules/applicationmaster/default.aspx?page=wrapper&key=526.2019.00000119.001
  council_reference: 526.2019.00000119.001
  date_received: '2019-04-15'
  description: Minor - Reconfiguring a Lot for 29 Residential Lots
  address: Watchbell ST, INNES PARK, QLD
  date_scraped: '2019-05-14'
- info_url: https://da.bundaberg.qld.gov.au/modules/applicationmaster/default.aspx?page=wrapper&key=526.2019.00000120.001
  council_reference: 526.2019.00000120.001
  date_received: '2019-04-15'
  description: Minor Change - Aerospace Precinct
  address: Airport DR, KENSINGTON, QLD
  date_scraped: '2019-05-14'
- info_url: https://da.bundaberg.qld.gov.au/modules/applicationmaster/default.aspx?page=wrapper&key=526.2019.00000121.001
  council_reference: 526.2019.00000121.001
  date_received: '2019-04-17'
  description: Minor Change (Electrical Substation)
  address: 49 Cummins RD, BRANYAN, QLD
  date_scraped: '2019-05-14'
- info_url: https://da.bundaberg.qld.gov.au/modules/applicationmaster/default.aspx?page=wrapper&key=526.2019.00000122.001
  council_reference: 526.2019.00000122.001
  date_received: '2019-05-01'
  description: Minor Change (MCU - Car Wash)
  address: 115 Takalvan ST, AVOCA, QLD
  date_scraped: '2019-05-14'
- info_url: https://da.bundaberg.qld.gov.au/modules/applicationmaster/default.aspx?page=wrapper&key=526.2019.00000123.001
  council_reference: 526.2019.00000123.001
  date_received: '2019-05-13'
  description: Minor Change (MCU - Community Activity (Children's Indoor Recreation
  address: 59 Johanna BVD, KENSINGTON, QLD
  date_scraped: '2019-05-14'
- info_url: https://da.bundaberg.qld.gov.au/modules/applicationmaster/default.aspx?page=wrapper&key=526.2019.00000124.001
  council_reference: 526.2019.00000124.001
  date_received: '2019-05-13'
  description: Minor Change - Extractive Industry Use
  address: Lesters RD, MONDURAN, QLD
  date_scraped: '2019-05-14'
- info_url: https://da.bundaberg.qld.gov.au/modules/applicationmaster/default.aspx?page=wrapper&key=532.2019.00000567.001
  council_reference: 532.2019.00000567.001
  date_received: '2019-04-15'
  description: Amenity & Aesthetics and Design & Siting (Carport)
  address: 15 Dunn RD, AVENELL HEIGHTS, QLD
  date_scraped: '2019-05-14'
- info_url: https://da.bundaberg.qld.gov.au/modules/applicationmaster/default.aspx?page=wrapper&key=532.2019.00000568.001
  council_reference: 532.2019.00000568.001
  date_received: '2019-04-15'
  description: Amenity and Aesthetics (Removal of Dwelling)
  address: 142 Bargara RD, BUNDABERG EAST, QLD
  date_scraped: '2019-05-14'
- info_url: https://da.bundaberg.qld.gov.au/modules/applicationmaster/default.aspx?page=wrapper&key=532.2019.00000569.001
  council_reference: 532.2019.00000569.001
  date_received: '2019-04-17'
  description: Amenity & Aesthetics - Shed
  address: 65 Park Estate DR, BRANYAN, QLD
  date_scraped: '2019-05-14'
- info_url: https://da.bundaberg.qld.gov.au/modules/applicationmaster/default.aspx?page=wrapper&key=532.2019.00000570.001
  council_reference: 532.2019.00000570.001
  date_received: '2019-04-18'
  description: Design & Siting (Dwelling)
  address: 6 Coral Cove DR, CORAL COVE, QLD
  date_scraped: '2019-05-14'
- info_url: https://da.bundaberg.qld.gov.au/modules/applicationmaster/default.aspx?page=wrapper&key=532.2019.00000571.001
  council_reference: 532.2019.00000571.001
  date_received: '2019-04-17'
  description: Design & Siting
  address: 20 Lorikeet AVE, WOODGATE, QLD
  date_scraped: '2019-05-14'
- info_url: https://da.bundaberg.qld.gov.au/modules/applicationmaster/default.aspx?page=wrapper&key=532.2019.00000572.001
  council_reference: 532.2019.00000572.001
  date_received: '2019-04-18'
  description: Design & Siting and Amenity & Aesthetics (Class 10 Shed)
  address: 65 Gooburrum RD, GOOBURRUM, QLD
  date_scraped: '2019-05-14'
- info_url: https://da.bundaberg.qld.gov.au/modules/applicationmaster/default.aspx?page=wrapper&key=532.2019.00000573.001
  council_reference: 532.2019.00000573.001
  date_received: '2019-04-18'
  description: Amenity & Aesthetics and Design & Siting (Extension to Existing Shed)
  address: 15 Osprey DR, WOODGATE, QLD
  date_scraped: '2019-05-14'
- info_url: https://da.bundaberg.qld.gov.au/modules/applicationmaster/default.aspx?page=wrapper&key=532.2019.00000574.001
  council_reference: 532.2019.00000574.001
  date_received: '2019-04-23'
  description: Amenity & Aesthetics (Shed)
  address: 58 Croft ST, BARGARA, QLD
  date_scraped: '2019-05-14'
- info_url: https://da.bundaberg.qld.gov.au/modules/applicationmaster/default.aspx?page=wrapper&key=532.2019.00000575.001
  council_reference: 532.2019.00000575.001
  date_received: '2019-04-29'
  description: Amenity & Aesthetics (2 x Carports)
  address: 42 Hunter ST, BURNETT HEADS, QLD
  date_scraped: '2019-05-14'
- info_url: https://da.bundaberg.qld.gov.au/modules/applicationmaster/default.aspx?page=wrapper&key=532.2019.00000576.001
  council_reference: 532.2019.00000576.001
  date_received: '2019-04-26'
  description: Amenity and Aesthetics and Security Assessment (Relocate Dwelling)
  address: 67 Walkers RD, SOUTH BINGERA, QLD
  date_scraped: '2019-05-14'
- info_url: https://da.bundaberg.qld.gov.au/modules/applicationmaster/default.aspx?page=wrapper&key=532.2019.00000577.001
  council_reference: 532.2019.00000577.001
  date_received: '2019-04-29'
  description: Amenity & Aesthetics (Shed)
  address: 105 Lamb ST, WALKERVALE, QLD
  date_scraped: '2019-05-14'
- info_url: https://da.bundaberg.qld.gov.au/modules/applicationmaster/default.aspx?page=wrapper&key=532.2019.00000578.001
  council_reference: 532.2019.00000578.001
  date_received: '2019-04-30'
  description: Design & Siting & Amenity & Aesthetics (Shed)
  address: 15 Amaroo CRES, INNES PARK, QLD
  date_scraped: '2019-05-14'
- info_url: https://da.bundaberg.qld.gov.au/modules/applicationmaster/default.aspx?page=wrapper&key=532.2019.00000579.001
  council_reference: 532.2019.00000579.001
  date_received: '2019-05-02'
  description: Amenity & Aesthetics (Extension to Class 10 Shed)
  address: 578 Branyan DR, BRANYAN, QLD
  date_scraped: '2019-05-14'
- info_url: https://da.bundaberg.qld.gov.au/modules/applicationmaster/default.aspx?page=wrapper&key=532.2019.00000580.001
  council_reference: 532.2019.00000580.001
  date_received: '2019-05-02'
  description: Design & Siting (Shed)
  address: 725 Moore Park RD, WELCOME CREEK, QLD
  date_scraped: '2019-05-14'
- info_url: https://da.bundaberg.qld.gov.au/modules/applicationmaster/default.aspx?page=wrapper&key=532.2019.00000581.001
  council_reference: 532.2019.00000581.001
  date_received: '2019-05-02'
  description: Design & Siting (Dwelling)
  address: 10 Blue Sea CT, BARGARA, QLD
  date_scraped: '2019-05-14'
- info_url: https://da.bundaberg.qld.gov.au/modules/applicationmaster/default.aspx?page=wrapper&key=532.2019.00000582.001
  council_reference: 532.2019.00000582.001
  date_received: '2019-05-09'
  description: Design & Siting (Shed)
  address: Lovers WALK, WOONGARRA, QLD
  date_scraped: '2019-05-14'
