---
- council_reference: 10/2018/665/1
  address: 2 Stirling St, Abernethy 2325 NSW
  description: Single Storey Dwelling with Attached Garage
  info_url: http://datracker.cessnock.nsw.gov.au/Application/ApplicationDetails/010/2018/00000665/001
  date_scraped: '2019-05-14'
  date_received: '2019-05-07'
- council_reference: 10/2018/689/1
  address: 37 Aberdare St, Kurri Kurri 2327 NSW
  description: Single Storey Dwelling with Attached Garage
  info_url: http://datracker.cessnock.nsw.gov.au/Application/ApplicationDetails/010/2018/00000689/001
  date_scraped: '2019-05-14'
  date_received: '2019-05-09'
- council_reference: 10/2018/854/2
  address: 86 Barton St, Kurri Kurri 2327 NSW
  description: Section 4.55(1A) Modification to Change Length & Width of Shed
  info_url: http://datracker.cessnock.nsw.gov.au/Application/ApplicationDetails/010/2018/00000854/002
  date_scraped: '2019-05-14'
  date_received: '2019-05-08'
- council_reference: 10/2019/109/1
  address: 16 Aberdare St, Pelaw Main 2327 NSW
  description: Single Storey Dwelling and Detached Garage and Carport
  info_url: http://datracker.cessnock.nsw.gov.au/Application/ApplicationDetails/010/2019/00000109/001
  date_scraped: '2019-05-14'
  date_received: '2019-05-14'
- council_reference: 10/2019/118/1
  address: 1686 Broke Rd, Pokolbin 2320 NSW
  description: Construction of a farm building
  info_url: http://datracker.cessnock.nsw.gov.au/Application/ApplicationDetails/010/2019/00000118/001
  date_scraped: '2019-05-14'
  date_received: '2019-05-13'
- council_reference: 10/2019/167/1
  address: 60 Casuarina Dr, Pokolbin 2320 NSW
  description: Single Storey Dwelling with Attached Garage
  info_url: http://datracker.cessnock.nsw.gov.au/Application/ApplicationDetails/010/2019/00000167/001
  date_scraped: '2019-05-14'
  date_received: '2019-05-07'
- council_reference: 10/2019/214/1
  address: 29 Wethered Cr, North Rothbury 2335 NSW
  description: Inground Swimming Pool
  info_url: http://datracker.cessnock.nsw.gov.au/Application/ApplicationDetails/010/2019/00000214/001
  date_scraped: '2019-05-14'
  date_received: '2019-05-08'
- council_reference: 10/2019/217/1
  address: 6 Holdaway Cl, Millfield 2325 NSW
  description: Single Storey Dwelling
  info_url: http://datracker.cessnock.nsw.gov.au/Application/ApplicationDetails/010/2019/00000217/001
  date_scraped: '2019-05-14'
  date_received: '2019-05-13'
- council_reference: 10/2019/23/1
  address: 54 Greta St, Aberdare 2325 NSW
  description: Construct a New Dwelling to create a Detached Dual Occupancy & Relocation
    of Detached Garage
  info_url: http://datracker.cessnock.nsw.gov.au/Application/ApplicationDetails/010/2019/00000023/001
  date_scraped: '2019-05-14'
  date_received: '2019-05-13'
- council_reference: 10/2019/23/2
  address: 54 Greta St, Aberdare 2325 NSW
  description: Civil Work - Internal Access
  info_url: http://datracker.cessnock.nsw.gov.au/Application/ApplicationDetails/010/2019/00000023/002
  date_scraped: '2019-05-14'
  date_received: '2019-05-13'
- council_reference: 10/2019/233/1
  address: 21 William Tester Dr, Cliftleigh 2321 NSW
  description: Single Storey Dwelling with Attached Garage
  info_url: http://datracker.cessnock.nsw.gov.au/Application/ApplicationDetails/010/2019/00000233/001
  date_scraped: '2019-05-14'
  date_received: '2019-05-14'
- council_reference: 10/2019/240/1
  address: 33 Arrowfield St, Cliftleigh 2321 NSW
  description: Single Storey Dwelling with Attached Garage
  info_url: http://datracker.cessnock.nsw.gov.au/Application/ApplicationDetails/010/2019/00000240/001
  date_scraped: '2019-05-14'
  date_received: '2019-05-08'
- council_reference: 10/2019/242/1
  address: 5 Saxby Av, North Rothbury 2335 NSW
  description: Single Storey Dwelling with Attached Garage
  info_url: http://datracker.cessnock.nsw.gov.au/Application/ApplicationDetails/010/2019/00000242/001
  date_scraped: '2019-05-14'
  date_received: '2019-05-07'
- council_reference: 10/2019/258/1
  address: 19 Evans St, Greta 2334 NSW
  description: Inground Swimming Pool
  info_url: http://datracker.cessnock.nsw.gov.au/Application/ApplicationDetails/010/2019/00000258/001
  date_scraped: '2019-05-14'
  date_received: '2019-05-08'
- council_reference: 10/2019/263/1
  address: 31 Mulbring St, Ellalong 2325 NSW
  description: Single Storey Dwelling with Attached Garage
  info_url: http://datracker.cessnock.nsw.gov.au/Application/ApplicationDetails/010/2019/00000263/001
  date_scraped: '2019-05-14'
  date_received: '2019-05-09'
- council_reference: 10/2019/266/1
  address: 8 Burril St, Bellbird 2325 NSW
  description: Single Storey Dwelling
  info_url: http://datracker.cessnock.nsw.gov.au/Application/ApplicationDetails/010/2019/00000266/001
  date_scraped: '2019-05-14'
  date_received: '2019-05-10'
- council_reference: 10/2019/286/1
  address: 43 Rawson St, Aberdare 2325 NSW
  description: Dwelling Additions & Alterations, Carport & Detached Shed
  info_url: http://datracker.cessnock.nsw.gov.au/Application/ApplicationDetails/010/2019/00000286/001
  date_scraped: '2019-05-14'
  date_received: '2019-05-08'
- council_reference: 10/2019/292/1
  address: 18 Yates St, East Branxton 2335 NSW
  description: Single Storey Dwelling with Attached Garage
  info_url: http://datracker.cessnock.nsw.gov.au/Application/ApplicationDetails/010/2019/00000292/001
  date_scraped: '2019-05-14'
  date_received: '2019-05-08'
- council_reference: 10/2019/294/1
  address: 72 Kesterton Rise, North Rothbury 2335 NSW
  description: Retaining Wall
  info_url: http://datracker.cessnock.nsw.gov.au/Application/ApplicationDetails/010/2019/00000294/001
  date_scraped: '2019-05-14'
  date_received: '2019-05-08'
- council_reference: 10/2019/297/1
  address: 12 Glen Ayr Av, Cliftleigh 2321 NSW
  description: Single Storey Dwelling & Associated Retaining Walls
  info_url: http://datracker.cessnock.nsw.gov.au/Application/ApplicationDetails/010/2019/00000297/001
  date_scraped: '2019-05-14'
  date_received: '2019-05-08'
- council_reference: 10/2019/302/1
  address: 129 Mitchell Av, Kurri Kurri 2327 NSW
  description: State Significant Development - SSD 7396 | Weston Aluminium Waste Management
    Processing Facility Thermal Treatment
  info_url: http://datracker.cessnock.nsw.gov.au/Application/ApplicationDetails/010/2019/00000302/001
  date_scraped: '2019-05-14'
  date_received: '2019-05-09'
- council_reference: 10/2019/309/1
  address: 6 Cooly Av, Kitchener 2325 NSW
  description: Shed
  info_url: http://datracker.cessnock.nsw.gov.au/Application/ApplicationDetails/010/2019/00000309/001
  date_scraped: '2019-05-14'
  date_received: '2019-05-14'
- council_reference: 10/2019/46/1
  address: 5 Narone Lane, Wollombi 2325 NSW
  description: Dwelling Additions
  info_url: http://datracker.cessnock.nsw.gov.au/Application/ApplicationDetails/010/2019/00000046/001
  date_scraped: '2019-05-14'
  date_received: '2019-05-09'
- council_reference: 12/2015/117/2
  address: 4 Lewis St, Greta 2334 NSW
  description: Garage
  info_url: http://datracker.cessnock.nsw.gov.au/Application/ApplicationDetails/012/2015/00000117/002
  date_scraped: '2019-05-14'
  date_received: '2019-05-14'
- council_reference: 12/2017/249/2
  address: 105 Macquarie Av, Cessnock 2325 NSW
  description: Shed
  info_url: http://datracker.cessnock.nsw.gov.au/Application/ApplicationDetails/012/2017/00000249/002
  date_scraped: '2019-05-14'
  date_received: '2019-05-09'
- council_reference: 12/2017/321/2
  address: 27 Stanford St, Kitchener 2325 NSW
  description: Single Storey Dwelling With Attached Garage
  info_url: http://datracker.cessnock.nsw.gov.au/Application/ApplicationDetails/012/2017/00000321/002
  date_scraped: '2019-05-14'
  date_received: '2019-05-07'
- council_reference: 12/2017/445/1
  address: 40 Stanford St, Kitchener 2325 NSW
  description: Single Storey Dwelling with Attached Garage
  info_url: http://datracker.cessnock.nsw.gov.au/Application/ApplicationDetails/012/2017/00000445/001
  date_scraped: '2019-05-14'
  date_received: '2019-05-14'
- council_reference: 12/2017/709/1
  address: 23 Concord Cct, Cliftleigh 2321 NSW
  description: Single Storey Dwelling with Attached Garage & Associated Retaining
    Wall
  info_url: http://datracker.cessnock.nsw.gov.au/Application/ApplicationDetails/012/2017/00000709/001
  date_scraped: '2019-05-14'
  date_received: '2019-05-13'
- council_reference: 12/2017/739/2
  address: 1 Wicks Ent, North Rothbury 2335 NSW
  description: Two (2) Storey Dwelling Attached Garage & Associated Retaining Walls
  info_url: http://datracker.cessnock.nsw.gov.au/Application/ApplicationDetails/012/2017/00000739/002
  date_scraped: '2019-05-14'
  date_received: '2019-05-07'
- council_reference: 12/2018/110/1
  address: 10 Judge Rd, North Rothbury 2335 NSW
  description: Dwelling - New Brick Veneer
  info_url: http://datracker.cessnock.nsw.gov.au/Application/ApplicationDetails/012/2018/00000110/001
  date_scraped: '2019-05-14'
  date_received: '2019-05-06'
- council_reference: 12/2018/150/3
  address: 14 Turnberry Av, Cessnock 2325 NSW
  description: Dwelling - New Brick Veneer
  info_url: http://datracker.cessnock.nsw.gov.au/Application/ApplicationDetails/012/2018/00000150/003
  date_scraped: '2019-05-14'
  date_received: '2019-05-13'
- council_reference: 12/2018/181/1
  address: 27 Tooze Cct, North Rothbury 2335 NSW
  description: Dwelling - New Brick Veneer and Secondary Dwelling (granny flat) and
    Dwelling - New Brick Veneer Secondary Dwelling (granny flat) Retaining Wall -
    Fence
  info_url: http://datracker.cessnock.nsw.gov.au/Application/ApplicationDetails/012/2018/00000181/001
  date_scraped: '2019-05-14'
  date_received: '2019-05-13'
- council_reference: 12/2018/184/1
  address: 29 Popham St, Greta 2334 NSW
  description: Dwelling - New Brick Veneer
  info_url: http://datracker.cessnock.nsw.gov.au/Application/ApplicationDetails/012/2018/00000184/001
  date_scraped: '2019-05-14'
  date_received: '2019-05-14'
- council_reference: 12/2018/189/3
  address: 18 Dianella Cr, Paxton 2325 NSW
  description: Dwelling
  info_url: http://datracker.cessnock.nsw.gov.au/Application/ApplicationDetails/012/2018/00000189/003
  date_scraped: '2019-05-14'
  date_received: '2019-05-06'
- council_reference: 12/2018/193/2
  address: 5 Dianella Cr, Paxton 2325 NSW
  description: Dwelling - New Brick Veneer
  info_url: http://datracker.cessnock.nsw.gov.au/Application/ApplicationDetails/012/2018/00000193/002
  date_scraped: '2019-05-14'
  date_received: '2019-05-06'
- council_reference: 12/2018/195/1
  address: 4 Nairn Av, Heddon Greta 2321 NSW
  description: Dwelling with Attached Garage & Associated Retaining Walls
  info_url: http://datracker.cessnock.nsw.gov.au/Application/ApplicationDetails/012/2018/00000195/001
  date_scraped: '2019-05-14'
  date_received: '2019-05-06'
- council_reference: 12/2018/204/1
  address: 23 Wethered Cr, North Rothbury 2335 NSW
  description: Dwelling - New Brick Veneer
  info_url: http://datracker.cessnock.nsw.gov.au/Application/ApplicationDetails/012/2018/00000204/001
  date_scraped: '2019-05-14'
  date_received: '2019-05-06'
- council_reference: 12/2018/216/1
  address: 1 Rosella Cl, Weston 2326 NSW
  description: Dwelling - New Brick Veneer
  info_url: http://datracker.cessnock.nsw.gov.au/Application/ApplicationDetails/012/2018/00000216/001
  date_scraped: '2019-05-14'
  date_received: '2019-05-10'
- council_reference: 12/2018/319/1
  address: 1/41 Olivia Pl, North Rothbury 2335 NSW
  description: Retaining Walls
  info_url: http://datracker.cessnock.nsw.gov.au/Application/ApplicationDetails/012/2018/00000319/001
  date_scraped: '2019-05-14'
  date_received: '2019-05-13'
- council_reference: 12/2018/360/1
  address: 89 Elvin Cct, Millfield 2325 NSW
  description: Shed
  info_url: http://datracker.cessnock.nsw.gov.au/Application/ApplicationDetails/012/2018/00000360/001
  date_scraped: '2019-05-14'
  date_received: '2019-05-06'
- council_reference: 12/2018/388/1
  address: 1/41 Olivia Pl, North Rothbury 2335 NSW
  description: Single Storey Dwelling, Attached Secondary Dwelling and Attached Garages
  info_url: http://datracker.cessnock.nsw.gov.au/Application/ApplicationDetails/012/2018/00000388/001
  date_scraped: '2019-05-14'
  date_received: '2019-05-14'
- council_reference: 12/2018/445/1
  address: 49 Popham St, Greta 2334 NSW
  description: Single Storey Dwelling with Attached Garage
  info_url: http://datracker.cessnock.nsw.gov.au/Application/ApplicationDetails/012/2018/00000445/001
  date_scraped: '2019-05-14'
  date_received: '2019-05-13'
- council_reference: 12/2018/469/1
  address: 3A Branxton St, Nulkaba 2325 NSW
  description: Single Storey Dwelling with Attached Garage
  info_url: http://datracker.cessnock.nsw.gov.au/Application/ApplicationDetails/012/2018/00000469/001
  date_scraped: '2019-05-14'
  date_received: '2019-05-13'
- council_reference: 12/2018/513/1
  address: 61 Sale St, Greta 2334 NSW
  description: Single Storey Dwelling with Attached Garage
  info_url: http://datracker.cessnock.nsw.gov.au/Application/ApplicationDetails/012/2018/00000513/001
  date_scraped: '2019-05-14'
  date_received: '2019-05-06'
- council_reference: 12/2018/515/1
  address: 45 Tooze Cct, North Rothbury 2335 NSW
  description: Single Storey Dwelling with Attached Garage
  info_url: http://datracker.cessnock.nsw.gov.au/Application/ApplicationDetails/012/2018/00000515/001
  date_scraped: '2019-05-14'
  date_received: '2019-05-14'
- council_reference: 12/2018/546/1
  address: 1/7 Glen Ayr Av, Cliftleigh 2321 NSW
  description: Attached Principal and Secondary Dwellings
  info_url: http://datracker.cessnock.nsw.gov.au/Application/ApplicationDetails/012/2018/00000546/001
  date_scraped: '2019-05-14'
  date_received: '2019-05-07'
- council_reference: 12/2018/580/1
  address: 12 Shalistan St, Cliftleigh 2321 NSW
  description: Single Storey Dwelling with Attached Garage
  info_url: http://datracker.cessnock.nsw.gov.au/Application/ApplicationDetails/012/2018/00000580/001
  date_scraped: '2019-05-14'
  date_received: '2019-05-07'
- council_reference: 12/2018/581/1
  address: 15 Glen Ayr Av, Cliftleigh 2321 NSW
  description: Attached Principal and Secondary Dwellings
  info_url: http://datracker.cessnock.nsw.gov.au/Application/ApplicationDetails/012/2018/00000581/001
  date_scraped: '2019-05-14'
  date_received: '2019-05-07'
- council_reference: 12/2018/799/1
  address: 7 Malian St, Cliftleigh 2321 NSW
  description: Single Storey Dwelling with Attached Garage
  info_url: http://datracker.cessnock.nsw.gov.au/Application/ApplicationDetails/012/2018/00000799/001
  date_scraped: '2019-05-14'
  date_received: '2019-05-07'
- council_reference: 12/2018/801/1
  address: 33 Moorebank Rd, Cliftleigh 2321 NSW
  description: Single Storey Dwelling with Attached Garage
  info_url: http://datracker.cessnock.nsw.gov.au/Application/ApplicationDetails/012/2018/00000801/001
  date_scraped: '2019-05-14'
  date_received: '2019-05-07'
- council_reference: 12/2018/910/1
  address: 25 Mcfarlane St, Cessnock 2325 NSW
  description: Garage
  info_url: http://datracker.cessnock.nsw.gov.au/Application/ApplicationDetails/012/2018/00000910/001
  date_scraped: '2019-05-14'
  date_received: '2019-05-08'
- council_reference: 12/2018/97/1
  address: 56 Wallsend St, Stanford Merthyr 2327 NSW
  description: Garage
  info_url: http://datracker.cessnock.nsw.gov.au/Application/ApplicationDetails/012/2018/00000097/001
  date_scraped: '2019-05-14'
  date_received: '2019-05-06'
- council_reference: 12/2019/111/1
  address: 30 Mackellar St, Cessnock 2325 NSW
  description: Garaport
  info_url: http://datracker.cessnock.nsw.gov.au/Application/ApplicationDetails/012/2019/00000111/001
  date_scraped: '2019-05-14'
  date_received: '2019-05-06'
- council_reference: 15/2019/24/1
  address: 217 Lake Rd, Elrington 2325 NSW
  description: Additional System (Existing to Continue to Operate)
  info_url: http://datracker.cessnock.nsw.gov.au/Application/ApplicationDetails/015/2019/00000024/001
  date_scraped: '2019-05-14'
  date_received: '2019-05-08'
- council_reference: 15/2019/25/1
  address: 201 Whitings Lane, Quorrobolong 2325 NSW
  description: Single Storey Dwelling
  info_url: http://datracker.cessnock.nsw.gov.au/Application/ApplicationDetails/015/2019/00000025/001
  date_scraped: '2019-05-14'
  date_received: '2019-05-06'
- council_reference: 15/2019/26/1
  address: 34 Mansfield St, Greta 2334 NSW
  description: Replace Existing System
  info_url: http://datracker.cessnock.nsw.gov.au/Application/ApplicationDetails/015/2019/00000026/001
  date_scraped: '2019-05-14'
  date_received: '2019-05-08'
- council_reference: 15/2019/27/1
  address: 1693 Broke Rd, Pokolbin 2320 NSW
  description: Tourist Accommodation
  info_url: http://datracker.cessnock.nsw.gov.au/Application/ApplicationDetails/015/2019/00000027/001
  date_scraped: '2019-05-14'
  date_received: '2019-05-13'
- council_reference: 44/2019/200/1
  address: 76 Stanford St, Kitchener 2325 NSW
  description: S138 Driveway/Public Road
  info_url: http://datracker.cessnock.nsw.gov.au/Application/ApplicationDetails/044/2019/00000200/001
  date_scraped: '2019-05-14'
  date_received: '2019-05-06'
- council_reference: 44/2019/201/1
  address: 16 Turnberry Av, Cessnock 2325 NSW
  description: S138 Driveway/Public Road
  info_url: http://datracker.cessnock.nsw.gov.au/Application/ApplicationDetails/044/2019/00000201/001
  date_scraped: '2019-05-14'
  date_received: '2019-05-06'
- council_reference: 44/2019/202/1
  address: Paynes Crossing Rd, Wollombi 2325 NSW
  description: S138 Driveway/Public Road
  info_url: http://datracker.cessnock.nsw.gov.au/Application/ApplicationDetails/044/2019/00000202/001
  date_scraped: '2019-05-14'
  date_received: '2019-05-06'
- council_reference: 44/2019/203/1
  address: 5 Grevillea St, Cliftleigh 2321 NSW
  description: S138 Driveway/Public Road
  info_url: http://datracker.cessnock.nsw.gov.au/Application/ApplicationDetails/044/2019/00000203/001
  date_scraped: '2019-05-14'
  date_received: '2019-05-06'
- council_reference: 44/2019/204/1
  address: 25 Popham St, Greta 2334 NSW
  description: S138 Driveway/Public Road
  info_url: http://datracker.cessnock.nsw.gov.au/Application/ApplicationDetails/044/2019/00000204/001
  date_scraped: '2019-05-14'
  date_received: '2019-05-07'
- council_reference: 44/2019/205/1
  address: 11 Tatler St, Cliftleigh 2321 NSW
  description: S138 Driveway/Public Road
  info_url: http://datracker.cessnock.nsw.gov.au/Application/ApplicationDetails/044/2019/00000205/001
  date_scraped: '2019-05-14'
  date_received: '2019-05-07'
- council_reference: 44/2019/206/1
  address: 7 Grevillea St, Cliftleigh 2321 NSW
  description: S138 Driveway/Public Road
  info_url: http://datracker.cessnock.nsw.gov.au/Application/ApplicationDetails/044/2019/00000206/001
  date_scraped: '2019-05-14'
  date_received: '2019-05-08'
- council_reference: 44/2019/207/1
  address: 45 Popham St, Greta 2334 NSW
  description: S138 Driveway/Public Road
  info_url: http://datracker.cessnock.nsw.gov.au/Application/ApplicationDetails/044/2019/00000207/001
  date_scraped: '2019-05-14'
  date_received: '2019-05-08'
- council_reference: 44/2019/208/1
  address: 24 Garven St, Cliftleigh 2321 NSW
  description: S138 Driveway/Public Road
  info_url: http://datracker.cessnock.nsw.gov.au/Application/ApplicationDetails/044/2019/00000208/001
  date_scraped: '2019-05-14'
  date_received: '2019-05-09'
- council_reference: 44/2019/209/1
  address: 7 St Andrews Cl, Heddon Greta 2321 NSW
  description: S138 Driveway/Public Road
  info_url: http://datracker.cessnock.nsw.gov.au/Application/ApplicationDetails/044/2019/00000209/001
  date_scraped: '2019-05-14'
  date_received: '2019-05-09'
- council_reference: 44/2019/210/1
  address: 91 Casuarina Dr, Pokolbin 2320 NSW
  description: S138 Driveway/Public Road
  info_url: http://datracker.cessnock.nsw.gov.au/Application/ApplicationDetails/044/2019/00000210/001
  date_scraped: '2019-05-14'
  date_received: '2019-05-09'
- council_reference: 44/2019/211/1
  address: 33 Harkin Rd, North Rothbury 2335 NSW
  description: S138 Driveway/Public Road
  info_url: http://datracker.cessnock.nsw.gov.au/Application/ApplicationDetails/044/2019/00000211/001
  date_scraped: '2019-05-14'
  date_received: '2019-05-09'
- council_reference: 44/2019/212/1
  address: 43 Rawson St, Aberdare 2325 NSW
  description: S138 Driveway/Public Road
  info_url: http://datracker.cessnock.nsw.gov.au/Application/ApplicationDetails/044/2019/00000212/001
  date_scraped: '2019-05-14'
  date_received: '2019-05-09'
- council_reference: 44/2019/213/1
  address: 18 Yates St, East Branxton 2335 NSW
  description: S138 Driveway/Public Road
  info_url: http://datracker.cessnock.nsw.gov.au/Application/ApplicationDetails/044/2019/00000213/001
  date_scraped: '2019-05-14'
  date_received: '2019-05-09'
- council_reference: 44/2019/214/1
  address: 122 Washery Rd, North Rothbury 2335 NSW
  description: S138 Driveway/Public Road
  info_url: http://datracker.cessnock.nsw.gov.au/Application/ApplicationDetails/044/2019/00000214/001
  date_scraped: '2019-05-14'
  date_received: '2019-05-09'
- council_reference: 44/2019/215/1
  address: 30 Grevillea St, Cliftleigh 2321 NSW
  description: S138 Driveway/Public Road
  info_url: http://datracker.cessnock.nsw.gov.au/Application/ApplicationDetails/044/2019/00000215/001
  date_scraped: '2019-05-14'
  date_received: '2019-05-09'
- council_reference: 44/2019/216/1
  address: 64 Ridgeview Dr, Cliftleigh 2321 NSW
  description: S138 Driveway/Public Road
  info_url: http://datracker.cessnock.nsw.gov.au/Application/ApplicationDetails/044/2019/00000216/001
  date_scraped: '2019-05-14'
  date_received: '2019-05-09'
- council_reference: 44/2019/217/1
  address: 72 Ridgeview Dr, Cliftleigh 2321 NSW
  description: S138 Driveway/Public Road
  info_url: http://datracker.cessnock.nsw.gov.au/Application/ApplicationDetails/044/2019/00000217/001
  date_scraped: '2019-05-14'
  date_received: '2019-05-10'
- council_reference: 44/2019/218/1
  address: 12 Glen Ayr Av, Cliftleigh 2321 NSW
  description: S138 Driveway/Public Road
  info_url: http://datracker.cessnock.nsw.gov.au/Application/ApplicationDetails/044/2019/00000218/001
  date_scraped: '2019-05-14'
  date_received: '2019-05-10'
- council_reference: 44/2019/219/1
  address: 41A Branxton St, Greta 2334 NSW
  description: S138 Driveway/Public Road
  info_url: http://datracker.cessnock.nsw.gov.au/Application/ApplicationDetails/044/2019/00000219/001
  date_scraped: '2019-05-14'
  date_received: '2019-05-10'
- council_reference: 44/2019/220/1
  address: 13 Haverty Av, North Rothbury 2335 NSW
  description: S138 Driveway/Public Road
  info_url: http://datracker.cessnock.nsw.gov.au/Application/ApplicationDetails/044/2019/00000220/001
  date_scraped: '2019-05-14'
  date_received: '2019-05-14'
- council_reference: 44/2019/221/1
  address: 68 O'connors Rd, Nulkaba 2325 NSW
  description: S138 Driveway/Public Road
  info_url: http://datracker.cessnock.nsw.gov.au/Application/ApplicationDetails/044/2019/00000221/001
  date_scraped: '2019-05-14'
  date_received: '2019-05-14'
- council_reference: 44/2019/222/1
  address: 100 Talleyrand Cct, Greta 2334 NSW
  description: S138 Driveway/Public Road
  info_url: http://datracker.cessnock.nsw.gov.au/Application/ApplicationDetails/044/2019/00000222/001
  date_scraped: '2019-05-14'
  date_received: '2019-05-14'
- council_reference: 44/2019/223/1
  address: 8 Grevillea St, Cliftleigh 2321 NSW
  description: S138 Driveway/Public Road
  info_url: http://datracker.cessnock.nsw.gov.au/Application/ApplicationDetails/044/2019/00000223/001
  date_scraped: '2019-05-14'
  date_received: '2019-05-14'
- council_reference: 44/2019/224/1
  address: 44 Stanford St, Kitchener 2325 NSW
  description: S138 Driveway/Public Road
  info_url: http://datracker.cessnock.nsw.gov.au/Application/ApplicationDetails/044/2019/00000224/001
  date_scraped: '2019-05-14'
  date_received: '2019-05-14'
- council_reference: 48/2019/13/1
  address: 138 O'connors Rd, Nulkaba 2325 NSW
  description: Road Restoration
  info_url: http://datracker.cessnock.nsw.gov.au/Application/ApplicationDetails/048/2019/00000013/001
  date_scraped: '2019-05-14'
  date_received: '2019-05-08'
- council_reference: 48/2019/14/1
  address: 65 Abernethy St, Kitchener 2325 NSW
  description: Road Restoration
  info_url: http://datracker.cessnock.nsw.gov.au/Application/ApplicationDetails/048/2019/00000014/001
  date_scraped: '2019-05-14'
  date_received: '2019-05-13'
- council_reference: 8/2018/854/2
  address: 86 Barton St, Kurri Kurri 2327 NSW
  description: Amend the width and length of Garage
  info_url: http://datracker.cessnock.nsw.gov.au/Application/ApplicationDetails/008/2018/00000854/002
  date_scraped: '2019-05-14'
  date_received: '2019-05-08'
- council_reference: 8/2018/929/2
  address: 430 Wine Country Dr, Lovedale 2325 NSW
  description: Section 4.55(1A) Modification to Consent 8/2018/929/1 Which Granted
    Consent for the Enclosure of a Terrace, Application Seeks Alterations to Roof
    Over Terrace
  info_url: http://datracker.cessnock.nsw.gov.au/Application/ApplicationDetails/008/2018/00000929/002
  date_scraped: '2019-05-14'
  date_received: '2019-05-08'
- council_reference: 8/2019/283/1
  address: 10 Casuarina Dr, Pokolbin 2320 NSW
  description: Swimming Pool
  info_url: http://datracker.cessnock.nsw.gov.au/Application/ApplicationDetails/008/2019/00000283/001
  date_scraped: '2019-05-14'
  date_received: '2019-05-06'
- council_reference: 8/2019/285/1
  address: 7 Haverty Av, North Rothbury 2335 NSW
  description: Inground Swimmig Pool
  info_url: http://datracker.cessnock.nsw.gov.au/Application/ApplicationDetails/008/2019/00000285/001
  date_scraped: '2019-05-14'
  date_received: '2019-05-06'
- council_reference: 8/2019/286/1
  address: 43 Rawson St, Aberdare 2325 NSW
  description: Dwelling Additions & Alterations, Carport & Detached Shed
  info_url: http://datracker.cessnock.nsw.gov.au/Application/ApplicationDetails/008/2019/00000286/001
  date_scraped: '2019-05-14'
  date_received: '2019-05-08'
- council_reference: 8/2019/287/1
  address: 74 Casuarina Dr, Pokolbin 2320 NSW
  description: Swimming Pool
  info_url: http://datracker.cessnock.nsw.gov.au/Application/ApplicationDetails/008/2019/00000287/001
  date_scraped: '2019-05-14'
  date_received: '2019-05-08'
- council_reference: 8/2019/288/1
  address: 176 Rawson St, Kurri Kurri 2327 NSW
  description: Single Storey Dwelling with Attached Garage
  info_url: http://datracker.cessnock.nsw.gov.au/Application/ApplicationDetails/008/2019/00000288/001
  date_scraped: '2019-05-14'
  date_received: '2019-05-06'
- council_reference: 8/2019/289/1
  address: 49 Armidale St, Abermain 2326 NSW
  description: Inground Swimming pool
  info_url: http://datracker.cessnock.nsw.gov.au/Application/ApplicationDetails/008/2019/00000289/001
  date_scraped: '2019-05-14'
  date_received: '2019-05-06'
- council_reference: 8/2019/290/1
  address: 81 William Tester Dr, Cliftleigh 2321 NSW
  description: Single Storey Dwelling
  info_url: http://datracker.cessnock.nsw.gov.au/Application/ApplicationDetails/008/2019/00000290/001
  date_scraped: '2019-05-14'
  date_received: '2019-05-08'
- council_reference: 8/2019/291/1
  address: 5 Grevillea St, Cliftleigh 2321 NSW
  description: Single Storey Dwelling with Attached Garage
  info_url: http://datracker.cessnock.nsw.gov.au/Application/ApplicationDetails/008/2019/00000291/001
  date_scraped: '2019-05-14'
  date_received: '2019-05-06'
- council_reference: 8/2019/292/1
  address: 18 Yates St, East Branxton 2335 NSW
  description: Single Storey Dwelling with Attached Garage
  info_url: http://datracker.cessnock.nsw.gov.au/Application/ApplicationDetails/008/2019/00000292/001
  date_scraped: '2019-05-14'
  date_received: '2019-05-08'
- council_reference: 8/2019/293/1
  address: 7 Jolley Rd, North Rothbury 2335 NSW
  description: Single Storey Dwelling with Attached Garage
  info_url: http://datracker.cessnock.nsw.gov.au/Application/ApplicationDetails/008/2019/00000293/001
  date_scraped: '2019-05-14'
  date_received: '2019-05-08'
- council_reference: 8/2019/294/1
  address: 72 Kesterton Rise, North Rothbury 2335 NSW
  description: Retaining Wall
  info_url: http://datracker.cessnock.nsw.gov.au/Application/ApplicationDetails/008/2019/00000294/001
  date_scraped: '2019-05-14'
  date_received: '2019-05-08'
- council_reference: 8/2019/295/1
  address: 7 Grevillea St, Cliftleigh 2321 NSW
  description: Single Storey Dwelling
  info_url: http://datracker.cessnock.nsw.gov.au/Application/ApplicationDetails/008/2019/00000295/001
  date_scraped: '2019-05-14'
  date_received: '2019-05-08'
- council_reference: 8/2019/296/1
  address: 20 Grevillea St, Cliftleigh 2321 NSW
  description: Single Storey Dwelling
  info_url: http://datracker.cessnock.nsw.gov.au/Application/ApplicationDetails/008/2019/00000296/001
  date_scraped: '2019-05-14'
  date_received: '2019-05-08'
- council_reference: 8/2019/297/1
  address: 12 Glen Ayr Av, Cliftleigh 2321 NSW
  description: Single Storey Dwelling & Associated Retaining Walls
  info_url: http://datracker.cessnock.nsw.gov.au/Application/ApplicationDetails/008/2019/00000297/001
  date_scraped: '2019-05-14'
  date_received: '2019-05-08'
- council_reference: 8/2019/298/1
  address: 50A Bowen St, Branxton 2335 NSW
  description: Proposed Dual Occuancy
  info_url: http://datracker.cessnock.nsw.gov.au/Application/ApplicationDetails/008/2019/00000298/001
  date_scraped: '2019-05-14'
  date_received: '2019-05-08'
- council_reference: 8/2019/299/1
  address: 44 Stanford St, Kitchener 2325 NSW
  description: Single Storey Dwelling with Attached Garage
  info_url: http://datracker.cessnock.nsw.gov.au/Application/ApplicationDetails/008/2019/00000299/001
  date_scraped: '2019-05-14'
  date_received: '2019-05-10'
- council_reference: 8/2019/300/1
  address: 182 Gills Lane, Brunkerville 2323 NSW
  description: Swimming Pool and Deck
  info_url: http://datracker.cessnock.nsw.gov.au/Application/ApplicationDetails/008/2019/00000300/001
  date_scraped: '2019-05-14'
  date_received: '2019-05-09'
- council_reference: 8/2019/302/1
  address: 129 Mitchell Av, Kurri Kurri 2327 NSW
  description: State Significant Development - SSD 7396 | Weston Aluminium Waste Management
    Processing Facility Thermal Treatment
  info_url: http://datracker.cessnock.nsw.gov.au/Application/ApplicationDetails/008/2019/00000302/001
  date_scraped: '2019-05-14'
  date_received: '2019-05-09'
- council_reference: 8/2019/303/1
  address: 41A Branxton St, Greta 2334 NSW
  description: New Single Storey Dwelling and Attached Garage
  info_url: http://datracker.cessnock.nsw.gov.au/Application/ApplicationDetails/008/2019/00000303/001
  date_scraped: '2019-05-14'
  date_received: '2019-05-10'
- council_reference: 8/2019/305/1
  address: 3 Oak St, Cliftleigh 2321 NSW
  description: Single Storey Dwelling with Attached Garage & Associated Retaining
    Walls
  info_url: http://datracker.cessnock.nsw.gov.au/Application/ApplicationDetails/008/2019/00000305/001
  date_scraped: '2019-05-14'
  date_received: '2019-05-13'
- council_reference: 8/2019/309/1
  address: 6 Cooly Av, Kitchener 2325 NSW
  description: Shed
  info_url: http://datracker.cessnock.nsw.gov.au/Application/ApplicationDetails/008/2019/00000309/001
  date_scraped: '2019-05-14'
  date_received: '2019-05-14'
- council_reference: 8/2019/310/1
  address: 63 Yallambie Rd, Laguna 2325 NSW
  description: Subdivision of One (1) Lot Into Two (2) Lots
  info_url: http://datracker.cessnock.nsw.gov.au/Application/ApplicationDetails/008/2019/00000310/001
  date_scraped: '2019-05-14'
  date_received: '2019-05-14'
- council_reference: 9/2019/144/1
  address: 1 Hutton St, Cessnock 2325 NSW
  description: Drainage Works
  info_url: http://datracker.cessnock.nsw.gov.au/Application/ApplicationDetails/009/2019/00000144/001
  date_scraped: '2019-05-14'
  date_received: '2019-05-06'
- council_reference: 9/2019/150/1
  address: 1 Keene St, Cessnock 2325 NSW
  description: Commerical Premises
  info_url: http://datracker.cessnock.nsw.gov.au/Application/ApplicationDetails/009/2019/00000150/001
  date_scraped: '2019-05-14'
  date_received: '2019-05-08'
- council_reference: 9/2019/152/1
  address: 98 Maitland Rd, Mulbring 2323 NSW
  description: Swimming Pool - Inground
  info_url: http://datracker.cessnock.nsw.gov.au/Application/ApplicationDetails/009/2019/00000152/001
  date_scraped: '2019-05-14'
  date_received: '2019-05-04'
- council_reference: 9/2019/157/1
  address: 56 Northcote St, Kurri Kurri 2327 NSW
  description: Pergola
  info_url: http://datracker.cessnock.nsw.gov.au/Application/ApplicationDetails/009/2019/00000157/001
  date_scraped: '2019-05-14'
  date_received: '2019-05-10'
- council_reference: 9/2019/158/1
  address: 3 Grevillea St, Cliftleigh 2321 NSW
  description: Dwelling - New Brick Veneer
  info_url: http://datracker.cessnock.nsw.gov.au/Application/ApplicationDetails/009/2019/00000158/001
  date_scraped: '2019-05-14'
  date_received: '2019-05-14'
- council_reference: 9/2019/159/1
  address: 17 Busby St, Cliftleigh 2321 NSW
  description: Swimming Pool - Inground
  info_url: http://datracker.cessnock.nsw.gov.au/Application/ApplicationDetails/009/2019/00000159/001
  date_scraped: '2019-05-14'
  date_received: '2019-05-08'
- council_reference: 9/2019/160/1
  address: 4 Margan St, Cliftleigh 2321 NSW
  description: Dwelling - New Brick Veneer
  info_url: http://datracker.cessnock.nsw.gov.au/Application/ApplicationDetails/009/2019/00000160/001
  date_scraped: '2019-05-14'
  date_received: '2019-05-09'
- council_reference: 9/2019/161/1
  address: 36 Arrowfield St, Cliftleigh 2321 NSW
  description: Dwelling - New Brick Veneer
  info_url: http://datracker.cessnock.nsw.gov.au/Application/ApplicationDetails/009/2019/00000161/001
  date_scraped: '2019-05-14'
  date_received: '2019-05-09'
- council_reference: 9/2019/162/1
  address: 23 Grevillea St, Cliftleigh 2321 NSW
  description: Dwelling - New Brick Veneer
  info_url: http://datracker.cessnock.nsw.gov.au/Application/ApplicationDetails/009/2019/00000162/001
  date_scraped: '2019-05-14'
  date_received: '2019-05-09'
- council_reference: 9/2019/163/1
  address: 11 Tatler St, Cliftleigh 2321 NSW
  description: Dwelling - New Brick Veneer
  info_url: http://datracker.cessnock.nsw.gov.au/Application/ApplicationDetails/009/2019/00000163/001
  date_scraped: '2019-05-14'
  date_received: '2019-05-07'
- council_reference: 9/2019/164/1
  address: 64 Ridgeview Dr, Cliftleigh 2321 NSW
  description: Dwelling - New Brick Veneer
  info_url: http://datracker.cessnock.nsw.gov.au/Application/ApplicationDetails/009/2019/00000164/001
  date_scraped: '2019-05-14'
  date_received: '2019-05-10'
- council_reference: 9/2019/165/1
  address: 7 Margan St, Cliftleigh 2321 NSW
  description: Dwelling - New Brick Veneer
  info_url: http://datracker.cessnock.nsw.gov.au/Application/ApplicationDetails/009/2019/00000165/001
  date_scraped: '2019-05-14'
  date_received: '2019-05-09'
- council_reference: 9/2019/167/1
  address: 18 Garven St, Cliftleigh 2321 NSW
  description: Dwelling - New Brick Veneer
  info_url: http://datracker.cessnock.nsw.gov.au/Application/ApplicationDetails/009/2019/00000167/001
  date_scraped: '2019-05-14'
  date_received: '2019-05-09'
- council_reference: 9/2019/168/1
  address: 14 Grevillea St, Cliftleigh 2321 NSW
  description: Dwelling - New Brick Veneer
  info_url: http://datracker.cessnock.nsw.gov.au/Application/ApplicationDetails/009/2019/00000168/001
  date_scraped: '2019-05-14'
  date_received: '2019-05-10'
- council_reference: 9/2019/170/1
  address: 7 Horne Cl, Greta 2334 NSW
  description: Dual Occupancy - Attached - New
  info_url: http://datracker.cessnock.nsw.gov.au/Application/ApplicationDetails/009/2019/00000170/001
  date_scraped: '2019-05-14'
  date_received: '2019-05-13'
- council_reference: 9/2019/174/1
  address: 1 Grevillea St, Cliftleigh 2321 NSW
  description: Dwelling - New Brick Veneer
  info_url: http://datracker.cessnock.nsw.gov.au/Application/ApplicationDetails/009/2019/00000174/001
  date_scraped: '2019-05-14'
  date_received: '2019-05-14'
- council_reference: 9/2019/175/1
  address: 14 Garven St, Cliftleigh 2321 NSW
  description: Dwelling - New Brick Veneer
  info_url: http://datracker.cessnock.nsw.gov.au/Application/ApplicationDetails/009/2019/00000175/001
  date_scraped: '2019-05-14'
  date_received: '2019-05-14'
- council_reference: 9/2019/179/1
  address: 21 Garven St, Cliftleigh 2321 NSW
  description: Residential - Other - New
  info_url: http://datracker.cessnock.nsw.gov.au/Application/ApplicationDetails/009/2019/00000179/001
  date_scraped: '2019-05-14'
  date_received: '2019-05-13'
- council_reference: 9/2019/181/1
  address: 19 Garven St, Cliftleigh 2321 NSW
  description: Dwelling - New Brick Veneer and Retaining Wall - Fence Dwelling - New
    Brick Veneer Retaining Wall - Fence
  info_url: http://datracker.cessnock.nsw.gov.au/Application/ApplicationDetails/009/2019/00000181/001
  date_scraped: '2019-05-14'
  date_received: '2019-05-07'
- council_reference: 9/2019/182/1
  address: 13 Grevillea St, Cliftleigh 2321 NSW
  description: Dwelling
  info_url: http://datracker.cessnock.nsw.gov.au/Application/ApplicationDetails/009/2019/00000182/001
  date_scraped: '2019-05-14'
  date_received: '2019-05-13'
- council_reference: 9/2019/184/1
  address: 4 Rutidosis Cl, Paxton 2325 NSW
  description: Dwelling - New Brick Veneer
  info_url: http://datracker.cessnock.nsw.gov.au/Application/ApplicationDetails/009/2019/00000184/001
  date_scraped: '2019-05-14'
  date_received: '2019-05-09'
- council_reference: 9/2019/185/1
  address: 16-20 Allandale Rd, Cessnock 2325 NSW
  description: Restaurant
  info_url: http://datracker.cessnock.nsw.gov.au/Application/ApplicationDetails/009/2019/00000185/001
  date_scraped: '2019-05-14'
  date_received: '2019-05-13'
- council_reference: 9/2019/194/1
  address: 9 Cooly Av, Kitchener 2325 NSW
  description: Swimming Pool
  info_url: http://datracker.cessnock.nsw.gov.au/Application/ApplicationDetails/009/2019/00000194/001
  date_scraped: '2019-05-14'
  date_received: '2019-05-13'
- council_reference: 9/2019/197/1
  address: 35 Canning St, Wollombi 2325 NSW
  description: Spa
  info_url: http://datracker.cessnock.nsw.gov.au/Application/ApplicationDetails/009/2019/00000197/001
  date_scraped: '2019-05-14'
  date_received: '2019-05-14'
