---
- council_reference: 10-2018-3-2
  address: 1065 Pineleigh Rd, Mulyandry 2871 NSW
  description: Expansion of Quarry
  info_url: http://planning.forbes.nsw.gov.au/Application/ApplicationDetails/010.2018.00000003.002
  date_scraped: '2019-05-14'
  date_received: '2019-04-15'
- council_reference: 10-2019-40-1
  address: 27 York St, Forbes 2871 NSW
  description: New Ancillary Residential Development - Carports
  info_url: http://planning.forbes.nsw.gov.au/Application/ApplicationDetails/010.2019.00000040.001
  date_scraped: '2019-05-14'
  date_received: '2019-04-15'
- council_reference: 10-2019-41-1
  address: Reymond St, Forbes 2871 NSW
  description: New Single Dwelling (3)
  info_url: http://planning.forbes.nsw.gov.au/Application/ApplicationDetails/010.2019.00000041.001
  date_scraped: '2019-05-14'
  date_received: '2019-04-15'
- council_reference: 10-2019-42-1
  address: 10178 Newell Hwy, Forbes 2871 NSW
  description: Subdivision - Adjustment of Common Boundary
  info_url: http://planning.forbes.nsw.gov.au/Application/ApplicationDetails/010.2019.00000042.001
  date_scraped: '2019-05-14'
  date_received: '2019-04-17'
- council_reference: 10-2019-43-1
  address: 15-23 Templar St, Forbes 2871 NSW
  description: Footway Dining
  info_url: http://planning.forbes.nsw.gov.au/Application/ApplicationDetails/010.2019.00000043.001
  date_scraped: '2019-05-14'
  date_received: '2019-04-17'
- council_reference: 10-2019-44-1
  address: 1 Elsie St, Forbes 2871 NSW
  description: New Inground Swimming Pool
  info_url: http://planning.forbes.nsw.gov.au/Application/ApplicationDetails/010.2019.00000044.001
  date_scraped: '2019-05-14'
  date_received: '2019-05-02'
- council_reference: 10-2019-45-1
  address: 36 William St, Forbes 2871 NSW
  description: New Single Dwelling- House for Duggan
  info_url: http://planning.forbes.nsw.gov.au/Application/ApplicationDetails/010.2019.00000045.001
  date_scraped: '2019-05-14'
  date_received: '2019-05-06'
- council_reference: 10-2019-46-1
  address: 36 William St, Forbes 2871 NSW
  description: New Single Dwelling - House for Schulz
  info_url: http://planning.forbes.nsw.gov.au/Application/ApplicationDetails/010.2019.00000046.001
  date_scraped: '2019-05-14'
  date_received: '2019-05-06'
- council_reference: 10-2019-47-1
  address: Forbes Ph, Forbes 2871 NSW
  description: Event - Taste on Templar
  info_url: http://planning.forbes.nsw.gov.au/Application/ApplicationDetails/010.2019.00000047.001
  date_scraped: '2019-05-14'
  date_received: '2019-05-13'
