---
- info_url: http://masterview.gladstonerc.qld.gov.au/Modules/ApplicationMaster/default.aspx?page=wrapper&key=393696
  council_reference: BRA-399/2019
  date_received: '2019-04-16'
  description: Dwelling within front boundary setback
  address: 22 Dorinda Close CLINTON QLD 4680
  date_scraped: '2019-05-14'
- info_url: http://masterview.gladstonerc.qld.gov.au/Modules/ApplicationMaster/default.aspx?page=wrapper&key=393824
  council_reference: BRA-400/2019
  date_received: '2019-04-17'
  description: Shed + Garaport within setback > 9m
  address: 8 Little Street CALLIOPE QLD 4680
  date_scraped: '2019-05-14'
- info_url: http://masterview.gladstonerc.qld.gov.au/Modules/ApplicationMaster/default.aspx?page=wrapper&key=394046
  council_reference: BRA-402/2019
  date_received: '2019-04-24'
  description: Shed, Pool House & Dwelling Extensions within boundary setbacks
  address: 14 Alfred Street TANNUM SANDS QLD 4680
  date_scraped: '2019-05-14'
- info_url: http://masterview.gladstonerc.qld.gov.au/Modules/ApplicationMaster/default.aspx?page=wrapper&key=394219
  council_reference: BRA-403/2019
  date_received: '2019-04-29'
  description: Carport & Gatehouse within road frontage setback
  address: 36 Lighthouse Drive BOYNE ISLAND QLD 4680
  date_scraped: '2019-05-14'
- info_url: http://masterview.gladstonerc.qld.gov.au/Modules/ApplicationMaster/default.aspx?page=wrapper&key=394307
  council_reference: BRA-404/2019
  date_received: '2019-04-30'
  description: Deck with roof within 6m of Council Controlled Road Reserve
  address: 2 The Oaks Road TANNUM SANDS QLD 4680
  date_scraped: '2019-05-14'
- info_url: http://masterview.gladstonerc.qld.gov.au/Modules/ApplicationMaster/default.aspx?page=wrapper&key=394412
  council_reference: BRA-405/2019
  date_received: '2019-05-03'
  description: Shed Extension within rear setback
  address: 54 Broadwater Place NEW AUCKLAND QLD 4680
  date_scraped: '2019-05-14'
- info_url: http://masterview.gladstonerc.qld.gov.au/Modules/ApplicationMaster/default.aspx?page=wrapper&key=394696
  council_reference: BRA-406/2019
  date_received: '2019-05-08'
  description: Dwelling addition within side boundary setback
  address: 50 Bloodwood Avenue South AGNES WATER QLD 4677
  date_scraped: '2019-05-14'
- info_url: http://masterview.gladstonerc.qld.gov.au/Modules/ApplicationMaster/default.aspx?page=wrapper&key=393880
  council_reference: DA07-10/2019
  date_received: '2019-04-18'
  description: Parking Station
  address: 133 Auckland Street GLADSTONE QLD 4680
  date_scraped: '2019-05-14'
- info_url: http://masterview.gladstonerc.qld.gov.au/Modules/ApplicationMaster/default.aspx?page=wrapper&key=394277
  council_reference: EC-19/2019
  date_received: '2019-04-30'
  description: Material Change of Use - Aquaculture (Temporary brood stock holding
    facility)
  address: 3 Bruce Street SOUTH GLADSTONE QLD 4680
  date_scraped: '2019-05-14'
- info_url: http://masterview.gladstonerc.qld.gov.au/Modules/ApplicationMaster/default.aspx?page=wrapper&key=394343
  council_reference: EC-20/2019
  date_received: '2019-05-02'
  description: Coles Signage
  address: 75 Dawson Highway WEST GLADSTONE QLD 4680
  date_scraped: '2019-05-14'
- info_url: http://masterview.gladstonerc.qld.gov.au/Modules/ApplicationMaster/default.aspx?page=wrapper&key=394590
  council_reference: EC-21/2019
  date_received: '2019-05-08'
  description: Dwelling House (Flood Hazard Overlay)
  address: 21 Joseph Banks Boulevard AGNES WATER QLD 4677
  date_scraped: '2019-05-14'
