---
- council_reference: 2015/54/3
  address: 1 Kamilaroi Rd, Gunnedah 2380 NSW
  description: Subdivision/Boundary Adjustment Only
  info_url: http://datracking.gunnedah.nsw.gov.au/Application/ApplicationDetails/010.2015.00000054.003
  date_scraped: '2019-05-14'
  date_received: '2019-04-16'
- council_reference: 2019/1016/1
  address: 223 Conadilly St, Gunnedah 2380 NSW
  description: Insallation of 19.47kWp Solar PCV System
  info_url: http://datracking.gunnedah.nsw.gov.au/Application/ApplicationDetails/018.2019.00001016.001
  date_scraped: '2019-05-14'
  date_received: '2019-05-01'
- council_reference: 2019/33/1
  address: 33-107 Lochrey Rd, Gunnedah 2380 NSW
  description: New Single Dwelling
  info_url: http://datracking.gunnedah.nsw.gov.au/Application/ApplicationDetails/010.2019.00000033.001
  date_scraped: '2019-05-14'
  date_received: '2019-04-17'
- council_reference: 2019/34/1
  address: 33 Kurrajong Rd, Gunnedah 2380 NSW
  description: New Single Dwelling
  info_url: http://datracking.gunnedah.nsw.gov.au/Application/ApplicationDetails/010.2019.00000034.001
  date_scraped: '2019-05-14'
  date_received: '2019-04-30'
- council_reference: 2019/35/1
  address: 1 Kamilaroi Rd, Gunnedah 2380 NSW
  description: New Single Dwelling
  info_url: http://datracking.gunnedah.nsw.gov.au/Application/ApplicationDetails/010.2019.00000035.001
  date_scraped: '2019-05-14'
  date_received: '2019-05-07'
- council_reference: 2019/36/1
  address: 298 Conadilly St, Gunnedah 2380 NSW
  description: Retail/Commercial Premises
  info_url: http://datracking.gunnedah.nsw.gov.au/Application/ApplicationDetails/010.2019.00000036.001
  date_scraped: '2019-05-14'
  date_received: '2019-05-06'
- council_reference: 2019/37/1
  address: 114 Kerry Elizabeth Dr, Gunnedah 2380 NSW
  description: New Single Dwelling
  info_url: http://datracking.gunnedah.nsw.gov.au/Application/ApplicationDetails/010.2019.00000037.001
  date_scraped: '2019-05-14'
  date_received: '2019-05-08'
- council_reference: 2019/38/1
  address: 144-148 George St, Gunnedah 2380 NSW
  description: Additions/Alterations - Residential
  info_url: http://datracking.gunnedah.nsw.gov.au/Application/ApplicationDetails/010.2019.00000038.001
  date_scraped: '2019-05-14'
  date_received: '2019-05-13'
- council_reference: 2019/39/1
  address: 208 Wilkinson Rd, Gunnedah 2380 NSW
  description: Retail/Commercial Premises
  info_url: http://datracking.gunnedah.nsw.gov.au/Application/ApplicationDetails/010.2019.00000039.001
  date_scraped: '2019-05-14'
  date_received: '2019-05-14'
