---
- info_url: http://council.hawkesbury.nsw.gov.au/MasterviewUI/Modules/applicationmaster/default.aspx?page=wrapper&key=264854
  council_reference: DA0169/19
  date_received: '2019-04-30'
  address: 22 Thorley Street, SOUTH WINDSOR, NSW
  description: Landscape Material Supplies - Change of Use to Landscape Material Supplies,
    Construction of Storage Bays and Signage
  date_scraped: '2019-05-14'
- info_url: http://council.hawkesbury.nsw.gov.au/MasterviewUI/Modules/applicationmaster/default.aspx?page=wrapper&key=264860
  council_reference: DA0170/19
  date_received: '2019-04-30'
  address: 98 Windsor Street, RICHMOND, NSW
  description: Dual Occupancy (Detached) - Demolition of Existing Structures and Construction
    of Detached Dual Occupancy
  date_scraped: '2019-05-14'
- info_url: http://council.hawkesbury.nsw.gov.au/MasterviewUI/Modules/applicationmaster/default.aspx?page=wrapper&key=264871
  council_reference: DA0171/19
  date_received: '2019-04-30'
  address: 905 Comleroy Road, KURRAJONG, NSW
  description: Dwelling House - Alterations and Additions
  date_scraped: '2019-05-14'
- info_url: http://council.hawkesbury.nsw.gov.au/MasterviewUI/Modules/applicationmaster/default.aspx?page=wrapper&key=264922
  council_reference: DA0172/19
  date_received: '2019-05-01'
  address: 236 Settlers Road, LOWER MACDONALD, NSW
  description: Structure Ancillary to Dwelling - Garage and Driveway
  date_scraped: '2019-05-14'
- info_url: http://council.hawkesbury.nsw.gov.au/MasterviewUI/Modules/applicationmaster/default.aspx?page=wrapper&key=264941
  council_reference: DA0173/19
  date_received: '2019-05-02'
  address: 12 Dalton Street, NORTH RICHMOND, NSW
  description: Dwelling House and Secondary Dwelling
  date_scraped: '2019-05-14'
- info_url: http://council.hawkesbury.nsw.gov.au/MasterviewUI/Modules/applicationmaster/default.aspx?page=wrapper&key=264951
  council_reference: DA0174/19
  date_received: '2019-05-02'
  address: 633 Comleroy Road, KURRAJONG, NSW
  description: Dual Occupancy (Attached) - Alterations and Additions
  date_scraped: '2019-05-14'
- info_url: http://council.hawkesbury.nsw.gov.au/MasterviewUI/Modules/applicationmaster/default.aspx?page=wrapper&key=264963
  council_reference: DA0175/19
  date_received: '2019-05-02'
  address: 29 Winnifred Road, MCGRATHS HILL, NSW
  description: Structure Ancillary to Dwelling - Outbuilding
  date_scraped: '2019-05-14'
- info_url: http://council.hawkesbury.nsw.gov.au/MasterviewUI/Modules/applicationmaster/default.aspx?page=wrapper&key=265001
  council_reference: DA0176/19
  date_received: '2019-05-03'
  address: 35 Millers Road, CATTAI, NSW
  description: Dwelling House - Demolition of Existing Dwelling and Construction of
    Dwelling House
  date_scraped: '2019-05-14'
- info_url: http://council.hawkesbury.nsw.gov.au/MasterviewUI/Modules/applicationmaster/default.aspx?page=wrapper&key=265026
  council_reference: DA0177/19
  date_received: '2019-05-03'
  address: 27 Grazier Way, NORTH RICHMOND, NSW
  description: Dwelling House
  date_scraped: '2019-05-14'
- info_url: http://council.hawkesbury.nsw.gov.au/MasterviewUI/Modules/applicationmaster/default.aspx?page=wrapper&key=265040
  council_reference: DA0178/19
  date_received: '2019-05-09'
  address: 116 Lennox Street, RICHMOND, NSW
  description: Secondary Dwelling
  date_scraped: '2019-05-14'
- info_url: http://council.hawkesbury.nsw.gov.au/MasterviewUI/Modules/applicationmaster/default.aspx?page=wrapper&key=265041
  council_reference: DA0179/19
  date_received: '2019-05-09'
  address: 116 Lennox Street, RICHMOND, NSW
  description: Section 68 - Relocatable Home
  date_scraped: '2019-05-14'
- info_url: http://council.hawkesbury.nsw.gov.au/MasterviewUI/Modules/applicationmaster/default.aspx?page=wrapper&key=265085
  council_reference: DA0180/19
  date_received: '2019-05-06'
  address: 53 Andrew Thompson Drive, MCGRATHS HILL, NSW
  description: Structure Ancillary to Dwelling - Garage and Carport
  date_scraped: '2019-05-14'
- info_url: http://council.hawkesbury.nsw.gov.au/MasterviewUI/Modules/applicationmaster/default.aspx?page=wrapper&key=265113
  council_reference: DA0181/19
  date_received: '2019-05-06'
  address: 445 Comleroy Road, KURRAJONG, NSW
  description: Structure Ancillary to Dwelling - Demolition of Existing Carport and
    Construction of Carport
  date_scraped: '2019-05-14'
- info_url: http://council.hawkesbury.nsw.gov.au/MasterviewUI/Modules/applicationmaster/default.aspx?page=wrapper&key=265193
  council_reference: DA0182/19
  date_received: '2019-05-07'
  address: 1632 Settlers Road, ST ALBANS, NSW
  description: Dwelling House - Alterations and Additions to Existing Dwelling, Detached
    Garage with Mezzanine, Studio  and Removal of 22 Trees
  date_scraped: '2019-05-14'
- info_url: http://council.hawkesbury.nsw.gov.au/MasterviewUI/Modules/applicationmaster/default.aspx?page=wrapper&key=265249
  council_reference: DA0183/19
  date_received: '2019-05-08'
  address: 355 Stannix Park Road, EBENEZER, NSW
  description: Designated Development - Rural Industry - Expansion of Composting Facility
    and Construction of Handstand Areas
  date_scraped: '2019-05-14'
- info_url: http://council.hawkesbury.nsw.gov.au/MasterviewUI/Modules/applicationmaster/default.aspx?page=wrapper&key=265262
  council_reference: DA0184/19
  date_received: '2019-05-08'
  address: 20 Peter Place, BLIGH PARK, NSW
  description: Structure Ancillary to Dwelling - Demolition of Existing Structure
    and Construction of a Carport
  date_scraped: '2019-05-14'
- info_url: http://council.hawkesbury.nsw.gov.au/MasterviewUI/Modules/applicationmaster/default.aspx?page=wrapper&key=265266
  council_reference: DA0185/19
  date_received: '2019-05-08'
  address: 390 Greggs Road, KURRAJONG, NSW
  description: Structure Ancillary Dwelling - Outbuilding
  date_scraped: '2019-05-14'
- info_url: http://council.hawkesbury.nsw.gov.au/MasterviewUI/Modules/applicationmaster/default.aspx?page=wrapper&key=265269
  council_reference: DA0186/19
  date_received: '2019-05-08'
  address: 38 Longleat Road, KURMOND, NSW
  description: Structure Ancillary to Dwelling - Outbuilding
  date_scraped: '2019-05-14'
- info_url: http://council.hawkesbury.nsw.gov.au/MasterviewUI/Modules/applicationmaster/default.aspx?page=wrapper&key=265302
  council_reference: DA0187/19
  date_received: '2019-05-09'
  address: 536 Chaseling Road South, LEETS VALE, NSW
  description: Dwelling House - Alterations, Additions and Swimming Pool
  date_scraped: '2019-05-14'
- info_url: http://council.hawkesbury.nsw.gov.au/MasterviewUI/Modules/applicationmaster/default.aspx?page=wrapper&key=265327
  council_reference: DA0188/19
  date_received: '2019-05-09'
  address: 27 Wattle Crescent, GLOSSODIA, NSW
  description: Secondary Dwelling and Tree Removal
  date_scraped: '2019-05-14'
- info_url: http://council.hawkesbury.nsw.gov.au/MasterviewUI/Modules/applicationmaster/default.aspx?page=wrapper&key=265353
  council_reference: DA0189/19
  date_received: '2019-05-10'
  address: 8 Pendergast Street, PITT TOWN, NSW
  description: Dwelling House
  date_scraped: '2019-05-14'
- info_url: http://council.hawkesbury.nsw.gov.au/MasterviewUI/Modules/applicationmaster/default.aspx?page=wrapper&key=265394
  council_reference: DA0190/19
  date_received: '2019-05-03'
  address: 35 Ham Street, SOUTH WINDSOR, NSW
  description: Dwelling House - Demolition of Part of Existing Structures, Alterations
    and Additions to Existing Dwelling, Construction of Garage and Swimming Pool
  date_scraped: '2019-05-14'
- info_url: http://council.hawkesbury.nsw.gov.au/MasterviewUI/Modules/applicationmaster/default.aspx?page=wrapper&key=265474
  council_reference: DA0191/19
  date_received: '2019-05-14'
  address: 39 The Cedars Avenue, PITT TOWN, NSW
  description: Structure Ancillary to Dwelling - Swimming Pool
  date_scraped: '2019-05-14'
- info_url: http://council.hawkesbury.nsw.gov.au/MasterviewUI/Modules/applicationmaster/default.aspx?page=wrapper&key=265497
  council_reference: DA0192/19
  date_received: '2019-05-14'
  address: 241 Hawkesbury Valley Way, CLARENDON, NSW
  description: Dwelling House - Alterations and Additions
  date_scraped: '2019-05-14'
