---
- info_url: http://pdonline.ipswich.qld.gov.au/pdonline/modules/applicationmaster/default.aspx?page=wrapper&key=839300
  council_reference: ADP-3242/2019
  date_received: '2019-04-18'
  description: ADP for New Road (Development Area 6B)
  address: 7001 Gateway Drive AUGUSTINE HEIGHTS QLD 4300
  date_scraped: '2019-05-14'
- info_url: http://pdonline.ipswich.qld.gov.au/pdonline/modules/applicationmaster/default.aspx?page=wrapper&key=841467
  council_reference: ADP-3386/2019
  date_received: '2019-04-26'
  description: Reconfigure One (1) Lot into Ten (10) Management Lots in Two (2) Stages
  address: 7001 Gateway Drive AUGUSTINE HEIGHTS QLD 4300
  date_scraped: '2019-05-14'
- info_url: http://pdonline.ipswich.qld.gov.au/pdonline/modules/applicationmaster/default.aspx?page=wrapper&key=844342
  council_reference: ADP-3570/2019
  date_received: '2019-05-03'
  description: ADP - Reconfiguration of One (1) lot into Two (2) Management Lots plus
    Common Property, as Phase A; Reconfiguration of One (1) Lot in Fifty-Six(56) Lots,
    One (1) Management Lot, One (1) Balance Lot plus Common Property and Road, as
    Phase B in Two (2) Stages
  address: 7001 Brookwater Drive BROOKWATER QLD 4300
  date_scraped: '2019-05-14'
- info_url: http://pdonline.ipswich.qld.gov.au/pdonline/modules/applicationmaster/default.aspx?page=wrapper&key=846089
  council_reference: ADP-3672/2019
  date_received: '2019-05-09'
  description: Area Development Plan (Car Park)
  address: 1 Main Street SPRINGFIELD CENTRAL QLD 4300
  date_scraped: '2019-05-14'
- info_url: http://pdonline.ipswich.qld.gov.au/pdonline/modules/applicationmaster/default.aspx?page=wrapper&key=846098
  council_reference: ADP-3674/2019
  date_received: '2019-05-09'
  description: Indoor Entertainment (Amusement Parlour)
  address: 1 Main Street SPRINGFIELD CENTRAL QLD 4300
  date_scraped: '2019-05-14'
- info_url: http://pdonline.ipswich.qld.gov.au/pdonline/modules/applicationmaster/default.aspx?page=wrapper&key=838078
  council_reference: CA-3153/2019
  date_received: '2019-04-16'
  description: "Material Change of Use - Business Use (Bulky Goods Sale - 4x4 Equipment
    and Accessories) and Service/Trades Use (4x4 Accessory Fitting and Vehicle Servicing)\rOperational
    Works - Advertising Device (Pylon Sign)"
  address: 448 Warwick Road YAMANTO QLD 4305
  date_scraped: '2019-05-14'
- info_url: http://pdonline.ipswich.qld.gov.au/pdonline/modules/applicationmaster/default.aspx?page=wrapper&key=840000
  council_reference: CA-3286/2019
  date_received: '2019-04-23'
  description: "Reconfiguring a Lot - One (1) lot into Three (3) Lots\rMaterial Change
    of Use - Single Residential affected by a Development Constraints Overlay (Mining)"
  address: 10 Wright Street TIVOLI QLD 4305
  date_scraped: '2019-05-14'
- info_url: http://pdonline.ipswich.qld.gov.au/pdonline/modules/applicationmaster/default.aspx?page=wrapper&key=847558
  council_reference: CA-3769/2019
  date_received: '2019-05-10'
  description: "Reconfiguring a Lot - Three (3) Lots into Three Hundred and Fifty
    (350) Lots\rMaterial Change of Use - Single Residential (Building Location Envelope
    Plan)\rOperational Works - Vegetation Clearing"
  address: 186 Collingwood Drive COLLINGWOOD PARK QLD 4301
  date_scraped: '2019-05-14'
- info_url: http://pdonline.ipswich.qld.gov.au/pdonline/modules/applicationmaster/default.aspx?page=wrapper&key=848355
  council_reference: CA-3827/2019
  date_received: '2019-05-14'
  description: "Combined Approval for:\rReconfiguring a Lot - One (1) Lot into Two
    (2) Lots, One (1) Balance Lot, new road and access easement;\rMaterial Change
    of Use for Waste Activity (Biogas Facility) and associated Major Utility (Electricity/Gas
    Generation);\rMaterial Change of Use for Waste Activity (Enclosed Compost Manufacturing
    and Unenclosed Compost Manufacturing);\rMaterial Change of Use for Environmentally
    Relevant Activity (ERA) 53 (Organic material processing consisting of operating
    a facility for processing by way of composting or anaerobic digestion, more than
    200t of organic material in a year); and\rMaterial Change of Use for Environmentally
    Relevant Activity (ERA) 33 (Crushing, grinding, milling or screening more than
    5,000t of material in a year)"
  address: 7006 Unnamed Road SWANBANK QLD 4306
  date_scraped: '2019-05-14'
- info_url: http://pdonline.ipswich.qld.gov.au/pdonline/modules/applicationmaster/default.aspx?page=wrapper&key=846388
  council_reference: MAEXT-1423/2016A
  date_received: '2019-05-09'
  description: "Extension to Currency Period Application - MCU - Temporary Sales Office\rOD
    - Advertising Device"
  address: 4 Christopher Street AUGUSTINE HEIGHTS QLD 4300
  date_scraped: '2019-05-14'
- info_url: http://pdonline.ipswich.qld.gov.au/pdonline/modules/applicationmaster/default.aspx?page=wrapper&key=844290
  council_reference: MAEXT-2054/2016B
  date_received: '2019-05-03'
  description: Extension to Currency Period Application - Road Works, Stormwater,
    Drainage Works, Earthworks & Landscaping - Rosewood Green Stage 1B
  address: 7001 Karrabin Rosewood Road ROSEWOOD QLD 4340
  date_scraped: '2019-05-14'
- info_url: http://pdonline.ipswich.qld.gov.au/pdonline/modules/applicationmaster/default.aspx?page=wrapper&key=841772
  council_reference: MAEXT-6135/2014A
  date_received: '2019-04-30'
  description: "Extension Application - RAL - Five (5) lots into Four (4) Lots\rPreliminary
    Approval to Affect the Planning Scheme"
  address: Lot 1 Bognuda Street BUNDAMBA QLD 4304
  date_scraped: '2019-05-14'
- info_url: http://pdonline.ipswich.qld.gov.au/pdonline/modules/applicationmaster/default.aspx?page=wrapper&key=839038
  council_reference: MAEXT-6244/2012B
  date_received: '2019-04-18'
  description: Extension Application - Service/Trades Use - Car Wash
  address: 56 Robertson Road EASTERN HEIGHTS QLD 4305
  date_scraped: '2019-05-14'
- info_url: http://pdonline.ipswich.qld.gov.au/pdonline/modules/applicationmaster/default.aspx?page=wrapper&key=846158
  council_reference: MAEXT-7045/2014A
  date_received: '2019-05-08'
  description: Extension to Currency Period Application - Boundary Realignment - Two
    (2) lots into two (2) lots
  address: 16 Fox Street REDBANK QLD 4301
  date_scraped: '2019-05-14'
- info_url: http://pdonline.ipswich.qld.gov.au/pdonline/modules/applicationmaster/default.aspx?page=wrapper&key=839179
  council_reference: MAEXT-7236/2014A
  date_received: '2019-04-18'
  description: Extension Application - General Industry - Industrial Shed
  address: 7 Monique Court RACEVIEW QLD 4305
  date_scraped: '2019-05-14'
- info_url: http://pdonline.ipswich.qld.gov.au/pdonline/modules/applicationmaster/default.aspx?page=wrapper&key=838878
  council_reference: MAEXT-8174/2004B
  date_received: '2019-04-18'
  description: Extension Application - Material Change of Use - Service/Trades Use
    (Self Storage Facility)
  address: 108-132 Kruger Parade REDBANK QLD 4301
  date_scraped: '2019-05-14'
- info_url: http://pdonline.ipswich.qld.gov.au/pdonline/modules/applicationmaster/default.aspx?page=wrapper&key=847388
  council_reference: MAEXT-8952/2016A
  date_received: '2019-05-10'
  description: Extension to Currency Period Application - One (1) Lot into Two (2)
    Lots
  address: 243 Old Logan Road CAMIRA QLD 4300
  date_scraped: '2019-05-14'
- info_url: http://pdonline.ipswich.qld.gov.au/pdonline/modules/applicationmaster/default.aspx?page=wrapper&key=842867
  council_reference: MAMC-2210/2016A
  date_received: '2019-05-01'
  description: Minor Change - One (1) lot into 31 lots plus balance lot, parkland
    and drainage reserve
  address: 24-62 North High Street BRASSALL QLD 4305
  date_scraped: '2019-05-14'
- info_url: http://pdonline.ipswich.qld.gov.au/pdonline/modules/applicationmaster/default.aspx?page=wrapper&key=848465
  council_reference: MAMC-2558/2014C
  date_received: '2019-05-14'
  description: "Minor Change - Reconfiguring a lot â€“ One (1) lot into 333 residential
    lots plus park, drainage reserve, two (2) estate signage lots and balance lot\rMaterial
    change of use - single residential not complying with the residential code (214
    lots)"
  address: 7001 Collingwood Drive COLLINGWOOD PARK QLD 4301
  date_scraped: '2019-05-14'
- info_url: http://pdonline.ipswich.qld.gov.au/pdonline/modules/applicationmaster/default.aspx?page=wrapper&key=837127
  council_reference: MAMC-2668/2008A
  date_received: '2019-04-15'
  description: "Minor Change - RAL - One (1) Lot into One hundred & twenty-five (125)
    Lots\rMCU - Single Residential Dwellings on lot less than 450m2"
  address: 1 Dorman Lane BRASSALL QLD 4305
  date_scraped: '2019-05-14'
- info_url: http://pdonline.ipswich.qld.gov.au/pdonline/modules/applicationmaster/default.aspx?page=wrapper&key=842435
  council_reference: MAMC-3321/2014B
  date_received: '2019-05-01'
  description: "Minor Change - RAL - Two (2) Lots into Three (3) Management Lots\rRAL
    - Three (3) Lots into Three Hundred and One (301) Lots plus Park and Drainage
    Reserve \rMCU - Single Residential within a Development Constraints Overlay (Mining
    - All Lots) & (Difficult Topography - 58 Lots)"
  address: 7001 Isabella Street COLLINGWOOD PARK QLD 4301
  date_scraped: '2019-05-14'
- info_url: http://pdonline.ipswich.qld.gov.au/pdonline/modules/applicationmaster/default.aspx?page=wrapper&key=843548
  council_reference: MAMC-4016/2005A
  date_received: '2019-05-02'
  description: Minor Change - One (1) Lot into Thirty-Nine (39) Lots
  address: 13 Senna Close PINE MOUNTAIN QLD 4306
  date_scraped: '2019-05-14'
- info_url: http://pdonline.ipswich.qld.gov.au/pdonline/modules/applicationmaster/default.aspx?page=wrapper&key=843899
  council_reference: MAMC-5210/2018A
  date_received: '2019-05-03'
  description: Minor Change - Material Change of Use - Community Use (Child Care Centre)
  address: 183-187 Cedar Road REDBANK PLAINS QLD 4301
  date_scraped: '2019-05-14'
- info_url: http://pdonline.ipswich.qld.gov.au/pdonline/modules/applicationmaster/default.aspx?page=wrapper&key=842856
  council_reference: MAMC-5800/2015A
  date_received: '2019-05-01'
  description: Minor Change - General Industry - Truck Depot and Storage of Goods
  address: 11 Warrell Street WEST IPSWICH QLD 4305
  date_scraped: '2019-05-14'
- info_url: http://pdonline.ipswich.qld.gov.au/pdonline/modules/applicationmaster/default.aspx?page=wrapper&key=841353
  council_reference: MAMC-6135/2014A
  date_received: '2019-04-29'
  description: "Minor Change - RAL - Five (5) lots into Four (4) Lots\rPreliminary
    Approval to Affect the Planning Scheme"
  address: Lot 1 Bognuda Street BUNDAMBA QLD 4304
  date_scraped: '2019-05-14'
- info_url: http://pdonline.ipswich.qld.gov.au/pdonline/modules/applicationmaster/default.aspx?page=wrapper&key=844720
  council_reference: MAMC-6155/2015A
  date_received: '2019-05-07'
  description: Minor Change - Dual Occupancy - Lot 5
  address: 15 Pemswood Close DEEBING HEIGHTS QLD 4306
  date_scraped: '2019-05-14'
- info_url: http://pdonline.ipswich.qld.gov.au/pdonline/modules/applicationmaster/default.aspx?page=wrapper&key=847280
  council_reference: MAMC-6165/2018A
  date_received: '2019-05-13'
  description: Minor Change - Material Change of Use - Extension to Special Industry
  address: 49-65 Cobalt Street CAROLE PARK QLD 4300
  date_scraped: '2019-05-14'
- info_url: http://pdonline.ipswich.qld.gov.au/pdonline/modules/applicationmaster/default.aspx?page=wrapper&key=845939
  council_reference: MAMC-7564/2007B
  date_received: '2019-05-08'
  description: "Minor Change - RAL- Two (2) Lot into 268 Lots\rMCU- Single Residential
    Dwellings on allotments affected by Development Constraint Overlay 5: Underground
    Mining (Proposed Lots 290-299)."
  address: 7001 Karrabin Rosewood Road ROSEWOOD QLD 4340
  date_scraped: '2019-05-14'
- info_url: http://pdonline.ipswich.qld.gov.au/pdonline/modules/applicationmaster/default.aspx?page=wrapper&key=846878
  council_reference: MAOC-5159/2013A
  date_received: '2019-05-10'
  description: Other Change - Road Works, Stormwater, Water Infrastructure, Drainage
    Works, Earthworks and Sewerage Infrastructure - Swanbank Road Industrial Estate
    Stage 1
  address: 63-109 Swanbank Road FLINDERS VIEW QLD 4305
  date_scraped: '2019-05-14'
- info_url: http://pdonline.ipswich.qld.gov.au/pdonline/modules/applicationmaster/default.aspx?page=wrapper&key=836853
  council_reference: MAPDA-40/2015E
  date_received: '2019-04-15'
  description: Amendment Application - Change to PDA Development Approval
  address: 111-167 Barrams Road SOUTH RIPLEY QLD 4306
  date_scraped: '2019-05-14'
- info_url: http://pdonline.ipswich.qld.gov.au/pdonline/modules/applicationmaster/default.aspx?page=wrapper&key=840911
  council_reference: MCU-3349/2019
  date_received: '2019-04-26'
  description: Material Change of Use - Single Residential with Auxiliary Unit
  address: 15 Kerr Court BELLBIRD PARK QLD 4300
  date_scraped: '2019-05-14'
- info_url: http://pdonline.ipswich.qld.gov.au/pdonline/modules/applicationmaster/default.aspx?page=wrapper&key=842515
  council_reference: MCU-3455/2019
  date_received: '2019-05-01'
  description: Material Change of Use - Business Use - Vehicle Hire Premises
  address: 26 Brisbane Road BUNDAMBA QLD 4304
  date_scraped: '2019-05-14'
- info_url: http://pdonline.ipswich.qld.gov.au/pdonline/modules/applicationmaster/default.aspx?page=wrapper&key=842886
  council_reference: MCU-3475/2019
  date_received: '2019-05-01'
  description: Material Change of Use - Single Residential Affected by a Development
    Constraints Overlay (OV5-Adopted Flood Regulation Line) and with a Rural Area
  address: 31 Gipps Street CALVERT QLD 4340
  date_scraped: '2019-05-14'
- info_url: http://pdonline.ipswich.qld.gov.au/pdonline/modules/applicationmaster/default.aspx?page=wrapper&key=843407
  council_reference: MCU-3509/2019
  date_received: '2019-05-01'
  description: Material Change of Use - General Industry (Extension to Existing General
    Industry Use)
  address: 23-25 Antimony Street CAROLE PARK QLD 4300
  date_scraped: '2019-05-14'
- info_url: http://pdonline.ipswich.qld.gov.au/pdonline/modules/applicationmaster/default.aspx?page=wrapper&key=843758
  council_reference: MCU-3533/2019
  date_received: '2019-05-02'
  description: Material Change of Use - Major Utility (Telecommunications Facility)
  address: 399 Mt Crosby Road CHUWAR QLD 4306
  date_scraped: '2019-05-14'
- info_url: http://pdonline.ipswich.qld.gov.au/pdonline/modules/applicationmaster/default.aspx?page=wrapper&key=843838
  council_reference: MCU-3537/2019
  date_received: '2019-05-02'
  description: Material Change of Use - Business Use - Tattoo Parlour (Shop 2)
  address: 8 South Station Road BOOVAL QLD 4304
  date_scraped: '2019-05-14'
- info_url: http://pdonline.ipswich.qld.gov.au/pdonline/modules/applicationmaster/default.aspx?page=wrapper&key=844249
  council_reference: MCU-3565/2019
  date_received: '2019-05-03'
  description: Material Change of Use - Single Residential with Auxiliary Unit
  address: 51 Ludwig Street LEICHHARDT QLD 4305
  date_scraped: '2019-05-14'
- info_url: http://pdonline.ipswich.qld.gov.au/pdonline/modules/applicationmaster/default.aspx?page=wrapper&key=845538
  council_reference: MCU-3642/2019
  date_received: '2019-05-08'
  description: Material Change of Use - Extension to Business Use (Hotel)
  address: 22 Queen Street GOODNA QLD 4300
  date_scraped: '2019-05-14'
- info_url: http://pdonline.ipswich.qld.gov.au/pdonline/modules/applicationmaster/default.aspx?page=wrapper&key=845628
  council_reference: MCU-3647/2019
  date_received: '2019-05-08'
  description: Material Change of Use - Dual Occupancy
  address: 93-123 Tallegalla Two Tree Hill Road TALLEGALLA QLD 4340
  date_scraped: '2019-05-14'
- info_url: http://pdonline.ipswich.qld.gov.au/pdonline/modules/applicationmaster/default.aspx?page=wrapper&key=846288
  council_reference: MCU-3686/2019
  date_received: '2019-05-09'
  description: Material Change of Use - Business Use (Post Office)
  address: 24 Smiths Road GOODNA QLD 4300
  date_scraped: '2019-05-14'
- info_url: http://pdonline.ipswich.qld.gov.au/pdonline/modules/applicationmaster/default.aspx?page=wrapper&key=846898
  council_reference: MCU-3722/2019
  date_received: '2019-05-10'
  description: "Material Change of Use - Single Residential and a Shed - affected
    by a Development Constraints Overlay (Mining, Building Height Restriction)\r\rMaterial
    Change of Use - Single Residential - in a Low Density Zone"
  address: 16 O'Sullivan Street WOODEND QLD 4305
  date_scraped: '2019-05-14'
- info_url: http://pdonline.ipswich.qld.gov.au/pdonline/modules/applicationmaster/default.aspx?page=wrapper&key=847302
  council_reference: MCU-3747/2019
  date_received: '2019-05-10'
  description: Material Change of Use - Special Industry (Concrete Batching Plant)
  address: 51 Noblevale Way SWANBANK QLD 4306
  date_scraped: '2019-05-14'
- info_url: http://pdonline.ipswich.qld.gov.au/pdonline/modules/applicationmaster/default.aspx?page=wrapper&key=847314
  council_reference: MCU-3749/2019
  date_received: '2019-05-10'
  description: Material Change of Use - General Industry and Business Use (Trade Supplies
    Shop)
  address: 189 Briggs Road FLINDERS VIEW QLD 4305
  date_scraped: '2019-05-14'
- info_url: http://pdonline.ipswich.qld.gov.au/pdonline/modules/applicationmaster/default.aspx?page=wrapper&key=847517
  council_reference: MCU-3767/2019
  date_received: '2019-05-10'
  description: Material Change of Use - General Industry
  address: 5 Agnes Street BUNDAMBA QLD 4304
  date_scraped: '2019-05-14'
- info_url: http://pdonline.ipswich.qld.gov.au/pdonline/modules/applicationmaster/default.aspx?page=wrapper&key=848426
  council_reference: MCU-3830/2019
  date_received: '2019-05-14'
  description: Material Change of Use - Single Residential (Building Setback Plan)
  address: 7001 Diamantina Boulevard BRASSALL QLD 4305
  date_scraped: '2019-05-14'
- info_url: http://pdonline.ipswich.qld.gov.au/pdonline/modules/applicationmaster/default.aspx?page=wrapper&key=848475
  council_reference: MCU-3832/2019
  date_received: '2019-05-14'
  description: Single Residential and Auxiliary Unit
  address: 21 Harris Street BELLBIRD PARK QLD 4300
  date_scraped: '2019-05-14'
- info_url: http://pdonline.ipswich.qld.gov.au/pdonline/modules/applicationmaster/default.aspx?page=wrapper&key=848625
  council_reference: MCU-3842/2019
  date_received: '2019-05-14'
  description: Material Change of Use - Entertainment Use (Escape Rooms)
  address: 38 Brisbane Street IPSWICH QLD 4305
  date_scraped: '2019-05-14'
- info_url: http://pdonline.ipswich.qld.gov.au/pdonline/modules/applicationmaster/default.aspx?page=wrapper&key=841161
  council_reference: OD-3365/2019
  date_received: '2019-04-26'
  description: Advertising Devices - Four (4) Billboard Signs, Twelve (12) Vertical
    Banner Signs
  address: 133-141 Brookwater Drive BROOKWATER QLD 4300
  date_scraped: '2019-05-14'
- info_url: http://pdonline.ipswich.qld.gov.au/pdonline/modules/applicationmaster/default.aspx?page=wrapper&key=841492
  council_reference: OD-3389/2019
  date_received: '2019-04-29'
  description: Carrying out building work not associated with a material change of
    use - Storage Shed
  address: 217 Pine Mountain Road BRASSALL QLD 4305
  date_scraped: '2019-05-14'
- info_url: http://pdonline.ipswich.qld.gov.au/pdonline/modules/applicationmaster/default.aspx?page=wrapper&key=842907
  council_reference: OD-3478/2019
  date_received: '2019-05-01'
  description: Carrying out Building Works not Associated with a Material Change of
    Use - Extension to Dwelling (Deck)in a Character Zone
  address: 2 Canning Street NORTH IPSWICH QLD 4305
  date_scraped: '2019-05-14'
- info_url: http://pdonline.ipswich.qld.gov.au/pdonline/modules/applicationmaster/default.aspx?page=wrapper&key=843457
  council_reference: OD-3512/2019
  date_received: '2019-05-02'
  description: Advertising Device - Estate Wall Signage - The Haven
  address: 82 Keidges Road AUGUSTINE HEIGHTS QLD 4300
  date_scraped: '2019-05-14'
- info_url: http://pdonline.ipswich.qld.gov.au/pdonline/modules/applicationmaster/default.aspx?page=wrapper&key=844300
  council_reference: OD-3566/2019
  date_received: '2019-05-03'
  description: Advertising Devices - 1 x Pylon Sign and 3 x Wall Signs
  address: 1382 Warrego Highway BRASSALL QLD 4305
  date_scraped: '2019-05-14'
- info_url: http://pdonline.ipswich.qld.gov.au/pdonline/modules/applicationmaster/default.aspx?page=wrapper&key=844998
  council_reference: OD-3609/2019
  date_received: '2019-05-07'
  description: Advertising Devices - Five (5) Pole Signs, One (1) Pylon Sign, One
    (1) Fence Sign and Twenty-Two (22) Vertical Banner Signs
  address: 7001 Panorama Drive SPRINGFIELD QLD 4300
  date_scraped: '2019-05-14'
- info_url: http://pdonline.ipswich.qld.gov.au/pdonline/modules/applicationmaster/default.aspx?page=wrapper&key=846958
  council_reference: OD-3725/2019
  date_received: '2019-05-09'
  description: Carrying out building work not associated with a Material Change of
    Use - Extension to a Single Residential in a Character Zone and affected by Development
    Constraints
  address: 341 Brisbane Valley Highway PINE MOUNTAIN QLD 4306
  date_scraped: '2019-05-14'
- info_url: http://pdonline.ipswich.qld.gov.au/pdonline/modules/applicationmaster/default.aspx?page=wrapper&key=837577
  council_reference: OW-3122/2019
  date_received: '2019-04-15'
  description: Rate 3 Streetlighting - Providence Stage 56A
  address: 7003 Bayliss Road SOUTH RIPLEY QLD 4306
  date_scraped: '2019-05-14'
- info_url: http://pdonline.ipswich.qld.gov.au/pdonline/modules/applicationmaster/default.aspx?page=wrapper&key=839240
  council_reference: OW-3238/2019
  date_received: '2019-04-18'
  description: Stormwater
  address: 7001 Ashburn Road BUNDAMBA QLD 4304
  date_scraped: '2019-05-14'
- info_url: http://pdonline.ipswich.qld.gov.au/pdonline/modules/applicationmaster/default.aspx?page=wrapper&key=839260
  council_reference: OW-3240/2019
  date_received: '2019-04-18'
  description: Road Work, Stormwater, Earthworks and Signage
  address: 83 Bognuda Street BUNDAMBA QLD 4304
  date_scraped: '2019-05-14'
- info_url: http://pdonline.ipswich.qld.gov.au/pdonline/modules/applicationmaster/default.aspx?page=wrapper&key=839541
  council_reference: OW-3260/2019
  date_received: '2019-04-23'
  description: Rate 3 Streetlighting - Providence Stage 18B
  address: 7001 Centenary Highway SOUTH RIPLEY QLD 4306
  date_scraped: '2019-05-14'
- info_url: http://pdonline.ipswich.qld.gov.au/pdonline/modules/applicationmaster/default.aspx?page=wrapper&key=840641
  council_reference: OW-3334/2019
  date_received: '2019-04-26'
  description: Landscaping - Woodlinks Village Stage 18
  address: 7001 Collingwood Drive COLLINGWOOD PARK QLD 4301
  date_scraped: '2019-05-14'
- info_url: http://pdonline.ipswich.qld.gov.au/pdonline/modules/applicationmaster/default.aspx?page=wrapper&key=841446
  council_reference: OW-3384/2019
  date_received: '2019-04-26'
  description: Streetscape Landscaping - Springfield Rise at Spring Mountain Village
    11 Stages 7 and 12
  address: 182 Woodline Drive SPRING MOUNTAIN QLD 4300
  date_scraped: '2019-05-14'
- info_url: http://pdonline.ipswich.qld.gov.au/pdonline/modules/applicationmaster/default.aspx?page=wrapper&key=842365
  council_reference: OW-3446/2019
  date_received: '2019-05-01'
  description: Earthworks
  address: 23-29 Nimmo Street BOOVAL QLD 4304
  date_scraped: '2019-05-14'
- info_url: http://pdonline.ipswich.qld.gov.au/pdonline/modules/applicationmaster/default.aspx?page=wrapper&key=843027
  council_reference: OW-3485/2019
  date_received: '2019-05-02'
  description: Stormwater, Earthworks, Erosion and Sediment Control, Drainage and
    Carparking
  address: 7001 Hoepner Road BUNDAMBA QLD 4304
  date_scraped: '2019-05-14'
- info_url: http://pdonline.ipswich.qld.gov.au/pdonline/modules/applicationmaster/default.aspx?page=wrapper&key=843497
  council_reference: OW-3515/2019
  date_received: '2019-05-02'
  description: "## CANCELLED; REFER 1271/2016/OW; PER NOEL WOODWARD 24/05/2019 ##
    Rate 3 Streetlighting - Edens Crossing Phase 4 DTMR Link"
  address: Lot 6 Unnamed Road SWANBANK QLD 4306
  date_scraped: '2019-05-14'
- info_url: http://pdonline.ipswich.qld.gov.au/pdonline/modules/applicationmaster/default.aspx?page=wrapper&key=846198
  council_reference: OW-3677/2019
  date_received: '2019-05-08'
  description: Road work, Stormwater, Drainage work, Earthworks
  address: 490 Warwick Road YAMANTO QLD 4305
  date_scraped: '2019-05-14'
- info_url: http://pdonline.ipswich.qld.gov.au/pdonline/modules/applicationmaster/default.aspx?page=wrapper&key=846338
  council_reference: OW-3688/2019
  date_received: '2019-05-09'
  description: Earthworks and Landscaping
  address: 1382 Warrego Highway BRASSALL QLD 4305
  date_scraped: '2019-05-14'
- info_url: http://pdonline.ipswich.qld.gov.au/pdonline/modules/applicationmaster/default.aspx?page=wrapper&key=846548
  council_reference: OW-3700/2019
  date_received: '2019-05-09'
  description: Landscaping
  address: 183-187 Cedar Road REDBANK PLAINS QLD 4301
  date_scraped: '2019-05-14'
- info_url: http://pdonline.ipswich.qld.gov.au/pdonline/modules/applicationmaster/default.aspx?page=wrapper&key=847111
  council_reference: OW-3732/2019
  date_received: '2019-05-10'
  description: Landscaping
  address: 197A Pine Mountain Road BRASSALL QLD 4305
  date_scraped: '2019-05-14'
- info_url: http://pdonline.ipswich.qld.gov.au/pdonline/modules/applicationmaster/default.aspx?page=wrapper&key=848001
  council_reference: OW-3803/2019
  date_received: '2019-05-13'
  description: Rate 3 Streetlighting - Ripley Valley Stage 3
  address: 7001 Rhea de Wit Drive RIPLEY QLD 4306
  date_scraped: '2019-05-14'
- info_url: http://pdonline.ipswich.qld.gov.au/pdonline/modules/applicationmaster/default.aspx?page=wrapper&key=845838
  council_reference: PDA-3660/2019
  date_received: '2019-04-30'
  description: Operational Works â€“ Lucas Creek Trunk Sewer South
  address: 170 Barrams Road WHITE ROCK QLD 4306
  date_scraped: '2019-05-14'
- info_url: http://pdonline.ipswich.qld.gov.au/pdonline/modules/applicationmaster/default.aspx?page=wrapper&key=837707
  council_reference: RAL-3129/2019
  date_received: '2019-04-16'
  description: Reconfiguring a Lot - Boundary Realignment - Two (2) Lots into Two
    (2) Lots
  address: 73 Hill Street TIVOLI QLD 4305
  date_scraped: '2019-05-14'
- info_url: http://pdonline.ipswich.qld.gov.au/pdonline/modules/applicationmaster/default.aspx?page=wrapper&key=839340
  council_reference: RAL-3245/2019
  date_received: '2019-04-22'
  description: Reconfiguring Two (2) Lots into Two (2) Lots, plus New Road
  address: 70 Weedman Street REDBANK QLD 4301
  date_scraped: '2019-05-14'
- info_url: http://pdonline.ipswich.qld.gov.au/pdonline/modules/applicationmaster/default.aspx?page=wrapper&key=840770
  council_reference: RAL-3339/2019
  date_received: '2019-04-25'
  description: Reconfiguring a Lot - One (1) Lot into Two (2) Lots
  address: 5 Jones Street BUNDAMBA QLD 4304
  date_scraped: '2019-05-14'
- info_url: http://pdonline.ipswich.qld.gov.au/pdonline/modules/applicationmaster/default.aspx?page=wrapper&key=841181
  council_reference: RAL-3366/2019
  date_received: '2019-04-26'
  description: Reconfiguring a Lot - One (1) lot into Two (2) lots
  address: 241 Warwick Road CHURCHILL QLD 4305
  date_scraped: '2019-05-14'
- info_url: http://pdonline.ipswich.qld.gov.au/pdonline/modules/applicationmaster/default.aspx?page=wrapper&key=842195
  council_reference: RAL-3438/2019
  date_received: '2019-04-30'
  description: Reconfiguring a Lot - One (1) Lot into Two (2) Lots
  address: 36 Greasley Street TIVOLI QLD 4305
  date_scraped: '2019-05-14'
- info_url: http://pdonline.ipswich.qld.gov.au/pdonline/modules/applicationmaster/default.aspx?page=wrapper&key=846238
  council_reference: RAL-3682/2019
  date_received: '2019-05-09'
  description: Reconfiguring a Lot - One (1) Lot into Two (2) Lots
  address: 22 Birdwood Street NORTH IPSWICH QLD 4305
  date_scraped: '2019-05-14'
- info_url: http://pdonline.ipswich.qld.gov.au/pdonline/modules/applicationmaster/default.aspx?page=wrapper&key=837637
  council_reference: SPSR-3126/2019
  date_received: '2019-04-16'
  description: Superseded Planning Scheme Request - Single Residential Dwelling with
    Auxiliary Unit
  address: 26 MacKellar Way WALLOON QLD 4306
  date_scraped: '2019-05-14'
- info_url: http://pdonline.ipswich.qld.gov.au/pdonline/modules/applicationmaster/default.aspx?page=wrapper&key=839291
  council_reference: SPSR-3243/2019
  date_received: '2019-04-18'
  description: Superseded Planning Scheme Request - Single Residential Dwelling with
    Auxiliary Unit
  address: 33 Baird Circuit REDBANK PLAINS QLD 4301
  date_scraped: '2019-05-14'
- info_url: http://pdonline.ipswich.qld.gov.au/pdonline/modules/applicationmaster/default.aspx?page=wrapper&key=840431
  council_reference: SPSR-3313/2019
  date_received: '2019-04-24'
  description: Superseded Planning Scheme Request - Single Residential Dwelling with
    Auxiliary Unit
  address: 31 Lorraine Street CAMIRA QLD 4300
  date_scraped: '2019-05-14'
- info_url: http://pdonline.ipswich.qld.gov.au/pdonline/modules/applicationmaster/default.aspx?page=wrapper&key=842275
  council_reference: SPSR-3442/2019
  date_received: '2019-05-01'
  description: Superseded Planning Scheme Request - Single Residential Dwelling with
    Auxiliary Unit
  address: 24-62 North High Street BRASSALL QLD 4305
  date_scraped: '2019-05-14'
- info_url: http://pdonline.ipswich.qld.gov.au/pdonline/modules/applicationmaster/default.aspx?page=wrapper&key=843018
  council_reference: SPSR-3486/2019
  date_received: '2019-05-02'
  description: Superseded Planning Scheme Request - Auxiliary Unit
  address: 7 Venus Court KARALEE QLD 4306
  date_scraped: '2019-05-14'
- info_url: http://pdonline.ipswich.qld.gov.au/pdonline/modules/applicationmaster/default.aspx?page=wrapper&key=844402
  council_reference: SPSR-3573/2019
  date_received: '2019-05-07'
  description: Superseded Planning Scheme Request - Single Residential Dwelling with
    Auxiliary Unit
  address: 12 Bould Court BUNDAMBA QLD 4304
  date_scraped: '2019-05-14'
- info_url: http://pdonline.ipswich.qld.gov.au/pdonline/modules/applicationmaster/default.aspx?page=wrapper&key=845058
  council_reference: SPSR-3612/2019
  date_received: '2019-05-03'
  description: Superseded Planning Scheme Request - Single Residential with Auxiliary
    Unit x Four (4) Lots
  address: 17 Uldis Place BELLBIRD PARK QLD 4300
  date_scraped: '2019-05-14'
- info_url: http://pdonline.ipswich.qld.gov.au/pdonline/modules/applicationmaster/default.aspx?page=wrapper&key=846738
  council_reference: SPSR-3715/2019
  date_received: '2019-05-09'
  description: Superseded Planning Scheme Request - Single Residential with Auxiliary
    Unit
  address: 21 Harris Street BELLBIRD PARK QLD 4300
  date_scraped: '2019-05-14'
- info_url: http://pdonline.ipswich.qld.gov.au/pdonline/modules/applicationmaster/default.aspx?page=wrapper&key=846749
  council_reference: SPSR-3717/2019
  date_received: '2019-05-09'
  description: Superseded Planning Scheme Request - Single Residential Dwelling with
    Auxiliary Unit
  address: 11 Uldis Place BELLBIRD PARK QLD 4300
  date_scraped: '2019-05-14'
- info_url: http://pdonline.ipswich.qld.gov.au/pdonline/modules/applicationmaster/default.aspx?page=wrapper&key=847198
  council_reference: SPSR-3740/2019
  date_received: '2019-05-10'
  description: Superseded Planning Scheme Request â€“ Single Residential with Auxiliary
    Unit (30 Lots)
  address: 18-20 Harris Street BELLBIRD PARK QLD 4300
  date_scraped: '2019-05-14'
- info_url: http://pdonline.ipswich.qld.gov.au/pdonline/modules/applicationmaster/default.aspx?page=wrapper&key=847436
  council_reference: SPSR-3758/2019
  date_received: '2019-05-13'
  description: Superseded Planning Scheme Request - Single Residential Dwelling with
    Auxiliary Unit
  address: 42A Bognuda Street BUNDAMBA QLD 4304
  date_scraped: '2019-05-14'
