---
- info_url: http://ecouncil.marion.sa.gov.au/datrackingui/modules/applicationmaster/default.aspx?page=found&1=thisweek&4a=7&6=Fdefault.aspx?page=wrapper&key=007.2018.00001232.002
  council_reference: 100/1232/2018
  date_received: '2019-06-13'
  address: 19 Braeside AV SEACOMBE HEIGHTS
  description: Construction of a habitable outbuilding used for the purposes of dependant
    accommodation (granny flat).
  date_scraped: '2019-05-14'
- info_url: http://ecouncil.marion.sa.gov.au/datrackingui/modules/applicationmaster/default.aspx?page=found&1=thisweek&4a=7&6=Fdefault.aspx?page=wrapper&key=007.2018.00001249.002
  council_reference: 100/1249/2018
  date_received: '2019-06-13'
  address: 6 Russell TCE EDWARDSTOWN
  description: Land Division Residential Torrens Title - 1 into 2 allotments and the
    construction of a two-storey detached dwelling
  date_scraped: '2019-05-14'
- info_url: http://ecouncil.marion.sa.gov.au/datrackingui/modules/applicationmaster/default.aspx?page=found&1=thisweek&4a=7&6=Fdefault.aspx?page=wrapper&key=007.2018.00001251.002
  council_reference: 100/1251/2018
  date_received: '2019-06-13'
  address: 6 Russell TCE EDWARDSTOWN
  description: Land Division Residential Community Title - 1 into 2 allotments and
    the construction of a single-storey residential flat building comprising two dwellings
  date_scraped: '2019-05-14'
- info_url: http://ecouncil.marion.sa.gov.au/datrackingui/modules/applicationmaster/default.aspx?page=found&1=thisweek&4a=7&6=Fdefault.aspx?page=wrapper&key=007.2018.00001517.002
  council_reference: 100/1517/2018
  date_received: '2019-06-12'
  address: 13 Audrey ST ASCOT PARK
  description: Dwelling Addition Single Storey
  date_scraped: '2019-05-14'
- info_url: http://ecouncil.marion.sa.gov.au/datrackingui/modules/applicationmaster/default.aspx?page=found&1=thisweek&4a=7&6=Fdefault.aspx?page=wrapper&key=007.2016.00001789.004
  council_reference: 100/1789/2016
  date_received: '2019-06-13'
  address: 12 Walkley AV WARRADALE
  description: 'To undertake a staged development: Stage 1 - Residential Community
    Title Land Division - 1 into 4 allotments and Stage 2 - to construct two pairs
    of two storey semi-detached dwellings with associated car parking and landscaping'
  date_scraped: '2019-05-14'
- info_url: http://ecouncil.marion.sa.gov.au/datrackingui/modules/applicationmaster/default.aspx?page=found&1=thisweek&4a=7&6=Fdefault.aspx?page=wrapper&key=007.2019.00000901.002
  council_reference: 100/901/2019
  date_received: '2019-06-10'
  address: 60 Woodend RD SHEIDOW PARK
  description: Dwelling Addition - Verandah
  date_scraped: '2019-05-14'
- info_url: http://ecouncil.marion.sa.gov.au/datrackingui/modules/applicationmaster/default.aspx?page=found&1=thisweek&4a=7&6=Fdefault.aspx?page=wrapper&key=007.2019.00000953.001
  council_reference: 100/953/2019
  date_received: '2019-06-11'
  address: 36 Gardiner AV WARRADALE
  description: Variation of development application 100/2018/691 - carport to residence
    3 altered to garage
  date_scraped: '2019-05-14'
- info_url: http://ecouncil.marion.sa.gov.au/datrackingui/modules/applicationmaster/default.aspx?page=found&1=thisweek&4a=7&6=Fdefault.aspx?page=wrapper&key=007.2019.00000954.001
  council_reference: 100/954/2019
  date_received: '2019-06-12'
  address: 3 Gleeson ST SOUTH PLYMPTON
  description: Demolition
  date_scraped: '2019-05-14'
- info_url: http://ecouncil.marion.sa.gov.au/datrackingui/modules/applicationmaster/default.aspx?page=found&1=thisweek&4a=7&6=Fdefault.aspx?page=wrapper&key=007.2019.00000955.001
  council_reference: 100/955/2019
  date_received: '2019-06-12'
  address: 12 Railway TCE EDWARDSTOWN
  description: Demolition
  date_scraped: '2019-05-14'
- info_url: http://ecouncil.marion.sa.gov.au/datrackingui/modules/applicationmaster/default.aspx?page=found&1=thisweek&4a=7&6=Fdefault.aspx?page=wrapper&key=007.2019.00000956.001
  council_reference: 100/956/2019
  date_received: '2019-06-12'
  address: 5 Gleeson ST SOUTH PLYMPTON
  description: Demolition
  date_scraped: '2019-05-14'
- info_url: http://ecouncil.marion.sa.gov.au/datrackingui/modules/applicationmaster/default.aspx?page=found&1=thisweek&4a=7&6=Fdefault.aspx?page=wrapper&key=007.2019.00000957.001
  council_reference: 100/957/2019
  date_received: '2019-06-12'
  address: 30 Beadnall TCE GLENGOWRIE
  description: Dwelling Addition Single Storey Freestanding Garage
  date_scraped: '2019-05-14'
- info_url: http://ecouncil.marion.sa.gov.au/datrackingui/modules/applicationmaster/default.aspx?page=found&1=thisweek&4a=7&6=Fdefault.aspx?page=wrapper&key=007.2019.00000958.001
  council_reference: 100/958/2019
  date_received: '2019-06-12'
  address: 36 Ranelagh ST GLENGOWRIE
  description: Freestanding Verandah
  date_scraped: '2019-05-14'
- info_url: http://ecouncil.marion.sa.gov.au/datrackingui/modules/applicationmaster/default.aspx?page=found&1=thisweek&4a=7&6=Fdefault.aspx?page=wrapper&key=007.2019.00000959.001
  council_reference: 100/959/2019
  date_received: '2019-06-12'
  address: 70 Baker ST GLENGOWRIE
  description: Swimming pool & safety fencing
  date_scraped: '2019-05-14'
- info_url: http://ecouncil.marion.sa.gov.au/datrackingui/modules/applicationmaster/default.aspx?page=found&1=thisweek&4a=7&6=Fdefault.aspx?page=wrapper&key=007.2019.00000960.001
  council_reference: 100/960/2019
  date_received: '2019-06-12'
  address: 2 Ambleside PL MORPHETTVILLE
  description: Dwelling Addition - Verandah
  date_scraped: '2019-05-14'
- info_url: http://ecouncil.marion.sa.gov.au/datrackingui/modules/applicationmaster/default.aspx?page=found&1=thisweek&4a=7&6=Fdefault.aspx?page=wrapper&key=007.2019.00000961.001
  council_reference: 100/961/2019
  date_received: '2019-06-12'
  address: 4 Knowles CR MARINO
  description: Carport forward of the dwelling with a rooftop deck
  date_scraped: '2019-05-14'
- info_url: http://ecouncil.marion.sa.gov.au/datrackingui/modules/applicationmaster/default.aspx?page=found&1=thisweek&4a=7&6=Fdefault.aspx?page=wrapper&key=007.2019.00000962.001
  council_reference: 100/962/2019
  date_received: '2019-06-12'
  address: 40 Weroona AV PARK HOLME
  description: Semi Detached Dwelling Single Sto
  date_scraped: '2019-05-14'
- info_url: http://ecouncil.marion.sa.gov.au/datrackingui/modules/applicationmaster/default.aspx?page=found&1=thisweek&4a=7&6=Fdefault.aspx?page=wrapper&key=007.2019.00000963.001
  council_reference: 100/963/2019
  date_received: '2019-06-12'
  address: 61 Nunyah AV PARK HOLME
  description: Two Single Storey Detached Dwellings and Garages
  date_scraped: '2019-05-14'
- info_url: http://ecouncil.marion.sa.gov.au/datrackingui/modules/applicationmaster/default.aspx?page=found&1=thisweek&4a=7&6=Fdefault.aspx?page=wrapper&key=007.2019.00000964.001
  council_reference: 100/964/2019
  date_received: '2019-06-12'
  address: 44 Fourth AV ASCOT PARK
  description: Single Storey Dwelling Addition
  date_scraped: '2019-05-14'
- info_url: http://ecouncil.marion.sa.gov.au/datrackingui/modules/applicationmaster/default.aspx?page=found&1=thisweek&4a=7&6=Fdefault.aspx?page=wrapper&key=007.2019.00000965.001
  council_reference: 100/965/2019
  date_received: '2019-06-12'
  address: 42 Pine AV WARRADALE
  description: Demolition of existing dwelling/garage and site clearing
  date_scraped: '2019-05-14'
- info_url: http://ecouncil.marion.sa.gov.au/datrackingui/modules/applicationmaster/default.aspx?page=found&1=thisweek&4a=7&6=Fdefault.aspx?page=wrapper&key=007.2019.00000966.001
  council_reference: 100/966/2019
  date_received: '2019-06-12'
  address: 21 Tischendorf ST TROTT PARK
  description: Swimming pool & safety fencing
  date_scraped: '2019-05-14'
- info_url: http://ecouncil.marion.sa.gov.au/datrackingui/modules/applicationmaster/default.aspx?page=found&1=thisweek&4a=7&6=Fdefault.aspx?page=wrapper&key=007.2019.00000967.001
  council_reference: 100/967/2019
  date_received: '2019-06-12'
  address: 5 Almond GR GLANDORE
  description: Demolition of existing dwelling and construction of a single storey
    detached dwelling
  date_scraped: '2019-05-14'
- info_url: http://ecouncil.marion.sa.gov.au/datrackingui/modules/applicationmaster/default.aspx?page=found&1=thisweek&4a=7&6=Fdefault.aspx?page=wrapper&key=007.2019.00000968.001
  council_reference: 100/968/2019
  date_received: '2019-06-12'
  address: 4 Gardenia ST SEACLIFF PARK
  description: Variation to 100/2017/1012 - Changes to Dwelling on Lot 1
  date_scraped: '2019-05-14'
- info_url: http://ecouncil.marion.sa.gov.au/datrackingui/modules/applicationmaster/default.aspx?page=found&1=thisweek&4a=7&6=Fdefault.aspx?page=wrapper&key=007.2019.00000969.001
  council_reference: 100/969/2019
  date_received: '2019-06-13'
  address: 20 Wilkins ST GLENGOWRIE
  description: Swimming pool & safety fencing
  date_scraped: '2019-05-14'
- info_url: http://ecouncil.marion.sa.gov.au/datrackingui/modules/applicationmaster/default.aspx?page=found&1=thisweek&4a=7&6=Fdefault.aspx?page=wrapper&key=007.2019.00000970.001
  council_reference: 100/970/2019
  date_received: '2019-06-13'
  address: 31 Gooroonga ST SEAVIEW DOWNS
  description: Two Storey Detached Dwelling and Garage
  date_scraped: '2019-05-14'
- info_url: http://ecouncil.marion.sa.gov.au/datrackingui/modules/applicationmaster/default.aspx?page=found&1=thisweek&4a=7&6=Fdefault.aspx?page=wrapper&key=007.2019.00000971.001
  council_reference: 100/971/2019
  date_received: '2019-06-13'
  address: 15 Duncan AV PARK HOLME
  description: Demolition
  date_scraped: '2019-05-14'
- info_url: http://ecouncil.marion.sa.gov.au/datrackingui/modules/applicationmaster/default.aspx?page=found&1=thisweek&4a=7&6=Fdefault.aspx?page=wrapper&key=007.2019.00000972.001
  council_reference: 100/972/2019
  date_received: '2019-06-13'
  address: 5 / 19 Evans CR OAKLANDS PARK
  description: Freestanding Carport
  date_scraped: '2019-05-14'
- info_url: http://ecouncil.marion.sa.gov.au/datrackingui/modules/applicationmaster/default.aspx?page=found&1=thisweek&4a=7&6=Fdefault.aspx?page=wrapper&key=007.2019.00000973.001
  council_reference: 100/973/2019
  date_received: '2019-06-13'
  address: 2A Nunyah AV PARK HOLME
  description: Freestanding Shed
  date_scraped: '2019-05-14'
