---
- council_reference: DA2019/29
  address: 414 Gwydirfield Rd, Moree 2400 NSW
  description: Recreation Facility (Outdoor) - Golf Driving Range & Mini-Golf Centre
  info_url: http://masterview.mpsc.nsw.gov.au/Application/ApplicationDetails/010-2019-00000029-001
  date_scraped: '2019-05-14'
  date_received: '2019-04-18'
- council_reference: DA2019/30
  address: 2 Chester St, Moree 2400 NSW
  description: Replace existing retaining wall and upgrade playground
  info_url: http://masterview.mpsc.nsw.gov.au/Application/ApplicationDetails/010-2019-00000030-001
  date_scraped: '2019-05-14'
  date_received: '2019-04-30'
- council_reference: DA2019/31
  address: 346 Edward St, Moree 2400 NSW
  description: Erection of a Dwelling House and Carport
  info_url: http://masterview.mpsc.nsw.gov.au/Application/ApplicationDetails/010-2019-00000031-001
  date_scraped: '2019-05-14'
  date_received: '2019-05-01'
- council_reference: DA2019/32
  address: 5 Alawa Pl, Moree 2400 NSW
  description: Erection of a Detached Dual Occupancy
  info_url: http://masterview.mpsc.nsw.gov.au/Application/ApplicationDetails/010-2019-00000032-001
  date_scraped: '2019-05-14'
  date_received: '2019-05-01'
- council_reference: DA2019/33
  address: 80 Balo St, Moree 2400 NSW
  description: Alterations and additions to existing commercial premise
  info_url: http://masterview.mpsc.nsw.gov.au/Application/ApplicationDetails/010-2019-00000033-001
  date_scraped: '2019-05-14'
  date_received: '2019-05-08'
- council_reference: DA2019/34
  address: 223 Gwydirfield Rd, Moree 2400 NSW
  description: Alterations and additions to an existing dwelling house (additional
    tw o bedrooms)
  info_url: http://masterview.mpsc.nsw.gov.au/Application/ApplicationDetails/010-2019-00000034-001
  date_scraped: '2019-05-14'
  date_received: '2019-05-09'
- council_reference: S682019/5
  address: 155 River Rd, Pallamallawa 2399 NSW
  description: Installation of onsite sewage management system
  info_url: http://masterview.mpsc.nsw.gov.au/Application/ApplicationDetails/017-2019-00000005-001
  date_scraped: '2019-05-14'
  date_received: '2019-04-26'
- council_reference: S962018/64
  address: 18 Bellata St, Gurley 2398 NSW
  description: Erection of a dwelling house (transportable)
  info_url: http://masterview.mpsc.nsw.gov.au/Application/ApplicationDetails/010-2018-00000064-002
  date_scraped: '2019-05-14'
  date_received: '2019-04-16'
- council_reference: S962018/95
  address: 123 Balo St, Moree 2400 NSW
  description: Alterations and additions to existing commercial premise
  info_url: http://masterview.mpsc.nsw.gov.au/Application/ApplicationDetails/010-2018-00000095-002
  date_scraped: '2019-05-14'
  date_received: '2019-04-24'
- council_reference: S962019/13
  address: 74 Heber St, Moree 2400 NSW
  description: Change of use from retail to office premises including alterations
    and additions and fitout
  info_url: http://masterview.mpsc.nsw.gov.au/Application/ApplicationDetails/010-2019-00000013-002
  date_scraped: '2019-05-14'
  date_received: '2019-04-18'
- council_reference: S962019/7
  address: 21 Auburn St, Moree 2400 NSW
  description: Commercial - Internal Fitout
  info_url: http://masterview.mpsc.nsw.gov.au/Application/ApplicationDetails/010-2019-00000007-002
  date_scraped: '2019-05-14'
  date_received: '2019-04-17'
