---
- council_reference: 016-2009-00000257-012
  address: 70 Latitude Dr, Anna Bay 2316 NSW
  description: S4.55 1(A) modification to approved caravan park (270 sites), managers
    residence, community hall and associated facilities – reconfigure northern car
    park including removal of office and provision of community work shed, update
    site plan, amendments to internal roads and car parking, reconfigure five sites
    and pocket park within stages 7 and 9, additional car parking, provision of community
    garden and removal of manager residence.
  info_url: http://datracker.portstephens.nsw.gov.au/Application/ApplicationDetails/016-2009-00000257-012
  date_scraped: '2019-05-14'
  date_received: '2019-04-16'
- council_reference: 016-2012-00000706-003
  address: 828 Paterson Rd, Woodville 2321 NSW
  description: Section 4.55(1A) Application to approved landfill – Amend the shape
    and size of land fill, remove condition Nos. 1, 3, 8, 11, 12, 17, 21A, 23 relating
    to construction certificate requirements, swale and duplicate condition and modify
    condition No. 20A to permit use of Excavated Natural Material
  info_url: http://datracker.portstephens.nsw.gov.au/Application/ApplicationDetails/016-2012-00000706-003
  date_scraped: '2019-05-14'
  date_received: '2019-05-09'
- council_reference: 016-2013-00000273-002
  address: 17 Biscay Cl, Anna Bay 2316 NSW
  description: Section 4.55 Modification to approved single storey dwelling and swimming
    pool - amend shape of pool
  info_url: http://datracker.portstephens.nsw.gov.au/Application/ApplicationDetails/016-2013-00000273-002
  date_scraped: '2019-05-14'
  date_received: '2019-05-14'
- council_reference: 016-2013-00000696-002
  address: 627 Hinton Rd, Hinton 2321 NSW
  description: S4.55 1(a) Modification to approved single storey dwelling, shed &
    land fill - amend design and location of shed and dwelling
  info_url: http://datracker.portstephens.nsw.gov.au/Application/ApplicationDetails/016-2013-00000696-002
  date_scraped: '2019-05-14'
  date_received: '2019-04-15'
- council_reference: 016-2013-00000790-004
  address: 4011 Nelson Bay Rd, Bobs Farm 2316 NSW
  description: S4.55 (1A) modification to approved caravan park (196 long term sites)
    – amendments to conditions of consent including condition No.3B to reference updated
    Rural Fire Service General Terms of Approval and condition No.47.1 to enable the
    community facilities building to be completed prior to occupation of the 33rd
    dwelling site.
  info_url: http://datracker.portstephens.nsw.gov.au/Application/ApplicationDetails/016-2013-00000790-004
  date_scraped: '2019-05-14'
  date_received: '2019-04-17'
- council_reference: 016-2015-00000773-004
  address: 227 Old Main Rd, Anna Bay 2316 NSW
  description: S4.55 (1) modification - Dual Occupancy (incorporating existing dwelling)
    and Two Lot Torrens – Modify conditions relating to 227 Old Main Road, Anna Bay
  info_url: http://datracker.portstephens.nsw.gov.au/Application/ApplicationDetails/016-2015-00000773-004
  date_scraped: '2019-05-14'
  date_received: '2019-05-10'
- council_reference: 016-2016-00000046-002
  address: 37 Gould Dr, Lemon Tree Passage 2319 NSW
  description: S4.55 1(A) modification to approved two storey dwelling - overall reduction
    in the size of building
  info_url: http://datracker.portstephens.nsw.gov.au/Application/ApplicationDetails/016-2016-00000046-002
  date_scraped: '2019-05-14'
  date_received: '2019-04-29'
- council_reference: 016-2016-00000462-003
  address: 25A Tareebin Rd, Nelson Bay 2315 NSW
  description: S4.55 (1) modification to approved two storey dwelling - remove Condition
    17
  info_url: http://datracker.portstephens.nsw.gov.au/Application/ApplicationDetails/016-2016-00000462-003
  date_scraped: '2019-05-14'
  date_received: '2019-04-18'
- council_reference: 016-2017-00000088-004
  address: 1 Technology Pl, Williamtown 2318 NSW
  description: S4.55 1(A) modification to approved commercial premises and two store
    – amendments to screening and landscaping and increase size of signage.
  info_url: http://datracker.portstephens.nsw.gov.au/Application/ApplicationDetails/016-2017-00000088-004
  date_scraped: '2019-05-14'
  date_received: '2019-04-18'
- council_reference: 016-2017-00000302-002
  address: 27 Gould Dr, Lemon Tree Passage 2319 NSW
  description: S4.55(1) modification to dual occupancy (detached), one into two lot
    Torrens title subdivision, tree removal and associated landscaping - amend Condition
    32
  info_url: http://datracker.portstephens.nsw.gov.au/Application/ApplicationDetails/016-2017-00000302-002
  date_scraped: '2019-05-14'
  date_received: '2019-04-16'
- council_reference: 016-2017-00000306-003
  address: 220 Soldiers Point Rd, Salamander Bay 2317 NSW
  description: S4.551(A) modification to approved subdivision (one into 19 lot Torrens
    Title subdivision, including one residue lot, and new road) – amendments to condition
    Nos.1, 2, 3, 13, 25, and 44 in order to facilitate the provision of a building
    envelope on Lot 19.
  info_url: http://datracker.portstephens.nsw.gov.au/Application/ApplicationDetails/016-2017-00000306-003
  date_scraped: '2019-05-14'
  date_received: '2019-04-16'
- council_reference: 016-2017-00000562-004
  address: 30 Voyager Cl, Nelson Bay 2315 NSW
  description: S.4.55 (1) modification to dwelling
  info_url: http://datracker.portstephens.nsw.gov.au/Application/ApplicationDetails/016-2017-00000562-004
  date_scraped: '2019-05-14'
  date_received: '2019-05-07'
- council_reference: 016-2017-00000809-002
  address: 7 Still St, Seaham 2324 NSW
  description: S4.55 (1) modification to dwelling
  info_url: http://datracker.portstephens.nsw.gov.au/Application/ApplicationDetails/016-2017-00000809-002
  date_scraped: '2019-05-14'
  date_received: '2019-05-03'
- council_reference: 016-2018-00000446-002
  address: 11 Wychewood Ave, Mallabula 2319 NSW
  description: Section 4.55 Application - Modification - Roller Door added to read
    of shed for ventilation and light because of the heat in the shed over the summer
  info_url: http://datracker.portstephens.nsw.gov.au/Application/ApplicationDetails/016-2018-00000446-002
  date_scraped: '2019-05-14'
  date_received: '2019-04-26'
- council_reference: 016-2018-00000579-003
  address: 10 Harold Rd, Raymond Terrace 2324 NSW
  description: S.4.55 1(A) modification to dwelling
  info_url: http://datracker.portstephens.nsw.gov.au/Application/ApplicationDetails/016-2018-00000579-003
  date_scraped: '2019-05-14'
  date_received: '2019-05-09'
- council_reference: 016-2018-00000696-002
  address: 791 Medowie Rd, Medowie 2318 NSW
  description: S4.55 (1) modification to Multi-dwelling housing (eight attached dwellings),
    one into two lot torrens title subdivision, one into eight lot strata subdivision
    of multi-dwelling housing, landscaping and associated site works – Amend timing
    of conditions
  info_url: http://datracker.portstephens.nsw.gov.au/Application/ApplicationDetails/016-2018-00000696-002
  date_scraped: '2019-05-14'
  date_received: '2019-05-09'
- council_reference: 016-2018-00000807-002
  address: 19 Kanangra Ave, Corlette 2315 NSW
  description: Section 4.55 (1) modification to approved strata title subdivision
    (staged – four lots) – amendment to correct administrative error to include strata
    development contract in approved documents.
  info_url: http://datracker.portstephens.nsw.gov.au/Application/ApplicationDetails/016-2018-00000807-002
  date_scraped: '2019-05-14'
  date_received: '2019-04-18'
- council_reference: 016-2018-00000841-002
  address: 18 Liberty Rd, Medowie 2318 NSW
  description: S4.55 (1) modification to approved single storey dwelling - remove
    condition 20 (rain water garden infiltration pit)
  info_url: http://datracker.portstephens.nsw.gov.au/Application/ApplicationDetails/016-2018-00000841-002
  date_scraped: '2019-05-14'
  date_received: '2019-05-08'
- council_reference: 016-2019-00000136-002
  address: 6 Augusta Pl, Medowie 2318 NSW
  description: S4.55 (1) modification to approved single storey dwelling - remove
    condition 18 (rain garden)
  info_url: http://datracker.portstephens.nsw.gov.au/Application/ApplicationDetails/016-2019-00000136-002
  date_scraped: '2019-05-14'
  date_received: '2019-05-02'
- council_reference: 016-2019-00000249-001
  address: 4187 Nelson Bay Rd, Anna Bay 2316 NSW
  description: Home business – acupuncture studio
  info_url: http://datracker.portstephens.nsw.gov.au/Application/ApplicationDetails/016-2019-00000249-001
  date_scraped: '2019-05-14'
  date_received: '2019-04-15'
- council_reference: 016-2019-00000250-001
  address: 21 Bower Rd, Medowie 2318 NSW
  description: Single Storey Dwelling
  info_url: http://datracker.portstephens.nsw.gov.au/Application/ApplicationDetails/016-2019-00000250-001
  date_scraped: '2019-05-14'
  date_received: '2019-04-15'
- council_reference: 016-2019-00000251-001
  address: 53 Holdom Rd, Karuah 2324 NSW
  description: Pool & Decking
  info_url: http://datracker.portstephens.nsw.gov.au/Application/ApplicationDetails/016-2019-00000251-001
  date_scraped: '2019-05-14'
  date_received: '2019-04-15'
- council_reference: 016-2019-00000252-001
  address: 66B Frederick Dr, Oyster Cove 2318 NSW
  description: Swimming Pool
  info_url: http://datracker.portstephens.nsw.gov.au/Application/ApplicationDetails/016-2019-00000252-001
  date_scraped: '2019-05-14'
  date_received: '2019-04-16'
- council_reference: 016-2019-00000253-001
  address: 50 Butterwick Rd, Woodville 2321 NSW
  description: Shed
  info_url: http://datracker.portstephens.nsw.gov.au/Application/ApplicationDetails/016-2019-00000253-001
  date_scraped: '2019-05-14'
  date_received: '2019-04-17'
- council_reference: 016-2019-00000254-001
  address: 147 Soldiers Point Rd, Soldiers Point 2317 NSW
  description: Tourist and visitor accommodation - Alterations and Additions
  info_url: http://datracker.portstephens.nsw.gov.au/Application/ApplicationDetails/016-2019-00000254-001
  date_scraped: '2019-05-14'
  date_received: '2019-04-17'
- council_reference: 016-2019-00000255-001
  address: 3 James Scott Cr, Lemon Tree Passage 2319 NSW
  description: Single storey dwelling
  info_url: http://datracker.portstephens.nsw.gov.au/Application/ApplicationDetails/016-2019-00000255-001
  date_scraped: '2019-05-14'
  date_received: '2019-04-17'
- council_reference: 016-2019-00000256-001
  address: 7 Coachwood Dr, Medowie 2318 NSW
  description: Shed
  info_url: http://datracker.portstephens.nsw.gov.au/Application/ApplicationDetails/016-2019-00000256-001
  date_scraped: '2019-05-14'
  date_received: '2019-04-17'
- council_reference: 016-2019-00000257-001
  address: 18 Wallawa Rd, Nelson Bay 2315 NSW
  description: Cabana Roof
  info_url: http://datracker.portstephens.nsw.gov.au/Application/ApplicationDetails/016-2019-00000257-001
  date_scraped: '2019-05-14'
  date_received: '2019-04-18'
- council_reference: 016-2019-00000258-001
  address: 68 Holdom Rd, Karuah 2324 NSW
  description: Shed and Garage
  info_url: http://datracker.portstephens.nsw.gov.au/Application/ApplicationDetails/016-2019-00000258-001
  date_scraped: '2019-05-14'
  date_received: '2019-04-18'
- council_reference: 016-2019-00000259-001
  address: 1A Heritage Ave, Medowie 2318 NSW
  description: Multi-dwelling housing and two lot Torrens title subdivision - Existing
    dwelling to be retained on proposed lot 1 and multi-dwelling housing (four dwellings)
    on proposed lot 2.
  info_url: http://datracker.portstephens.nsw.gov.au/Application/ApplicationDetails/016-2019-00000259-001
  date_scraped: '2019-05-14'
  date_received: '2019-04-18'
- council_reference: 016-2019-00000260-001
  address: 74 Swan Bay Rd, Karuah 2324 NSW
  description: Single Storey Dwelling
  info_url: http://datracker.portstephens.nsw.gov.au/Application/ApplicationDetails/016-2019-00000260-001
  date_scraped: '2019-05-14'
  date_received: '2019-04-18'
- council_reference: 016-2019-00000261-001
  address: 2 Seaside Bvd, Fern Bay 2295 NSW
  description: Community title subdivision - one into two lots
  info_url: http://datracker.portstephens.nsw.gov.au/Application/ApplicationDetails/016-2019-00000261-001
  date_scraped: '2019-05-14'
  date_received: '2019-04-18'
- council_reference: 016-2019-00000262-001
  address: 35 Portmarnock Cl, Medowie 2318 NSW
  description: Single storey dwelling
  info_url: http://datracker.portstephens.nsw.gov.au/Application/ApplicationDetails/016-2019-00000262-001
  date_scraped: '2019-05-14'
  date_received: '2019-04-18'
- council_reference: 016-2019-00000263-001
  address: 38 Henning Rd, Raymond Terrace 2324 NSW
  description: Two detached dwellings and two lot Torrens title subdivision
  info_url: http://datracker.portstephens.nsw.gov.au/Application/ApplicationDetails/016-2019-00000263-001
  date_scraped: '2019-05-14'
  date_received: '2019-04-18'
- council_reference: 016-2019-00000264-001
  address: 12 Hanson Ave, Anna Bay 2316 NSW
  description: Alfresco
  info_url: http://datracker.portstephens.nsw.gov.au/Application/ApplicationDetails/016-2019-00000264-001
  date_scraped: '2019-05-14'
  date_received: '2019-04-18'
- council_reference: 016-2019-00000265-001
  address: 4 Stanley St, Lemon Tree Passage 2319 NSW
  description: Shed and Carport
  info_url: http://datracker.portstephens.nsw.gov.au/Application/ApplicationDetails/016-2019-00000265-001
  date_scraped: '2019-05-14'
  date_received: '2019-04-18'
- council_reference: 016-2019-00000266-001
  address: 4 Kuranga Ave, Raymond Terrace 2324 NSW
  description: Torrens title subdivision - One into 12 lot Torrens title subdivision
    , associated road works, vegetation removal, and site preparation works
  info_url: http://datracker.portstephens.nsw.gov.au/Application/ApplicationDetails/016-2019-00000266-001
  date_scraped: '2019-05-14'
  date_received: '2019-04-23'
- council_reference: 016-2019-00000267-001
  address: 10 Braid Rd, Fern Bay 2295 NSW
  description: Carport
  info_url: http://datracker.portstephens.nsw.gov.au/Application/ApplicationDetails/016-2019-00000267-001
  date_scraped: '2019-05-14'
  date_received: '2019-04-23'
- council_reference: 016-2019-00000268-001
  address: 1475 Raymond Terrace Rd, Nelsons Plains 2324 NSW
  description: Earthworks (stock refuge) and rural shed
  info_url: http://datracker.portstephens.nsw.gov.au/Application/ApplicationDetails/016-2019-00000268-001
  date_scraped: '2019-05-14'
  date_received: '2019-04-26'
- council_reference: 016-2019-00000269-001
  address: 74 Warren St, Seaham 2324 NSW
  description: Single Storey Dwelling
  info_url: http://datracker.portstephens.nsw.gov.au/Application/ApplicationDetails/016-2019-00000269-001
  date_scraped: '2019-05-14'
  date_received: '2019-04-29'
- council_reference: 016-2019-00000270-001
  address: 862 Paterson Rd, Woodville 2321 NSW
  description: Demolition of existing buildings and construction of and new single
    storey dwelling
  info_url: http://datracker.portstephens.nsw.gov.au/Application/ApplicationDetails/016-2019-00000270-001
  date_scraped: '2019-05-14'
  date_received: '2019-04-30'
- council_reference: 016-2019-00000271-001
  address: 68 Whybin Ln, Butterwick 2321 NSW
  description: Single Storey Dwelling
  info_url: http://datracker.portstephens.nsw.gov.au/Application/ApplicationDetails/016-2019-00000271-001
  date_scraped: '2019-05-14'
  date_received: '2019-04-30'
- council_reference: 016-2019-00000272-001
  address: 8 Masonite Rd, Tomago 2322 NSW
  description: Boundary Fence
  info_url: http://datracker.portstephens.nsw.gov.au/Application/ApplicationDetails/016-2019-00000272-001
  date_scraped: '2019-05-14'
  date_received: '2019-04-30'
- council_reference: 016-2019-00000273-001
  address: 13 Abundance Rd, Medowie 2318 NSW
  description: Strata title subdivision of 4 lots
  info_url: http://datracker.portstephens.nsw.gov.au/Application/ApplicationDetails/016-2019-00000273-001
  date_scraped: '2019-05-14'
  date_received: '2019-04-30'
- council_reference: 016-2019-00000274-001
  address: 1/16 Shearwater Dr, Taylors Beach 2316 NSW
  description: Indoor recreational facility (change of use to dance studio)
  info_url: http://datracker.portstephens.nsw.gov.au/Application/ApplicationDetails/016-2019-00000274-001
  date_scraped: '2019-05-14'
  date_received: '2019-04-30'
- council_reference: 016-2019-00000275-001
  address: 2 Trelevan Way, Raymond Terrace 2324 NSW
  description: Garage
  info_url: http://datracker.portstephens.nsw.gov.au/Application/ApplicationDetails/016-2019-00000275-001
  date_scraped: '2019-05-14'
  date_received: '2019-05-01'
- council_reference: 016-2019-00000277-001
  address: 97 Stockton St, Nelson Bay 2315 NSW
  description: Change of use from Retail Premises (Marine Sales) to Retail Premises
    (Vehicle Sales or Hire Premises)
  info_url: http://datracker.portstephens.nsw.gov.au/Application/ApplicationDetails/016-2019-00000277-001
  date_scraped: '2019-05-14'
  date_received: '2019-05-01'
- council_reference: 016-2019-00000278-001
  address: 190A Soldiers Point Rd, Salamander Bay 2317 NSW
  description: Deck Extension
  info_url: http://datracker.portstephens.nsw.gov.au/Application/ApplicationDetails/016-2019-00000278-001
  date_scraped: '2019-05-14'
  date_received: '2019-05-01'
- council_reference: 016-2019-00000279-001
  address: 3 Samurai Grv, One Mile 2316 NSW
  description: Shed Extension
  info_url: http://datracker.portstephens.nsw.gov.au/Application/ApplicationDetails/016-2019-00000279-001
  date_scraped: '2019-05-14'
  date_received: '2019-05-01'
- council_reference: 016-2019-00000280-001
  address: 77 Campbell Ave, Anna Bay 2316 NSW
  description: Carport
  info_url: http://datracker.portstephens.nsw.gov.au/Application/ApplicationDetails/016-2019-00000280-001
  date_scraped: '2019-05-14'
  date_received: '2019-05-01'
- council_reference: 016-2019-00000281-001
  address: 34 Ford Ave, Medowie 2318 NSW
  description: Patio Cover
  info_url: http://datracker.portstephens.nsw.gov.au/Application/ApplicationDetails/016-2019-00000281-001
  date_scraped: '2019-05-14'
  date_received: '2019-05-01'
- council_reference: 016-2019-00000282-001
  address: 1/203 Foreshore Dr, Corlette 2315 NSW
  description: Extend Patio
  info_url: http://datracker.portstephens.nsw.gov.au/Application/ApplicationDetails/016-2019-00000282-001
  date_scraped: '2019-05-14'
  date_received: '2019-05-02'
- council_reference: 016-2019-00000283-001
  address: 17 Fitzroy St, Anna Bay 2316 NSW
  description: Shed and swimming pool
  info_url: http://datracker.portstephens.nsw.gov.au/Application/ApplicationDetails/016-2019-00000283-001
  date_scraped: '2019-05-14'
  date_received: '2019-05-02'
- council_reference: 016-2019-00000284-001
  address: 795 Medowie Rd, Medowie 2318 NSW
  description: Office premises and signage – construction of two storey office premises,
    signage, car parking, landscaping, fencing, and associated site works.
  info_url: http://datracker.portstephens.nsw.gov.au/Application/ApplicationDetails/016-2019-00000284-001
  date_scraped: '2019-05-14'
  date_received: '2019-05-03'
- council_reference: 016-2019-00000285-001
  address: 221 Adelaide St, Raymond Terrace 2324 NSW
  description: Alter existing dwelling, demolish existing shed and build new shed,
    build new duplex
  info_url: http://datracker.portstephens.nsw.gov.au/Application/ApplicationDetails/016-2019-00000285-001
  date_scraped: '2019-05-14'
  date_received: '2019-05-03'
- council_reference: 016-2019-00000286-001
  address: 6 Starboard Cl, Salamander Bay 2317 NSW
  description: Alterations and additions to existing dwelling, demolition of existing
    garage and construction of new garage
  info_url: http://datracker.portstephens.nsw.gov.au/Application/ApplicationDetails/016-2019-00000286-001
  date_scraped: '2019-05-14'
  date_received: '2019-05-03'
- council_reference: 016-2019-00000287-001
  address: 82 Fullerton Cove Rd, Fullerton Cove 2318 NSW
  description: Swimming Pool
  info_url: http://datracker.portstephens.nsw.gov.au/Application/ApplicationDetails/016-2019-00000287-001
  date_scraped: '2019-05-14'
  date_received: '2019-05-06'
- council_reference: 016-2019-00000288-001
  address: 312 Wanda Ave, Salamander Bay 2317 NSW
  description: Alterations & Additions to existing dwelling
  info_url: http://datracker.portstephens.nsw.gov.au/Application/ApplicationDetails/016-2019-00000288-001
  date_scraped: '2019-05-14'
  date_received: '2019-05-06'
- council_reference: 016-2019-00000289-001
  address: 92 Morna Point Rd, Anna Bay 2316 NSW
  description: Alterations to existing single storey dwelling
  info_url: http://datracker.portstephens.nsw.gov.au/Application/ApplicationDetails/016-2019-00000289-001
  date_scraped: '2019-05-14'
  date_received: '2019-05-06'
- council_reference: 016-2019-00000290-001
  address: 25 Gilchrist Rd, Salamander Bay 2317 NSW
  description: Dual Occupancy (one existing) and 1 into 2 lots Strata Subdivision
  info_url: http://datracker.portstephens.nsw.gov.au/Application/ApplicationDetails/016-2019-00000290-001
  date_scraped: '2019-05-14'
  date_received: '2019-05-06'
- council_reference: 016-2019-00000291-001
  address: 54 Timbertop Rd, Glen Oak 2320 NSW
  description: Two Storey Dwelling
  info_url: http://datracker.portstephens.nsw.gov.au/Application/ApplicationDetails/016-2019-00000291-001
  date_scraped: '2019-05-14'
  date_received: '2019-05-06'
- council_reference: 016-2019-00000292-001
  address: 2 Town Centre Cct, Salamander Bay 2317 NSW
  description: Telecommunications Facility – Mobile telecommunications facility comprising
    20 m monopole and antennas
  info_url: http://datracker.portstephens.nsw.gov.au/Application/ApplicationDetails/016-2019-00000292-001
  date_scraped: '2019-05-14'
  date_received: '2019-05-06'
- council_reference: 016-2019-00000293-001
  address: 76 Warren St, Seaham 2324 NSW
  description: Change of use from shed to temporary dwelling
  info_url: http://datracker.portstephens.nsw.gov.au/Application/ApplicationDetails/016-2019-00000293-001
  date_scraped: '2019-05-14'
  date_received: '2019-05-07'
- council_reference: 016-2019-00000294-001
  address: 8 Taylor Rd, Taylors Beach 2316 NSW
  description: Additions and Alterations to existing dwelling, Secondary Dwelling,
    Carport and Pool
  info_url: http://datracker.portstephens.nsw.gov.au/Application/ApplicationDetails/016-2019-00000294-001
  date_scraped: '2019-05-14'
  date_received: '2019-05-07'
- council_reference: 016-2019-00000295-001
  address: 28 Thurlow Ave, Nelson Bay 2315 NSW
  description: Extension to Existing Decks
  info_url: http://datracker.portstephens.nsw.gov.au/Application/ApplicationDetails/016-2019-00000295-001
  date_scraped: '2019-05-14'
  date_received: '2019-05-08'
- council_reference: 016-2019-00000296-001
  address: 44 Seaside Bvd, Fern Bay 2295 NSW
  description: Swimming Pool and Patio Extension
  info_url: http://datracker.portstephens.nsw.gov.au/Application/ApplicationDetails/016-2019-00000296-001
  date_scraped: '2019-05-14'
  date_received: '2019-05-08'
- council_reference: 016-2019-00000297-001
  address: 35A Pacific Ave, Anna Bay 2316 NSW
  description: Single Storey Dwelling
  info_url: http://datracker.portstephens.nsw.gov.au/Application/ApplicationDetails/016-2019-00000297-001
  date_scraped: '2019-05-14'
  date_received: '2019-05-08'
- council_reference: 016-2019-00000298-001
  address: 2171 Pacific Hwy, Heatherbrae 2324 NSW
  description: Dual occupancy (one dwelling existing)
  info_url: http://datracker.portstephens.nsw.gov.au/Application/ApplicationDetails/016-2019-00000298-001
  date_scraped: '2019-05-14'
  date_received: '2019-05-09'
- council_reference: 016-2019-00000299-001
  address: 49 Dean Pde, Lemon Tree Passage 2319 NSW
  description: Alterations & additions to existing two storey dwelling
  info_url: http://datracker.portstephens.nsw.gov.au/Application/ApplicationDetails/016-2019-00000299-001
  date_scraped: '2019-05-14'
  date_received: '2019-05-09'
- council_reference: 016-2019-00000300-001
  address: 59A Bagnall Beach Rd, Corlette 2315 NSW
  description: Swimming pool and pergola
  info_url: http://datracker.portstephens.nsw.gov.au/Application/ApplicationDetails/016-2019-00000300-001
  date_scraped: '2019-05-14'
  date_received: '2019-05-09'
- council_reference: 016-2019-00000301-001
  address: 330 Newline Rd, Raymond Terrace 2324 NSW
  description: Waste / Resource Management Facility – Alterations and additions to
    the existing Raymond Terrace Advanced Resource Recovery Centre, comprising temporary
    blasting of approximately 140,00 bank cubic meters, to facilitate the construction
    of landfill Cell 5
  info_url: http://datracker.portstephens.nsw.gov.au/Application/ApplicationDetails/016-2019-00000301-001
  date_scraped: '2019-05-14'
  date_received: '2019-05-09'
- council_reference: 016-2019-00000302-001
  address: 23 Vista Ave, Soldiers Point 2317 NSW
  description: Carport, covered deck (front), patio cover (rear) and extension of
    existing deck
  info_url: http://datracker.portstephens.nsw.gov.au/Application/ApplicationDetails/016-2019-00000302-001
  date_scraped: '2019-05-14'
  date_received: '2019-05-09'
- council_reference: 016-2019-00000303-001
  address: 147 Benjamin Lee Dr, Raymond Terrace 2324 NSW
  description: Secondary dwelling – Construction of secondary dwelling and demolition
    of existing garage
  info_url: http://datracker.portstephens.nsw.gov.au/Application/ApplicationDetails/016-2019-00000303-001
  date_scraped: '2019-05-14'
  date_received: '2019-05-10'
- council_reference: 016-2019-00000304-001
  address: 79 Holdom Rd, Karuah 2324 NSW
  description: Single Storey Dwelling
  info_url: http://datracker.portstephens.nsw.gov.au/Application/ApplicationDetails/016-2019-00000304-001
  date_scraped: '2019-05-14'
  date_received: '2019-05-10'
- council_reference: 016-2019-00000305-001
  address: 24 Tareebin Rd, Nelson Bay 2315 NSW
  description: Retaining Wall
  info_url: http://datracker.portstephens.nsw.gov.au/Application/ApplicationDetails/016-2019-00000305-001
  date_scraped: '2019-05-14'
  date_received: '2019-05-10'
- council_reference: 016-2019-00000306-001
  address: 337 Swan Bay Rd, Swan Bay 2324 NSW
  description: Single storey dwelling and shed
  info_url: http://datracker.portstephens.nsw.gov.au/Application/ApplicationDetails/016-2019-00000306-001
  date_scraped: '2019-05-14'
  date_received: '2019-05-10'
- council_reference: 016-2019-00000307-001
  address: 39 Peachey Cct, Karuah 2324 NSW
  description: Shed
  info_url: http://datracker.portstephens.nsw.gov.au/Application/ApplicationDetails/016-2019-00000307-001
  date_scraped: '2019-05-14'
  date_received: '2019-05-13'
- council_reference: 016-2019-00000308-001
  address: 53 Portmarnock Cl, Medowie 2318 NSW
  description: Single storey dwelling
  info_url: http://datracker.portstephens.nsw.gov.au/Application/ApplicationDetails/016-2019-00000308-001
  date_scraped: '2019-05-14'
  date_received: '2019-05-13'
- council_reference: 016-2019-00000309-001
  address: 19 Victor Pde, Shoal Bay 2315 NSW
  description: Alterations & additions to existing two storey dwelling and new cabana
  info_url: http://datracker.portstephens.nsw.gov.au/Application/ApplicationDetails/016-2019-00000309-001
  date_scraped: '2019-05-14'
  date_received: '2019-05-13'
- council_reference: 016-2019-00000310-001
  address: 29 Liberty Rd, Medowie 2318 NSW
  description: Single storey dwelling
  info_url: http://datracker.portstephens.nsw.gov.au/Application/ApplicationDetails/016-2019-00000310-001
  date_scraped: '2019-05-14'
  date_received: '2019-05-14'
