---
- council_reference: DA19/1333
  info_url: http://www3.shoalhaven.nsw.gov.au/masterviewUI/modules/ApplicationMaster/default.aspx?page=wrapper&key=123980&propkey=85522
  description: Carport
  date_received: '2019-04-08'
  address: 3 Hermes Cr, WORRIGEE, NSW
  on_notice_to: '2019-06-28'
  date_scraped: '2019-05-14'
- council_reference: DA19/1349
  info_url: http://www3.shoalhaven.nsw.gov.au/masterviewUI/modules/ApplicationMaster/default.aspx?page=wrapper&key=124051&propkey=47886
  description: Garages & Carports - Proposed Metal Shed with Demolition of Existing
    Shed
  date_received: '2019-04-10'
  address: 52 Lackersteen St, CALLALA BAY, NSW
  on_notice_to: '2019-06-28'
  date_scraped: '2019-05-14'
- council_reference: DA19/1423
  info_url: http://www3.shoalhaven.nsw.gov.au/masterviewUI/modules/ApplicationMaster/default.aspx?page=wrapper&key=124543&propkey=5181
  description: Urban Dwelling Additions - Proposed Alterations & Additions to existing
    dwelling
  date_received: '2019-05-02'
  address: 8 King St, BERRY, NSW
  on_notice_to: '2019-06-21'
  date_scraped: '2019-05-14'
- council_reference: DA19/1454
  info_url: http://www3.shoalhaven.nsw.gov.au/masterviewUI/modules/ApplicationMaster/default.aspx?page=wrapper&key=124810&propkey=62364
  description: Commercial Additions - Additions and Alterations - Adding a motel room
  date_received: '2019-05-13'
  address: 1 Crescent St, ULLADULLA, NSW
  on_notice_to: '2019-06-20'
  date_scraped: '2019-05-14'
- council_reference: DA19/1460
  info_url: http://www3.shoalhaven.nsw.gov.au/masterviewUI/modules/ApplicationMaster/default.aspx?page=wrapper&key=124864&propkey=117365
  description: New Commercial - Construction of 100 Space Staff Car Park
  date_received: '2019-05-15'
  address: 8 Moona Creek Rd, VINCENTIA, NSW
  on_notice_to: '2019-06-19'
  date_scraped: '2019-05-14'
- council_reference: DA19/1479
  info_url: http://www3.shoalhaven.nsw.gov.au/masterviewUI/modules/ApplicationMaster/default.aspx?page=wrapper&key=125006&propkey=1000067
  description: Dual Occupancy - Proposed dual occupancy with strata subdivision
  date_received: '2019-05-21'
  address: 16 Bexhill Av, SUSSEX INLET, NSW
  on_notice_to: '2019-07-04'
  date_scraped: '2019-05-14'
- council_reference: DA19/1488
  info_url: http://www3.shoalhaven.nsw.gov.au/masterviewUI/modules/ApplicationMaster/default.aspx?page=wrapper&key=125063&propkey=17289
  description: Urban Dwelling Additions - Extensions & Additions to Existing House
  date_received: '2019-05-22'
  address: 20 Manning Av, NARRAWALLEE, NSW
  on_notice_to: '2019-06-19'
  date_scraped: '2019-05-14'
- council_reference: DA19/1489
  info_url: http://www3.shoalhaven.nsw.gov.au/masterviewUI/modules/ApplicationMaster/default.aspx?page=wrapper&key=125075&propkey=86336
  description: Miscellaneous - Stardust Circus
  date_received: '2019-05-23'
  address: 18 East St, NOWRA, NSW
  on_notice_to: '2019-06-19'
  date_scraped: '2019-05-14'
- council_reference: DA19/1504
  info_url: http://www3.shoalhaven.nsw.gov.au/masterviewUI/modules/ApplicationMaster/default.aspx?page=wrapper&key=125183&propkey=21704
  description: Urban Dwelling Additions - Proposed shed, carport, extension of deck
    and the addition of a new bedroom by installing separation walls in the living
    room
  date_received: '2019-05-27'
  address: 23 Thistleton Dr, BURRILL LAKE, NSW
  on_notice_to: '2019-06-19'
  date_scraped: '2019-05-14'
- council_reference: DA19/1506
  info_url: http://www3.shoalhaven.nsw.gov.au/masterviewUI/modules/ApplicationMaster/default.aspx?page=wrapper&key=125194&propkey=83386
  description: New Secondary Dwelling - Granny Flat
  date_received: '2019-05-28'
  address: 18 Emmett St, CALLALA BAY, NSW
  on_notice_to: '2019-06-19'
  date_scraped: '2019-05-14'
- council_reference: DA19/1509
  info_url: http://www3.shoalhaven.nsw.gov.au/masterviewUI/modules/ApplicationMaster/default.aspx?page=wrapper&key=125207&propkey=28330
  description: New Single Storey and Secondary Dwelling
  date_received: '2019-05-28'
  address: 55 Queen Mary St, CALLALA BEACH, NSW
  on_notice_to: '2019-06-20'
  date_scraped: '2019-05-14'
- council_reference: DA19/1511
  info_url: http://www3.shoalhaven.nsw.gov.au/masterviewUI/modules/ApplicationMaster/default.aspx?page=wrapper&key=125215&propkey=13209
  description: Demolition Of Existing Structures, Construction Of Dual Occupancy With
    Torrens Title Subdivision
  date_received: '2019-05-28'
  address: 435 Elizabeth Dr, VINCENTIA, NSW
  on_notice_to: '2019-06-24'
  date_scraped: '2019-05-14'
- council_reference: DA19/1512
  info_url: http://www3.shoalhaven.nsw.gov.au/masterviewUI/modules/ApplicationMaster/default.aspx?page=wrapper&key=125213&propkey=53596
  description: Single Storey Dwelling & Detached Secondary Dwelling
  date_received: '2019-05-28'
  address: 2 Clipper Rd, NOWRA, NSW
  on_notice_to: '2019-06-28'
  date_scraped: '2019-05-14'
- council_reference: DA19/1513
  info_url: http://www3.shoalhaven.nsw.gov.au/masterviewUI/modules/ApplicationMaster/default.aspx?page=wrapper&key=125220&propkey=43614
  description: Detached Shed on Existing Slab
  date_received: '2019-05-28'
  address: 44 Calymea St, NOWRA HILL, NSW
  on_notice_to: '2019-06-24'
  date_scraped: '2019-05-14'
- council_reference: DA19/1515
  info_url: http://www3.shoalhaven.nsw.gov.au/masterviewUI/modules/ApplicationMaster/default.aspx?page=wrapper&key=125229&propkey=35879
  description: Urban Dwelling Additions - Proposed alterations and additions to existing
    residential dwelling. Bedroom and ensuite added and family room extended. Brick
    veneer with a tiled roof to match existing dwelling
  date_received: '2019-05-28'
  address: 3 Thadalee Pl, ULLADULLA, NSW
  on_notice_to: '2019-06-19'
  date_scraped: '2019-05-14'
- council_reference: DA19/1516
  info_url: http://www3.shoalhaven.nsw.gov.au/masterviewUI/modules/ApplicationMaster/default.aspx?page=wrapper&key=125232&propkey=948
  description: Dwelling addition
  date_received: '2019-05-28'
  address: 22 West St, GREENWELL POINT, NSW
  on_notice_to: '2019-06-24'
  date_scraped: '2019-05-14'
- council_reference: DA19/1518
  info_url: http://www3.shoalhaven.nsw.gov.au/masterviewUI/modules/ApplicationMaster/default.aspx?page=wrapper&key=125246&propkey=119652
  description: Outbuildings - Detached Colourbond Shed
  date_received: '2019-05-29'
  address: 17 Hickory Cr, BANGALEE, NSW
  on_notice_to: '2019-06-19'
  date_scraped: '2019-05-14'
- council_reference: DA19/1519
  info_url: http://www3.shoalhaven.nsw.gov.au/masterviewUI/modules/ApplicationMaster/default.aspx?page=wrapper&key=125245&propkey=93805
  description: Miscellaneous - Construction of Dam
  date_received: '2019-05-29'
  address: 8 Homestead Lane, BERRY, NSW
  on_notice_to: '2019-07-03'
  date_scraped: '2019-05-14'
- council_reference: DA19/1521
  info_url: http://www3.shoalhaven.nsw.gov.au/masterviewUI/modules/ApplicationMaster/default.aspx?page=wrapper&key=125254&propkey=45432
  description: New Urban Dwelling - Proposed building envelope for dwelling and shed
    and associated vegetation clearing
  date_received: '2019-05-29'
  address: Wandra Rd, SUSSEX INLET, NSW
  on_notice_to: '2019-06-20'
  date_scraped: '2019-05-14'
- council_reference: DA19/1523
  info_url: http://www3.shoalhaven.nsw.gov.au/masterviewUI/modules/ApplicationMaster/default.aspx?page=wrapper&key=125273&propkey=53190
  description: New Dwelling
  date_received: '2019-05-30'
  address: 29 Whimbrel Dr, SUSSEX INLET, NSW
  on_notice_to: '2019-06-22'
  date_scraped: '2019-05-14'
- council_reference: DA19/1528
  info_url: http://www3.shoalhaven.nsw.gov.au/masterviewUI/modules/ApplicationMaster/default.aspx?page=wrapper&key=125291&propkey=37331
  description: Urban Dwelling Additions - Addition to Existing Dwelling
  date_received: '2019-05-30'
  address: 4 McDonald Av, NOWRA, NSW
  on_notice_to: '2019-06-26'
  date_scraped: '2019-05-14'
- council_reference: DA19/1530
  info_url: http://www3.shoalhaven.nsw.gov.au/masterviewUI/modules/ApplicationMaster/default.aspx?page=wrapper&key=125298&propkey=37852
  description: Convert detached garage to a detached habitable room
  date_received: '2019-05-30'
  address: 139 Shoalhaven St, NOWRA, NSW
  on_notice_to: '2019-06-26'
  date_scraped: '2019-05-14'
- council_reference: DA19/1531
  info_url: http://www3.shoalhaven.nsw.gov.au/masterviewUI/modules/ApplicationMaster/default.aspx?page=wrapper&key=125300&propkey=26775
  description: Alterations & Additions to Existing Residence & Detached Shed
  date_received: '2019-05-30'
  address: 52 Voyager Cr, BAWLEY POINT, NSW
  on_notice_to: '2019-06-20'
  date_scraped: '2019-05-14'
- council_reference: DA19/1532
  info_url: http://www3.shoalhaven.nsw.gov.au/masterviewUI/modules/ApplicationMaster/default.aspx?page=wrapper&key=125312&propkey=38158
  description: Outbuildings - Machinery Shed
  date_received: '2019-05-31'
  address: 515 Hawken Rd, TOMERONG, NSW
  on_notice_to: '2019-06-28'
  date_scraped: '2019-05-14'
- council_reference: DA19/1535
  info_url: http://www3.shoalhaven.nsw.gov.au/masterviewUI/modules/ApplicationMaster/default.aspx?page=wrapper&key=125330&propkey=6215
  description: Alterations and Additions
  date_received: '2019-05-31'
  address: 44 Watersedge Av, BASIN VIEW, NSW
  on_notice_to: '2019-07-01'
  date_scraped: '2019-05-14'
- council_reference: DA19/1536
  info_url: http://www3.shoalhaven.nsw.gov.au/masterviewUI/modules/ApplicationMaster/default.aspx?page=wrapper&key=125332&propkey=14306
  description: Outbuildings - Proposed Detached Metal Shed
  date_received: '2019-05-31'
  address: 39 Killarney Rd, EROWAL BAY, NSW
  on_notice_to: '2019-06-21'
  date_scraped: '2019-05-14'
- council_reference: DA19/1537
  info_url: http://www3.shoalhaven.nsw.gov.au/masterviewUI/modules/ApplicationMaster/default.aspx?page=wrapper&key=125334&propkey=27163
  description: Addition of a Front & Rear Balcony & Building Line Variation
  date_received: '2019-05-31'
  address: 9 Wooroonga Cr, KIOLOA, NSW
  on_notice_to: '2019-06-19'
  date_scraped: '2019-05-14'
- council_reference: DA19/1540
  info_url: http://www3.shoalhaven.nsw.gov.au/masterviewUI/modules/ApplicationMaster/default.aspx?page=wrapper&key=125347&propkey=96612
  description: Swimming Pool - Inground Fibreglass
  date_received: '2019-05-31'
  address: 134A Mackays Rd, UPPER KANGAROO RIVER, NSW
  on_notice_to: '2019-06-29'
  date_scraped: '2019-05-14'
- council_reference: DA19/1542
  info_url: http://www3.shoalhaven.nsw.gov.au/masterviewUI/modules/ApplicationMaster/default.aspx?page=wrapper&key=125374&propkey=117115
  description: Dwelling Additions
  date_received: '2019-06-03'
  address: 779 Woollamia Rd, WOOLLAMIA, NSW
  on_notice_to: '2019-06-28'
  date_scraped: '2019-05-14'
- council_reference: DA19/1543
  info_url: http://www3.shoalhaven.nsw.gov.au/masterviewUI/modules/ApplicationMaster/default.aspx?page=wrapper&key=125380&propkey=90939
  description: Miscellaneous - The Husky Running Festival
  date_received: '2019-06-03'
  address: Hawke St, HUSKISSON, NSW
  on_notice_to: '2019-07-01'
  date_scraped: '2019-05-14'
- council_reference: DA19/1544
  info_url: http://www3.shoalhaven.nsw.gov.au/masterviewUI/modules/ApplicationMaster/default.aspx?page=wrapper&key=125383&propkey=55627
  description: In Ground Swimming Pool. Demolition of the existing rear pergola &
    the construction of a new rear pergola
  date_received: '2019-06-03'
  address: 21 Ferry Lane, NOWRA, NSW
  on_notice_to: '2019-07-03'
  date_scraped: '2019-05-14'
- council_reference: DA19/1545
  info_url: http://www3.shoalhaven.nsw.gov.au/masterviewUI/modules/ApplicationMaster/default.aspx?page=wrapper&key=125384&propkey=37921
  description: Dwelling Additions & Alterations
  date_received: '2019-06-03'
  address: 34 Wondalga Cr, NOWRA, NSW
  on_notice_to: '2019-07-02'
  date_scraped: '2019-05-14'
- council_reference: DA19/1547
  info_url: http://www3.shoalhaven.nsw.gov.au/masterviewUI/modules/ApplicationMaster/default.aspx?page=wrapper&key=125392&propkey=23374
  description: Urban Dwelling Additions - New Level 1 Deck
  date_received: '2019-06-03'
  address: 22 Moolianga Rd, BERRARA, NSW
  on_notice_to: '2019-06-27'
  date_scraped: '2019-05-14'
- council_reference: DA19/1548
  info_url: http://www3.shoalhaven.nsw.gov.au/masterviewUI/modules/ApplicationMaster/default.aspx?page=wrapper&key=125414&propkey=99574
  description: Stardust Circus - 1st January 2020 to 12th January 2020
  date_received: '2019-06-04'
  address: 66 Church St, ULLADULLA, NSW
  on_notice_to: '2019-07-03'
  date_scraped: '2019-05-14'
- council_reference: DA19/1550
  info_url: http://www3.shoalhaven.nsw.gov.au/masterviewUI/modules/ApplicationMaster/default.aspx?page=wrapper&key=125425&propkey=1000073
  description: Dual Occupancy With Torrens Title Subdivision
  date_received: '2019-06-04'
  address: 28 Bexhill Av, SUSSEX INLET, NSW
  on_notice_to: '2019-06-27'
  date_scraped: '2019-05-14'
- council_reference: DA19/1551
  info_url: http://www3.shoalhaven.nsw.gov.au/masterviewUI/modules/ApplicationMaster/default.aspx?page=wrapper&key=125435&propkey=4798
  description: Foreshore retaining walls, boundary fencing & landscaping
  date_received: '2019-06-04'
  address: 121 The Marina, CULBURRA BEACH, NSW
  on_notice_to: '2019-07-03'
  date_scraped: '2019-05-14'
- council_reference: DA19/1554
  info_url: http://www3.shoalhaven.nsw.gov.au/masterviewUI/modules/ApplicationMaster/default.aspx?page=wrapper&key=125457&propkey=120580
  description: Construction of a Two Storey Dwelling
  date_received: '2019-06-05'
  address: 8 Kooyonga Cl, MOLLYMOOK BEACH, NSW
  on_notice_to: '2019-06-27'
  date_scraped: '2019-05-14'
- council_reference: DA19/1555
  info_url: http://www3.shoalhaven.nsw.gov.au/masterviewUI/modules/ApplicationMaster/default.aspx?page=wrapper&key=125465&propkey=9514
  description: Single Storey Dwelling
  date_received: '2019-06-05'
  address: 24 Sanctuary Point Rd, SANCTUARY POINT, NSW
  on_notice_to: '2019-07-03'
  date_scraped: '2019-05-14'
- council_reference: DA19/1557
  info_url: http://www3.shoalhaven.nsw.gov.au/masterviewUI/modules/ApplicationMaster/default.aspx?page=wrapper&key=125477&propkey=119360
  description: In Ground Swimming Pool
  date_received: '2019-06-06'
  address: 16 Bow St, VINCENTIA, NSW
  on_notice_to: '2019-07-04'
  date_scraped: '2019-05-14'
- council_reference: DA19/1559
  info_url: http://www3.shoalhaven.nsw.gov.au/masterviewUI/modules/ApplicationMaster/default.aspx?page=wrapper&key=125505&propkey=55234
  description: Rural Dwelling Additions - Alterations & Additions To Existing Dwelling,
    Swimming Pool & Cabana, Tennis Court, Farmshed Extension, Driveway Adjustment
  date_received: '2019-06-06'
  address: 10 Borrowdale Cl, BERRY, NSW
  on_notice_to: '2019-07-03'
  date_scraped: '2019-05-14'
- council_reference: DA19/1563
  info_url: http://www3.shoalhaven.nsw.gov.au/masterviewUI/modules/ApplicationMaster/default.aspx?page=wrapper&key=125535&propkey=29014
  description: Detached Shed
  date_received: '2019-06-07'
  address: 38 Catherine St, MYOLA, NSW
  on_notice_to: '2019-07-04'
  date_scraped: '2019-05-14'
- council_reference: DA19/1567
  info_url: http://www3.shoalhaven.nsw.gov.au/masterviewUI/modules/ApplicationMaster/default.aspx?page=wrapper&key=125552&propkey=21151
  description: Urban Dwelling Additions - Kitchen, Living, Bedroom, Ensuite, Porch
    & Carport
  date_received: '2019-06-11'
  address: 12 Commonwealth Av, BURRILL LAKE, NSW
  on_notice_to: '2019-07-02'
  date_scraped: '2019-05-14'
- council_reference: DA19/1571
  info_url: http://www3.shoalhaven.nsw.gov.au/masterviewUI/modules/ApplicationMaster/default.aspx?page=wrapper&key=125589&propkey=49743
  description: Change Of Use From Shed To Detached Habitable Room & Change Of Use
    From Shed To Tourist & Visitor Accommodation
  date_received: '2019-06-11'
  address: 2255 Moss Vale Rd, BARRENGARRY, NSW
  on_notice_to: '2019-07-26'
  date_scraped: '2019-05-14'
- council_reference: DA19/1573
  info_url: http://www3.shoalhaven.nsw.gov.au/masterviewUI/modules/ApplicationMaster/default.aspx?page=wrapper&key=125591&propkey=77816
  description: Urban Dwelling Additions - Demolish Existing Pergola & Construct New
    Pergola
  date_received: '2019-06-12'
  address: 28 Durnford Pl, ST GEORGES BASIN, NSW
  on_notice_to: '2019-07-03'
  date_scraped: '2019-05-14'
- council_reference: DA19/1579
  info_url: http://www3.shoalhaven.nsw.gov.au/masterviewUI/modules/ApplicationMaster/default.aspx?page=wrapper&key=125622&propkey=20615
  description: Dwelling Additions and Deck to Front with Variation to Front Building
    Line Setback
  date_received: '2019-06-12'
  address: 45 Seaside Pde, DOLPHIN POINT, NSW
  on_notice_to: '2019-07-04'
  date_scraped: '2019-05-14'
- council_reference: DS19/1195
  info_url: http://www3.shoalhaven.nsw.gov.au/masterviewUI/modules/ApplicationMaster/default.aspx?page=wrapper&key=124698&propkey=29970
  description: Multi-Unit Development ? Twelve (12) Dwellings plus Demolition of Existing
    Dwelling & Outbuilding
  date_received: '2019-05-09'
  address: 7 Beach St, HUSKISSON, NSW
  on_notice_to: '2019-07-01'
  date_scraped: '2019-05-14'
- council_reference: DS19/1210
  info_url: http://www3.shoalhaven.nsw.gov.au/masterviewUI/modules/ApplicationMaster/default.aspx?page=wrapper&key=124931&propkey=116500
  description: Miscellaneous - Coastal Patrol Markets- Section 4.55 Modification -
    Continuation of existing 13 markets per year
  date_received: '2019-05-16'
  address: Wason St, ULLADULLA, NSW
  on_notice_to: '2019-07-10'
  date_scraped: '2019-05-14'
- council_reference: DS19/1242
  info_url: http://www3.shoalhaven.nsw.gov.au/masterviewUI/modules/ApplicationMaster/default.aspx?page=wrapper&key=125518&propkey=18814
  description: Application to Modify Development Consent to Change Roof Pitch - Dwelling
    Additions - Extension to Top Floor & Re-Roof Dwelling
  date_received: '2019-06-06'
  address: 158 Mitchell Pde, MOLLYMOOK BEACH, NSW
  on_notice_to: '2019-06-29'
  date_scraped: '2019-05-14'
- council_reference: DS19/1252
  info_url: http://www3.shoalhaven.nsw.gov.au/masterviewUI/modules/ApplicationMaster/default.aspx?page=wrapper&key=125659&propkey=121850
  description: Single Storey Dwelling. Section 4.55 - Back retaining wall
  date_received: '2019-06-13'
  address: 28 Como Av, BURRILL LAKE, NSW
  on_notice_to: '2019-07-04'
  date_scraped: '2019-05-14'
- council_reference: DS19/1264
  info_url: http://www3.shoalhaven.nsw.gov.au/masterviewUI/modules/ApplicationMaster/default.aspx?page=wrapper&key=125754&propkey=9536
  description: Two storey dwelling - S4.55(1A) Amend condition 3 - Stormwater
  date_received: '2019-06-18'
  address: 72 Sanctuary Point Rd, SANCTUARY POINT, NSW
  on_notice_to: '2019-06-19'
  date_scraped: '2019-05-14'
- council_reference: RD19/1000
  info_url: http://www3.shoalhaven.nsw.gov.au/masterviewUI/modules/ApplicationMaster/default.aspx?page=wrapper&key=125231&propkey=43918
  description: Outbuildings
  date_received: '2019-05-28'
  address: 10 Boxsells Lane, MEROO MEADOW, NSW
  on_notice_to: '2019-06-19'
  date_scraped: '2019-05-14'
- council_reference: SF10570
  info_url: http://www3.shoalhaven.nsw.gov.au/masterviewUI/modules/ApplicationMaster/default.aspx?page=wrapper&key=103443&propkey=93046
  description: 144 Large Residential Lots. Plus 1 Residue & 1 Conservation Lot. Demolition
    of existing house and structures.
  date_received: '2017-03-08'
  address: 369 Worrigee Rd, WORRIGEE, NSW
  on_notice_to: '2019-06-28'
  date_scraped: '2019-05-14'
- council_reference: SF10743
  info_url: http://www3.shoalhaven.nsw.gov.au/masterviewUI/modules/ApplicationMaster/default.aspx?page=wrapper&key=125171&propkey=42461
  description: 158 lot residential subdivision including public road opening plus
    creation of 2 x public reserves & 1 sewer pumping station lot
  date_received: '2019-05-27'
  address: Old Southern Rd, SOUTH NOWRA, NSW
  on_notice_to: '2019-07-12'
  date_scraped: '2019-05-14'
- council_reference: SF10746
  info_url: http://www3.shoalhaven.nsw.gov.au/masterviewUI/modules/ApplicationMaster/default.aspx?page=wrapper&key=125534&propkey=14182
  description: Residential - Two Lot Subdivision
  date_received: '2019-06-07'
  address: 14 Kallaroo Rd, EROWAL BAY, NSW
  on_notice_to: '2019-06-29'
  date_scraped: '2019-05-14'
