---
- info_url: https://pdonline.toowoombarc.qld.gov.au/Masterview/Modules/ApplicationMaster/default.aspx?page=wrapper&key=806941
  council_reference: MCUC/2017/4286/C
  date_received: '2019-04-26'
  description: Request to Change Approval Low Impact Industry and Outdoor Sales
  address: 38-44 Euston Road GLENVALE QLD 4350
  date_scraped: '2019-05-14'
- info_url: https://pdonline.toowoombarc.qld.gov.au/Masterview/Modules/ApplicationMaster/default.aspx?page=wrapper&key=810336
  council_reference: MCUC/2018/4762/A
  date_received: '2019-05-10'
  description: Request for Negotiated Decision Notice Medium Impact Industry
  address: O'Mara Road CHARLTON QLD 4350
  date_scraped: '2019-05-14'
- info_url: https://pdonline.toowoombarc.qld.gov.au/Masterview/Modules/ApplicationMaster/default.aspx?page=wrapper&key=810396
  council_reference: MCUC/2018/4762/B
  date_received: '2019-05-10'
  description: Request for Negotiated ICN Medium Impact Industry
  address: O'Mara Road CHARLTON QLD 4350
  date_scraped: '2019-05-14'
- info_url: https://pdonline.toowoombarc.qld.gov.au/Masterview/Modules/ApplicationMaster/default.aspx?page=wrapper&key=809754
  council_reference: MCUC/2018/5289/B
  date_received: '2019-05-08'
  description: Request to Change Approval High Impact Industry
  address: 580-598 Alderley Street HARRISTOWN QLD 4350
  date_scraped: '2019-05-14'
- info_url: https://pdonline.toowoombarc.qld.gov.au/Masterview/Modules/ApplicationMaster/default.aspx?page=wrapper&key=809524
  council_reference: MCUC/2018/5820/A
  date_received: '2019-05-08'
  description: Request for Negotiated Decision Notice Educational Establishment
  address: 81 Crown Street RANGEVILLE QLD 4350
  date_scraped: '2019-05-14'
- info_url: https://pdonline.toowoombarc.qld.gov.au/Masterview/Modules/ApplicationMaster/default.aspx?page=wrapper&key=809574
  council_reference: MCUC/2018/5820/B
  date_received: '2019-05-08'
  description: Request for Negotiated ICN Educational Establishment
  address: 81 Crown Street RANGEVILLE QLD 4350
  date_scraped: '2019-05-14'
- info_url: https://pdonline.toowoombarc.qld.gov.au/Masterview/Modules/ApplicationMaster/default.aspx?page=wrapper&key=807662
  council_reference: MCUC/2018/6018/A
  date_received: '2019-04-30'
  description: Request for Negotiated Decision Notice Low Impact Industry Vehicle
    Service and Pre Delivery Centre
  address: 10-18 Society Street TOOWOOMBA CITY QLD 4350
  date_scraped: '2019-05-14'
- info_url: https://pdonline.toowoombarc.qld.gov.au/Masterview/Modules/ApplicationMaster/default.aspx?page=wrapper&key=807702
  council_reference: MCUC/2018/6018/B
  date_received: '2019-04-30'
  description: Request for Negotiated ICN Low Impact Industry Vehicle Service and
    Pre Delivery Centre
  address: 10-18 Society Street TOOWOOMBA CITY QLD 4350
  date_scraped: '2019-05-14'
- info_url: https://pdonline.toowoombarc.qld.gov.au/Masterview/Modules/ApplicationMaster/default.aspx?page=wrapper&key=805268
  council_reference: MCUC/2018/640/A
  date_received: '2019-04-16'
  description: Request for Negotiated Decision Notice Child Care Centre
  address: 662-670 Greenwattle Street HARRISTOWN QLD 4350
  date_scraped: '2019-05-14'
- info_url: https://pdonline.toowoombarc.qld.gov.au/Masterview/Modules/ApplicationMaster/default.aspx?page=wrapper&key=805690
  council_reference: MCUC/2019/1477
  date_received: '2019-04-18'
  description: Combined MCU and RAL Air Services and Subdivision by Lease and Access
    Easements
  address: International Drive WELLCAMP QLD 4350
  date_scraped: '2019-05-14'
- info_url: https://pdonline.toowoombarc.qld.gov.au/Masterview/Modules/ApplicationMaster/default.aspx?page=wrapper&key=805790
  council_reference: MCUC/2019/1482
  date_received: '2019-04-18'
  description: "Combined Material Change of Use – Code – Retirement Facility (27 x
    2 Bedroom Units and 25 x 3 Bedroom Units) and Multiple Dwelling (23 x 2 Bedroom
    Units, 20 x 3 Bedroom Units and 3 x 4 Bedroom Units); Reconfiguring a Lot – One
    (1) Lot into Three (3) Lots and Common Property; \rReconfiguring a Lot – Access
    Easement; Reconfiguring a Lot – Subdivision by Lease for a Term Exceeding 10 Years;
    and Development On and Adjoining a Local and Queensland Heritage Place In Two
    Stages"
  address: 344-376 Ramsay Street MIDDLE RIDGE QLD 4350
  date_scraped: '2019-05-14'
- info_url: https://pdonline.toowoombarc.qld.gov.au/Masterview/Modules/ApplicationMaster/default.aspx?page=wrapper&key=808824
  council_reference: MCUC/2019/1661
  date_received: '2019-05-03'
  description: Dwelling
  address: 129 Stuart Street NORTH TOOWOOMBA QLD 4350
  date_scraped: '2019-05-14'
- info_url: https://pdonline.toowoombarc.qld.gov.au/Masterview/Modules/ApplicationMaster/default.aspx?page=wrapper&key=808854
  council_reference: MCUC/2019/1664
  date_received: '2019-05-03'
  description: Dual Occupancy
  address: 28 Edmund Street NEWTOWN QLD 4350
  date_scraped: '2019-05-14'
- info_url: https://pdonline.toowoombarc.qld.gov.au/Masterview/Modules/ApplicationMaster/default.aspx?page=wrapper&key=809987
  council_reference: MCUC/2019/1709
  date_received: '2019-05-09'
  description: Multiple Dwelling 1x2 Bedroom and 3x3 Bedroom Units
  address: 71B Stuart Street NORTH TOOWOOMBA QLD 4350
  date_scraped: '2019-05-14'
- info_url: https://pdonline.toowoombarc.qld.gov.au/Masterview/Modules/ApplicationMaster/default.aspx?page=wrapper&key=810790
  council_reference: MCUC/2019/1740
  date_received: '2019-05-13'
  description: Intensive Horticulture and Rural Industry
  address: Toowoomba Cecil Plains Road WELLCAMP QLD 4350
  date_scraped: '2019-05-14'
- info_url: https://pdonline.toowoombarc.qld.gov.au/Masterview/Modules/ApplicationMaster/default.aspx?page=wrapper&key=810920
  council_reference: MCUC/2019/1746
  date_received: '2019-05-14'
  description: Transport Depot
  address: 6-12 Rielly Street TORRINGTON QLD 4350
  date_scraped: '2019-05-14'
- info_url: https://pdonline.toowoombarc.qld.gov.au/Masterview/Modules/ApplicationMaster/default.aspx?page=wrapper&key=809264
  council_reference: MCUI/2014/393/A
  date_received: '2019-05-07'
  description: Request to Extend Period Preliminary Approval for a Material Change
    of Use to Vary the Effect of the Planning Scheme
  address: 353-359 Anzac Avenue HARRISTOWN QLD 4350
  date_scraped: '2019-05-14'
- info_url: https://pdonline.toowoombarc.qld.gov.au/Masterview/Modules/ApplicationMaster/default.aspx?page=wrapper&key=809284
  council_reference: MCUI/2014/393/B
  date_received: '2019-05-07'
  description: Request to Change Approval Preliminary Approval for a Material Change
    of Use to Vary the Effect of the Planning Scheme
  address: 353-359 Anzac Avenue HARRISTOWN QLD 4350
  date_scraped: '2019-05-14'
- info_url: https://pdonline.toowoombarc.qld.gov.au/Masterview/Modules/ApplicationMaster/default.aspx?page=wrapper&key=810860
  council_reference: MCUI/2014/4185/B
  date_received: '2019-05-13'
  description: Request to Change Approval Place of Worship and Ancillary Car Parking
  address: 12-20 Peace Street HARLAXTON QLD 4350
  date_scraped: '2019-05-14'
- info_url: https://pdonline.toowoombarc.qld.gov.au/Masterview/Modules/ApplicationMaster/default.aspx?page=wrapper&key=807852
  council_reference: MCUI/2014/823/C
  date_received: '2019-04-30'
  description: Request to Extend S242 Preliminary Approval Varying the Effect of a
    Local Planning Scheme Combined RAL and MCU Reconfiguring 3 into 147 Lots
  address: 297-303 Hursley Road TORRINGTON QLD 4350
  date_scraped: '2019-05-14'
- info_url: https://pdonline.toowoombarc.qld.gov.au/Masterview/Modules/ApplicationMaster/default.aspx?page=wrapper&key=807882
  council_reference: MCUI/2014/823/D
  date_received: '2019-04-30'
  description: Request to Change Approval S242 Preliminary Approval Varying the Effect
    of a Local Planning Scheme Combined RAL and MCU Reconfiguring 3 into 147 Lots
  address: 297-303 Hursley Road TORRINGTON QLD 4350
  date_scraped: '2019-05-14'
- info_url: https://pdonline.toowoombarc.qld.gov.au/Masterview/Modules/ApplicationMaster/default.aspx?page=wrapper&key=809664
  council_reference: MCUI/2018/2675/A
  date_received: '2019-05-08'
  description: Request for Negotiated Decision Notice Motor Sport Facility
  address: Din-Din Road YARRAMAN QLD 4614
  date_scraped: '2019-05-14'
- info_url: https://pdonline.toowoombarc.qld.gov.au/Masterview/Modules/ApplicationMaster/default.aspx?page=wrapper&key=805088
  council_reference: MCUI/2019/1441
  date_received: '2019-04-16'
  description: Animal Keeping
  address: 4 Valley View Drive MERINGANDAN WEST QLD 4352
  date_scraped: '2019-05-14'
- info_url: https://pdonline.toowoombarc.qld.gov.au/Masterview/Modules/ApplicationMaster/default.aspx?page=wrapper&key=805340
  council_reference: MCUI/2019/1454
  date_received: '2019-04-16'
  description: Animal Keeping
  address: 294 Hursley Road GLENVALE QLD 4350
  date_scraped: '2019-05-14'
- info_url: https://pdonline.toowoombarc.qld.gov.au/Masterview/Modules/ApplicationMaster/default.aspx?page=wrapper&key=805500
  council_reference: MCUI/2019/1465
  date_received: '2019-04-17'
  description: Function Facility
  address: 144 Umbiram School Road UMBIRAM QLD 4352
  date_scraped: '2019-05-14'
- info_url: https://pdonline.toowoombarc.qld.gov.au/Masterview/Modules/ApplicationMaster/default.aspx?page=wrapper&key=805670
  council_reference: MCUI/2019/1476
  date_received: '2019-04-18'
  description: Transport Depot Medium Impact Industry Food and Drink Outlet Car Wash
    Service Station and Caretakers Residence
  address: Warrego Highway CHARLTON QLD 4350
  date_scraped: '2019-05-14'
- info_url: https://pdonline.toowoombarc.qld.gov.au/Masterview/Modules/ApplicationMaster/default.aspx?page=wrapper&key=807722
  council_reference: MCUI/2019/1606
  date_received: '2019-04-30'
  description: Community Care Centre
  address: 6 Panda Street HARRISTOWN QLD 4350
  date_scraped: '2019-05-14'
- info_url: https://pdonline.toowoombarc.qld.gov.au/Masterview/Modules/ApplicationMaster/default.aspx?page=wrapper&key=810820
  council_reference: MCUI/2019/1741
  date_received: '2019-05-14'
  description: Transport Depot
  address: 1/57 Heinemann Road WELLCAMP QLD 4350
  date_scraped: '2019-05-14'
- info_url: https://pdonline.toowoombarc.qld.gov.au/Masterview/Modules/ApplicationMaster/default.aspx?page=wrapper&key=805590
  council_reference: OW/2019/1469
  date_received: '2019-04-18'
  description: Driveway Crossover
  address: 1 Collard Court DARLING HEIGHTS QLD 4350
  date_scraped: '2019-05-14'
- info_url: https://pdonline.toowoombarc.qld.gov.au/Masterview/Modules/ApplicationMaster/default.aspx?page=wrapper&key=806086
  council_reference: OW/2019/1502
  date_received: '2019-04-23'
  description: Stormwater
  address: 8-12 Walters Drive HARRISTOWN QLD 4350
  date_scraped: '2019-05-14'
- info_url: https://pdonline.toowoombarc.qld.gov.au/Masterview/Modules/ApplicationMaster/default.aspx?page=wrapper&key=806546
  council_reference: OW/2019/1530
  date_received: '2019-04-24'
  description: Stormwater
  address: 111-113 Campbell Street TOOWOOMBA CITY QLD 4350
  date_scraped: '2019-05-14'
- info_url: https://pdonline.toowoombarc.qld.gov.au/Masterview/Modules/ApplicationMaster/default.aspx?page=wrapper&key=806770
  council_reference: OW/2019/1542
  date_received: '2019-04-26'
  description: Road Works Stormwater and Driveway Crossover
  address: 382-390 Anzac Avenue DRAYTON QLD 4350
  date_scraped: '2019-05-14'
- info_url: https://pdonline.toowoombarc.qld.gov.au/Masterview/Modules/ApplicationMaster/default.aspx?page=wrapper&key=806901
  council_reference: OW/2019/1553
  date_received: '2019-04-26'
  description: Driveway Crossover
  address: 38 Dunne Street HARRISTOWN QLD 4350
  date_scraped: '2019-05-14'
- info_url: https://pdonline.toowoombarc.qld.gov.au/Masterview/Modules/ApplicationMaster/default.aspx?page=wrapper&key=807573
  council_reference: OW/2019/1598
  date_received: '2019-04-30'
  description: Two Driveway Crossovers
  address: 2 Wentworth Street CENTENARY HEIGHTS QLD 4350
  date_scraped: '2019-05-14'
- info_url: https://pdonline.toowoombarc.qld.gov.au/Masterview/Modules/ApplicationMaster/default.aspx?page=wrapper&key=807992
  council_reference: OW/2019/1615
  date_received: '2019-05-01'
  description: Stormwater and Driveway Crossover
  address: 41 Hunter Street CENTENARY HEIGHTS QLD 4350
  date_scraped: '2019-05-14'
- info_url: https://pdonline.toowoombarc.qld.gov.au/Masterview/Modules/ApplicationMaster/default.aspx?page=wrapper&key=808022
  council_reference: OW/2019/1616
  date_received: '2019-05-01'
  description: Stormwater and Driveway Crossover
  address: 59 Jellicoe Street MOUNT LOFTY QLD 4350
  date_scraped: '2019-05-14'
- info_url: https://pdonline.toowoombarc.qld.gov.au/Masterview/Modules/ApplicationMaster/default.aspx?page=wrapper&key=808042
  council_reference: OW/2019/1617
  date_received: '2019-05-01'
  description: Driveway Crossover Earthworks Sewage Infrastructure and Stormwater
    Crossover
  address: 60 Drayton Road HARRISTOWN QLD 4350
  date_scraped: '2019-05-14'
- info_url: https://pdonline.toowoombarc.qld.gov.au/Masterview/Modules/ApplicationMaster/default.aspx?page=wrapper&key=809244
  council_reference: OW/2019/1684
  date_received: '2019-05-07'
  description: Stormwater Infrastructure
  address: 7 Sowden Street DRAYTON QLD 4350
  date_scraped: '2019-05-14'
- info_url: https://pdonline.toowoombarc.qld.gov.au/Masterview/Modules/ApplicationMaster/default.aspx?page=wrapper&key=809314
  council_reference: OW/2019/1685
  date_received: '2019-05-07'
  description: Driveway Crossover
  address: 34 Hancock Circuit KLEINTON QLD 4352
  date_scraped: '2019-05-14'
- info_url: https://pdonline.toowoombarc.qld.gov.au/Masterview/Modules/ApplicationMaster/default.aspx?page=wrapper&key=810056
  council_reference: OW/2019/1713
  date_received: '2019-05-10'
  description: Road Works Stormwater Water Infrastructure and Earthworks
  address: 14 Highfields Road HIGHFIELDS QLD 4352
  date_scraped: '2019-05-14'
- info_url: https://pdonline.toowoombarc.qld.gov.au/Masterview/Modules/ApplicationMaster/default.aspx?page=wrapper&key=810416
  council_reference: OW/2019/1725
  date_received: '2019-05-10'
  description: Driveway Crossover
  address: 4 Grayne Court HIGHFIELDS QLD 4352
  date_scraped: '2019-05-14'
- info_url: https://pdonline.toowoombarc.qld.gov.au/Masterview/Modules/ApplicationMaster/default.aspx?page=wrapper&key=810426
  council_reference: OW/2019/1726
  date_received: '2019-05-10'
  description: Driveway and Stormwater Crossover
  address: 26 Park Street WILSONTON QLD 4350
  date_scraped: '2019-05-14'
- info_url: https://pdonline.toowoombarc.qld.gov.au/Masterview/Modules/ApplicationMaster/default.aspx?page=wrapper&key=810717
  council_reference: OW/2019/1735
  date_received: '2019-05-13'
  description: Stormwater
  address: 2 Wentworth Street CENTENARY HEIGHTS QLD 4350
  date_scraped: '2019-05-14'
- info_url: https://pdonline.toowoombarc.qld.gov.au/Masterview/Modules/ApplicationMaster/default.aspx?page=wrapper&key=810890
  council_reference: OW/2019/1745
  date_received: '2019-05-14'
  description: Road Work and Water Infrastructure
  address: 13 Cox Street WILSONTON QLD 4350
  date_scraped: '2019-05-14'
- info_url: https://pdonline.toowoombarc.qld.gov.au/Masterview/Modules/ApplicationMaster/default.aspx?page=wrapper&key=810970
  council_reference: OW/2019/1747
  date_received: '2019-05-13'
  description: Stormwater Crossover
  address: 57 Taylor Street TOOWOOMBA CITY QLD 4350
  date_scraped: '2019-05-14'
- info_url: https://pdonline.toowoombarc.qld.gov.au/Masterview/Modules/ApplicationMaster/default.aspx?page=wrapper&key=811040
  council_reference: OW/2019/1752
  date_received: '2019-05-14'
  description: Road Work Stormwater Water Infrastructure Earthworks & Sewage Infrastructure
  address: 114-128 Glenvale Road GLENVALE QLD 4350
  date_scraped: '2019-05-14'
- info_url: https://pdonline.toowoombarc.qld.gov.au/Masterview/Modules/ApplicationMaster/default.aspx?page=wrapper&key=806670
  council_reference: OWS/2019/1536
  date_received: '2019-04-24'
  description: Signage
  address: 68-78 Main Street WESTBROOK QLD 4350
  date_scraped: '2019-05-14'
- info_url: https://pdonline.toowoombarc.qld.gov.au/Masterview/Modules/ApplicationMaster/default.aspx?page=wrapper&key=805258
  council_reference: PSW/2019/1451
  date_received: '2019-04-16'
  description: Shed
  address: 2 Academy Court GLENVALE QLD 4350
  date_scraped: '2019-05-14'
- info_url: https://pdonline.toowoombarc.qld.gov.au/Masterview/Modules/ApplicationMaster/default.aspx?page=wrapper&key=805946
  council_reference: PSW/2019/1492
  date_received: '2019-04-18'
  description: "Combined Material Change of Use – Code – Retirement Facility (27 x
    2 Bedroom Units and 25 x 3 Bedroom Units) and Multiple Dwelling (23 x 2 Bedroom
    Units, 20 x 3 Bedroom Units and 3 x 4 Bedroom Units); Reconfiguring a Lot – One
    (1) Lot into Three (3) Lots and Common Property; \rReconfiguring a Lot – Access
    Easement; Reconfiguring a Lot – Subdivision by Lease for a Term Exceeding 10 Years;
    and Development On and Adjoining a Local and Queensland Heritage Place In Two
    Stages"
  address: 344-376 Ramsay Street MIDDLE RIDGE QLD 4350
  date_scraped: '2019-05-14'
- info_url: https://pdonline.toowoombarc.qld.gov.au/Masterview/Modules/ApplicationMaster/default.aspx?page=wrapper&key=810586
  council_reference: PSW/2019/1730
  date_received: '2019-05-13'
  description: Dwelling
  address: 195 Russell Street NEWTOWN QLD 4350
  date_scraped: '2019-05-14'
- info_url: https://pdonline.toowoombarc.qld.gov.au/Masterview/Modules/ApplicationMaster/default.aspx?page=wrapper&key=807922
  council_reference: RAL/2014/820/C
  date_received: '2019-04-30'
  description: Request to Extend S242 Preliminary Approval Varying the Effect of a
    Local Planning Scheme Combined RAL and MCU Reconfiguring 3 into 147 Lots
  address: 297-303 Hursley Road TORRINGTON QLD 4350
  date_scraped: '2019-05-14'
- info_url: https://pdonline.toowoombarc.qld.gov.au/Masterview/Modules/ApplicationMaster/default.aspx?page=wrapper&key=807962
  council_reference: RAL/2014/820/D
  date_received: '2019-04-30'
  description: Request to Change Approval S242 Preliminary Approval Varying the Effect
    of a Local Planning Scheme Combined RAL and MCU Reconfiguring 3 into 147 Lots
  address: London Circuit TORRINGTON QLD 4350
  date_scraped: '2019-05-14'
- info_url: https://pdonline.toowoombarc.qld.gov.au/Masterview/Modules/ApplicationMaster/default.aspx?page=wrapper&key=805720
  council_reference: RAL/2017/6387/A
  date_received: '2019-04-18'
  description: Request for Negotiated Decision Notice Reconfigure 1 into 4 Lots
  address: 21 Adams Road CABARLAH QLD 4352
  date_scraped: '2019-05-14'
- info_url: https://pdonline.toowoombarc.qld.gov.au/Masterview/Modules/ApplicationMaster/default.aspx?page=wrapper&key=808294
  council_reference: RAL/2017/6387/B
  date_received: '2019-05-01'
  description: Request For Negotiated ICN Reconfigure 1 into 4 Lots
  address: 21 Adams Road CABARLAH QLD 4352
  date_scraped: '2019-05-14'
- info_url: https://pdonline.toowoombarc.qld.gov.au/Masterview/Modules/ApplicationMaster/default.aspx?page=wrapper&key=805048
  council_reference: RAL/2019/1440
  date_received: '2019-04-15'
  description: Reconfigure 1 into 2 Lots
  address: 354 Drayton Connection Road FINNIE QLD 4350
  date_scraped: '2019-05-14'
- info_url: https://pdonline.toowoombarc.qld.gov.au/Masterview/Modules/ApplicationMaster/default.aspx?page=wrapper&key=805750
  council_reference: RAL/2019/1480
  date_received: '2019-04-18'
  description: Combined MCU and RAL Air Services and Subdivision by Lease and Access
    Easements
  address: International Drive WELLCAMP QLD 4350
  date_scraped: '2019-05-14'
- info_url: https://pdonline.toowoombarc.qld.gov.au/Masterview/Modules/ApplicationMaster/default.aspx?page=wrapper&key=805916
  council_reference: RAL/2019/1490
  date_received: '2019-04-18'
  description: "Combined Material Change of Use – Code – Retirement Facility (27 x
    2 Bedroom Units and 25 x 3 Bedroom Units) and Multiple Dwelling (23 x 2 Bedroom
    Units, 20 x 3 Bedroom Units and 3 x 4 Bedroom Units); Reconfiguring a Lot – One
    (1) Lot into Three (3) Lots and Common Property; \rReconfiguring a Lot – Access
    Easement; Reconfiguring a Lot – Subdivision by Lease for a Term Exceeding 10 Years;
    and Development On and Adjoining a Local and Queensland Heritage Place In Two
    Stages"
  address: 344-376 Ramsay Street MIDDLE RIDGE QLD 4350
  date_scraped: '2019-05-14'
- info_url: https://pdonline.toowoombarc.qld.gov.au/Masterview/Modules/ApplicationMaster/default.aspx?page=wrapper&key=808444
  council_reference: RAL/2019/1637
  date_received: '2019-05-02'
  description: Boundary Realignment 2 into 2 Lots
  address: 4 Albert Street NEWTOWN QLD 4350
  date_scraped: '2019-05-14'
- info_url: https://pdonline.toowoombarc.qld.gov.au/Masterview/Modules/ApplicationMaster/default.aspx?page=wrapper&key=808504
  council_reference: RAL/2019/1639
  date_received: '2019-05-02'
  description: Access Easement
  address: Valley Road CHERRY CREEK QLD 4306
  date_scraped: '2019-05-14'
- info_url: https://pdonline.toowoombarc.qld.gov.au/Masterview/Modules/ApplicationMaster/default.aspx?page=wrapper&key=805826
  council_reference: SEAL/2019/1485
  date_received: '2019-04-23'
  description: CMS Building Format
  address: 2 Wentworth Street CENTENARY HEIGHTS QLD 4350
  date_scraped: '2019-05-14'
- info_url: https://pdonline.toowoombarc.qld.gov.au/Masterview/Modules/ApplicationMaster/default.aspx?page=wrapper&key=806356
  council_reference: SEAL/2019/1517
  date_received: '2019-04-24'
  description: Boundary Realignment 2 into 2 Lots
  address: 26-28 Mabel Street HARLAXTON QLD 4350
  date_scraped: '2019-05-14'
- info_url: https://pdonline.toowoombarc.qld.gov.au/Masterview/Modules/ApplicationMaster/default.aspx?page=wrapper&key=808184
  council_reference: SEAL/2019/1626
  date_received: '2019-05-01'
  description: Boundary Realignment 2 into 2 Lots
  address: McGee Drive KEARNEYS SPRING QLD 4350
  date_scraped: '2019-05-14'
- info_url: https://pdonline.toowoombarc.qld.gov.au/Masterview/Modules/ApplicationMaster/default.aspx?page=wrapper&key=809064
  council_reference: SEAL/2019/1673
  date_received: '2019-05-07'
  description: CMS Building Format
  address: 45 Joyce Street SOUTH TOOWOOMBA QLD 4350
  date_scraped: '2019-05-14'
- info_url: https://pdonline.toowoombarc.qld.gov.au/Masterview/Modules/ApplicationMaster/default.aspx?page=wrapper&key=809114
  council_reference: SEAL/2019/1678
  date_received: '2019-05-07'
  description: Reconfigure 1 into 2 Lots
  address: 91-93 Hogg Street CRANLEY QLD 4350
  date_scraped: '2019-05-14'
- info_url: https://pdonline.toowoombarc.qld.gov.au/Masterview/Modules/ApplicationMaster/default.aspx?page=wrapper&key=809634
  council_reference: SEAL/2019/1695
  date_received: '2019-05-08'
  description: Boundary Realignment 3 into 2 Lots
  address: 1 Warwick Street HARRISTOWN QLD 4350
  date_scraped: '2019-05-14'
- info_url: https://pdonline.toowoombarc.qld.gov.au/Masterview/Modules/ApplicationMaster/default.aspx?page=wrapper&key=809644
  council_reference: SEAL/2019/1696
  date_received: '2019-05-08'
  description: Reconfigure 1 into 2 Lots
  address: 78 Goombungee-Meringandan Road MERINGANDAN WEST QLD 4352
  date_scraped: '2019-05-14'
- info_url: https://pdonline.toowoombarc.qld.gov.au/Masterview/Modules/ApplicationMaster/default.aspx?page=wrapper&key=809916
  council_reference: SEAL/2019/1706
  date_received: '2019-05-09'
  description: Access Easements
  address: 6 Davies Street YARRAMAN QLD 4614
  date_scraped: '2019-05-14'
