---
- info_url: https://datracker.wsc.nsw.gov.au/Modules/applicationmaster/default.aspx?page=wrapper&key=257350
  council_reference: 15/1052.01.01
  date_received: '2019-05-03'
  description: Residential Alterations and Additions - Extensions
  address: 65-69 SHEPHERD STREET, BOWRAL NSW
  date_scraped: '2019-05-14'
- info_url: https://datracker.wsc.nsw.gov.au/Modules/applicationmaster/default.aspx?page=wrapper&key=257353
  council_reference: 15/1052.02.01
  date_received: '2019-05-03'
  description: Carry out water supply work, Carry out sewerage work, Carry out stormwater
    drainage work
  address: 65-69 SHEPHERD STREET, BOWRAL NSW
  date_scraped: '2019-05-14'
- info_url: https://datracker.wsc.nsw.gov.au/Modules/applicationmaster/default.aspx?page=wrapper&key=257277
  council_reference: 15/1052.04
  date_received: '2019-05-02'
  description: Section 4.55 Modification (Alter proposed potting shed to guest retreat/accomodation)
  address: 65-69 SHEPHERD STREET, BOWRAL NSW
  date_scraped: '2019-05-14'
- info_url: https://datracker.wsc.nsw.gov.au/Modules/applicationmaster/default.aspx?page=wrapper&key=257279
  council_reference: 15/1052.05
  date_received: '2019-05-02'
  description: Residential Alterations and Additions - Extensions
  address: 65-69 SHEPHERD STREET, BOWRAL NSW
  date_scraped: '2019-05-14'
- info_url: https://datracker.wsc.nsw.gov.au/Modules/applicationmaster/default.aspx?page=wrapper&key=257280
  council_reference: 15/1052.06
  date_received: '2019-05-02'
  description: Combined Water Stormwater, Carry out water supply work, Carry out sewerage
    work
  address: 65-69 SHEPHERD STREET, BOWRAL NSW
  date_scraped: '2019-05-14'
- info_url: https://datracker.wsc.nsw.gov.au/Modules/applicationmaster/default.aspx?page=wrapper&key=257421
  council_reference: 16/0249.01.01
  date_received: '2019-05-06'
  description: Residential Alterations and Additions - Internal, External
  address: 14 ALBERT STREET, MITTAGONG NSW
  date_scraped: '2019-05-14'
- info_url: https://datracker.wsc.nsw.gov.au/Modules/applicationmaster/default.aspx?page=wrapper&key=257420
  council_reference: 16/0249.03
  date_received: '2019-05-06'
  description: Section 4.55 Modification (Extensions, Internal Alteration, Demolition
    of 2 Sheds)
  address: 14 ALBERT STREET, MITTAGONG NSW
  date_scraped: '2019-05-14'
- info_url: https://datracker.wsc.nsw.gov.au/Modules/applicationmaster/default.aspx?page=wrapper&key=257401
  council_reference: 17/1101.04
  date_received: '2019-05-06'
  description: Section 4.55 Modification (Amend accessible amenities to comply with
    Building Code Australia)
  address: BURGESS STREET, BUNDANOON NSW
  date_scraped: '2019-05-14'
- info_url: https://datracker.wsc.nsw.gov.au/Modules/applicationmaster/default.aspx?page=wrapper&key=256920
  council_reference: 17/1298.01.01
  date_received: '2019-04-23'
  description: Clause 148 Modification to Residential Alterations & Additions (internal
    and external changes)
  address: 430 TUGALONG ROAD, CANYONLEIGH NSW
  date_scraped: '2019-05-14'
- info_url: https://datracker.wsc.nsw.gov.au/Modules/applicationmaster/default.aspx?page=wrapper&key=256923
  council_reference: 17/1298.02.02
  date_received: '2019-04-23'
  description: Install construct or alter waste treatment device, Operate a system
    of sewage management (S68A), Install solid fuel heating
  address: 430 TUGALONG ROAD, CANYONLEIGH NSW
  date_scraped: '2019-05-14'
- info_url: https://datracker.wsc.nsw.gov.au/Modules/applicationmaster/default.aspx?page=wrapper&key=256918
  council_reference: 17/1298.04
  date_received: '2019-04-23'
  description: Residential Alterations and Additions - Internal, Extensions
  address: 430 TUGALONG ROAD, CANYONLEIGH NSW
  date_scraped: '2019-05-14'
- info_url: https://datracker.wsc.nsw.gov.au/Modules/applicationmaster/default.aspx?page=wrapper&key=256728
  council_reference: 17/1356.01.01
  date_received: '2019-04-15'
  description: Residential Alterations & Additions - Sheds
  address: 277 PEARSONS LANE, ROBERTSON NSW
  date_scraped: '2019-05-14'
- info_url: https://datracker.wsc.nsw.gov.au/Modules/applicationmaster/default.aspx?page=wrapper&key=256726
  council_reference: 17/1356.03
  date_received: '2019-04-15'
  description: Residential Alterations and Additions - Sheds
  address: 277 PEARSONS LANE, ROBERTSON NSW
  date_scraped: '2019-05-14'
- info_url: https://datracker.wsc.nsw.gov.au/Modules/applicationmaster/default.aspx?page=wrapper&key=257538
  council_reference: 17/1679.01
  date_received: '2019-05-08'
  description: Boarding House
  address: 2 WALKER STREET, BOWRAL NSW
  date_scraped: '2019-05-14'
- info_url: https://datracker.wsc.nsw.gov.au/Modules/applicationmaster/default.aspx?page=wrapper&key=257326
  council_reference: 17/1740.01.01
  date_received: '2019-05-03'
  description: Demolition - Dwelling House, Dwelling House
  address: 16 SHEPHERD STREET, BOWRAL NSW
  date_scraped: '2019-05-14'
- info_url: https://datracker.wsc.nsw.gov.au/Modules/applicationmaster/default.aspx?page=wrapper&key=257322
  council_reference: 17/1740.05
  date_received: '2019-05-03'
  description: Section 4.55 Modification (Safety Glass to Pergola. Remove two skylights)
  address: 16 SHEPHERD STREET, BOWRAL NSW
  date_scraped: '2019-05-14'
- info_url: https://datracker.wsc.nsw.gov.au/Modules/applicationmaster/default.aspx?page=wrapper&key=257737
  council_reference: 17/1792.01
  date_received: '2019-05-14'
  description: Residential Alterations & Additions - Garage
  address: 56 YEAN STREET, BURRADOO NSW
  date_scraped: '2019-05-14'
- info_url: https://datracker.wsc.nsw.gov.au/Modules/applicationmaster/default.aspx?page=wrapper&key=257292
  council_reference: 18/0379.01
  date_received: '2019-05-03'
  description: Subdivision - 15 Lot
  address: RENWICK DRIVE, RENWICK NSW
  date_scraped: '2019-05-14'
- info_url: https://datracker.wsc.nsw.gov.au/Modules/applicationmaster/default.aspx?page=wrapper&key=256845
  council_reference: 18/0388.01.01
  date_received: '2019-04-18'
  description: Residential Alterations and Additions - Extensions
  address: 96 NORTH STREET, ROBERTSON NSW
  date_scraped: '2019-05-14'
- info_url: https://datracker.wsc.nsw.gov.au/Modules/applicationmaster/default.aspx?page=wrapper&key=256843
  council_reference: 18/0388.05
  date_received: '2019-04-18'
  description: Residential Alterations and Additions - Extensions
  address: 96 NORTH STREET, ROBERTSON NSW
  date_scraped: '2019-05-14'
- info_url: https://datracker.wsc.nsw.gov.au/Modules/applicationmaster/default.aspx?page=wrapper&key=256889
  council_reference: 18/0785.04
  date_received: '2019-04-23'
  description: Detached Garage - Commercial Alterations and Additions
  address: 17 OLD HUME HIGHWAY, BERRIMA NSW
  date_scraped: '2019-05-14'
- info_url: https://datracker.wsc.nsw.gov.au/Modules/applicationmaster/default.aspx?page=wrapper&key=257274
  council_reference: 19/0009.02
  date_received: '2019-05-02'
  description: Subdivision - 3 Lots
  address: 17 PIKKAT DRIVE, BRAEMAR NSW
  date_scraped: '2019-05-14'
- info_url: https://datracker.wsc.nsw.gov.au/Modules/applicationmaster/default.aspx?page=wrapper&key=257622
  council_reference: 19/0442.01
  date_received: '2019-05-10'
  description: Subdivision - 2 Lot - Dual Occupancy
  address: 2 WARRAWONG DRIVE, MOSS VALE NSW
  date_scraped: '2019-05-14'
- info_url: https://datracker.wsc.nsw.gov.au/Modules/applicationmaster/default.aspx?page=wrapper&key=257112
  council_reference: 19/0704.03
  date_received: '2019-04-30'
  description: Residential Alterations and Additions - Extensions
  address: 30 OXLEY DRIVE, BOWRAL NSW
  date_scraped: '2019-05-14'
- info_url: https://datracker.wsc.nsw.gov.au/Modules/applicationmaster/default.aspx?page=wrapper&key=256913
  council_reference: 19/0904.06
  date_received: '2019-04-23'
  description: Dwelling House
  address: 10B DRAPERS ROAD, WILLOW VALE NSW
  date_scraped: '2019-05-14'
- info_url: https://datracker.wsc.nsw.gov.au/Modules/applicationmaster/default.aspx?page=wrapper&key=257437
  council_reference: 19/1327.06
  date_received: '2019-05-07'
  description: S4.55 Modification to Dwelling House (increase floor area)
  address: 58 CHALLONER RISE, RENWICK NSW
  date_scraped: '2019-05-14'
- info_url: https://datracker.wsc.nsw.gov.au/Modules/applicationmaster/default.aspx?page=wrapper&key=256698
  council_reference: 19/1506
  date_received: '2019-04-15'
  description: Residential Alterations and Additions - Swimming Pool
  address: 10 JEFFERIS AVENUE, RENWICK NSW
  date_scraped: '2019-05-14'
- info_url: https://datracker.wsc.nsw.gov.au/Modules/applicationmaster/default.aspx?page=wrapper&key=256702
  council_reference: 19/1508
  date_received: '2019-04-15'
  description: Residential Alterations and Additions - Swimming Pool
  address: 74-76 WATTLE STREET, COLO VALE NSW
  date_scraped: '2019-05-14'
- info_url: https://datracker.wsc.nsw.gov.au/Modules/applicationmaster/default.aspx?page=wrapper&key=256712
  council_reference: 19/1509
  date_received: '2019-04-15'
  description: Dwelling House
  address: 48 CAALONG STREET, ROBERTSON NSW
  date_scraped: '2019-05-14'
- info_url: https://datracker.wsc.nsw.gov.au/Modules/applicationmaster/default.aspx?page=wrapper&key=256745
  council_reference: 19/1510
  date_received: '2019-04-16'
  description: Residential Alterations and Additions - Shed
  address: 35 BOLD STREET, RENWICK NSW
  date_scraped: '2019-05-14'
- info_url: https://datracker.wsc.nsw.gov.au/Modules/applicationmaster/default.aspx?page=wrapper&key=256746
  council_reference: 19/1511
  date_received: '2019-04-16'
  description: Farm Building - Alterations and Additions
  address: 74 LEES ROAD, ROBERTSON NSW
  date_scraped: '2019-05-14'
- info_url: https://datracker.wsc.nsw.gov.au/Modules/applicationmaster/default.aspx?page=wrapper&key=256747
  council_reference: 19/1512
  date_received: '2019-04-16'
  description: Dwelling House
  address: 0 VICTORIA STREET, BALMORAL NSW
  date_scraped: '2019-05-14'
- info_url: https://datracker.wsc.nsw.gov.au/Modules/applicationmaster/default.aspx?page=wrapper&key=256755
  council_reference: 19/1513
  date_received: '2019-04-16'
  description: Residential Alterations and Additions - Swimming Pool
  address: 27 ARGYLE STREET, NEW BERRIMA NSW
  date_scraped: '2019-05-14'
- info_url: https://datracker.wsc.nsw.gov.au/Modules/applicationmaster/default.aspx?page=wrapper&key=256764
  council_reference: 19/1515
  date_received: '2019-04-16'
  description: Residential Alterations and Additions - Internal, Extensions
  address: 73-75 MOUNT ROAD, BOWRAL NSW
  date_scraped: '2019-05-14'
- info_url: https://datracker.wsc.nsw.gov.au/Modules/applicationmaster/default.aspx?page=wrapper&key=256773
  council_reference: 19/1516
  date_received: '2019-04-16'
  description: Residential Alterations & Additions - Extensions
  address: 19 OLD WINGELLO ROAD, BUNDANOON NSW
  date_scraped: '2019-05-14'
- info_url: https://datracker.wsc.nsw.gov.au/Modules/applicationmaster/default.aspx?page=wrapper&key=256774
  council_reference: 19/1517
  date_received: '2019-04-16'
  description: Subdivision - 2 Lots
  address: 54-56 BOWRAL STREET, WELBY NSW
  date_scraped: '2019-05-14'
- info_url: https://datracker.wsc.nsw.gov.au/Modules/applicationmaster/default.aspx?page=wrapper&key=256783
  council_reference: 19/1519
  date_received: '2019-04-17'
  description: Dwelling House
  address: 1A HILL ROAD, MOSS VALE NSW
  date_scraped: '2019-05-14'
- info_url: https://datracker.wsc.nsw.gov.au/Modules/applicationmaster/default.aspx?page=wrapper&key=256815
  council_reference: 19/1520
  date_received: '2019-04-17'
  description: Cemetery
  address: 109 KANGALOON ROAD, BOWRAL NSW
  date_scraped: '2019-05-14'
- info_url: https://datracker.wsc.nsw.gov.au/Modules/applicationmaster/default.aspx?page=wrapper&key=256821
  council_reference: 19/1522
  date_received: '2019-04-17'
  description: Residential Alterations and Additions - Extensions
  address: 6 GIBRALTAR ROAD, BOWRAL NSW
  date_scraped: '2019-05-14'
- info_url: https://datracker.wsc.nsw.gov.au/Modules/applicationmaster/default.aspx?page=wrapper&key=256839
  council_reference: 19/1523
  date_received: '2019-04-18'
  description: Dwelling House
  address: 8 ALLEN AVENUE, RENWICK NSW
  date_scraped: '2019-05-14'
- info_url: https://datracker.wsc.nsw.gov.au/Modules/applicationmaster/default.aspx?page=wrapper&key=256850
  council_reference: 19/1525
  date_received: '2019-04-18'
  description: Subdivision - 2 lots
  address: 74-76 BEACONSFIELD ROAD, MOSS VALE NSW
  date_scraped: '2019-05-14'
- info_url: https://datracker.wsc.nsw.gov.au/Modules/applicationmaster/default.aspx?page=wrapper&key=256856
  council_reference: 19/1526
  date_received: '2019-04-18'
  description: Residential Alterations and Additions - Awning
  address: 64 JASMINE STREET, COLO VALE NSW
  date_scraped: '2019-05-14'
- info_url: https://datracker.wsc.nsw.gov.au/Modules/applicationmaster/default.aspx?page=wrapper&key=256902
  council_reference: 19/1529
  date_received: '2019-04-23'
  description: Commercial Premises
  address: 27 LYELL STREET, MITTAGONG NSW
  date_scraped: '2019-05-14'
- info_url: https://datracker.wsc.nsw.gov.au/Modules/applicationmaster/default.aspx?page=wrapper&key=256908
  council_reference: 19/1530
  date_received: '2019-04-23'
  description: General Industry
  address: 10 TYREE PLACE, BRAEMAR NSW
  date_scraped: '2019-05-14'
- info_url: https://datracker.wsc.nsw.gov.au/Modules/applicationmaster/default.aspx?page=wrapper&key=256927
  council_reference: 19/1532
  date_received: '2019-04-24'
  description: Residential Alterations and Additions - Extensions
  address: 1020 NOWRA ROAD, FITZROY FALLS NSW
  date_scraped: '2019-05-14'
- info_url: https://datracker.wsc.nsw.gov.au/Modules/applicationmaster/default.aspx?page=wrapper&key=256933
  council_reference: 19/1534
  date_received: '2019-04-24'
  description: Change of Use - Shop
  address: 12-14 BUNDAROO STREET, BOWRAL NSW
  date_scraped: '2019-05-14'
- info_url: https://datracker.wsc.nsw.gov.au/Modules/applicationmaster/default.aspx?page=wrapper&key=256980
  council_reference: 19/1540
  date_received: '2019-04-26'
  description: Residential Alterations and Additions - Swimming Pool
  address: 10 ROSINA STREET, HILL TOP NSW
  date_scraped: '2019-05-14'
- info_url: https://datracker.wsc.nsw.gov.au/Modules/applicationmaster/default.aspx?page=wrapper&key=256984
  council_reference: 19/1541
  date_received: '2019-04-26'
  description: Dwelling House & Retaining Wall
  address: 21 ROTY AVENUE, RENWICK NSW
  date_scraped: '2019-05-14'
- info_url: https://datracker.wsc.nsw.gov.au/Modules/applicationmaster/default.aspx?page=wrapper&key=256993
  council_reference: 19/1542
  date_received: '2019-04-26'
  description: Dwelling House
  address: 31 ROTY AVENUE, RENWICK NSW
  date_scraped: '2019-05-14'
- info_url: https://datracker.wsc.nsw.gov.au/Modules/applicationmaster/default.aspx?page=wrapper&key=257007
  council_reference: 19/1544
  date_received: '2019-04-26'
  description: Residential Alterations and Additions - Shed
  address: 32 AZALEA STREET, COLO VALE NSW
  date_scraped: '2019-05-14'
- info_url: https://datracker.wsc.nsw.gov.au/Modules/applicationmaster/default.aspx?page=wrapper&key=257024
  council_reference: 19/1545
  date_received: '2019-04-29'
  description: Demolition - Dwelling House, relocation of existing dwelling
  address: 40 THE OLD ROAD, ROBERTSON NSW
  date_scraped: '2019-05-14'
- info_url: https://datracker.wsc.nsw.gov.au/Modules/applicationmaster/default.aspx?page=wrapper&key=257031
  council_reference: 19/1546
  date_received: '2019-04-29'
  description: Residential Alterations and Additions - Shed
  address: 551 INVERARY ROAD, PADDYS RIVER NSW
  date_scraped: '2019-05-14'
- info_url: https://datracker.wsc.nsw.gov.au/Modules/applicationmaster/default.aspx?page=wrapper&key=257057
  council_reference: 19/1548
  date_received: '2019-04-29'
  description: Demolition - Dwelling House
  address: 43 OLD KANGALOON ROAD, ROBERTSON NSW
  date_scraped: '2019-05-14'
- info_url: https://datracker.wsc.nsw.gov.au/Modules/applicationmaster/default.aspx?page=wrapper&key=257118
  council_reference: 19/1551
  date_received: '2019-04-30'
  description: Secondary Dwelling
  address: 37 MARULAN STREET, WINGELLO NSW
  date_scraped: '2019-05-14'
- info_url: https://datracker.wsc.nsw.gov.au/Modules/applicationmaster/default.aspx?page=wrapper&key=257126
  council_reference: 19/1552
  date_received: '2019-04-30'
  description: Residential Alterations and Additions - Extensions
  address: 13 KOYONG CLOSE, MOSS VALE NSW
  date_scraped: '2019-05-14'
- info_url: https://datracker.wsc.nsw.gov.au/Modules/applicationmaster/default.aspx?page=wrapper&key=257134
  council_reference: 19/1553
  date_received: '2019-04-30'
  description: Community Facility
  address: 502 ARGYLE STREET, MOSS VALE NSW
  date_scraped: '2019-05-14'
- info_url: https://datracker.wsc.nsw.gov.au/Modules/applicationmaster/default.aspx?page=wrapper&key=257147
  council_reference: 19/1554
  date_received: '2019-05-01'
  description: Change of Use - Food and Drink Premises
  address: 37 RAILWAY AVENUE, BUNDANOON NSW
  date_scraped: '2019-05-14'
- info_url: https://datracker.wsc.nsw.gov.au/Modules/applicationmaster/default.aspx?page=wrapper&key=257149
  council_reference: 19/1555
  date_received: '2019-05-01'
  description: Residential Alterations and Additions - Shed
  address: 19 NERO STREET, MITTAGONG NSW
  date_scraped: '2019-05-14'
- info_url: https://datracker.wsc.nsw.gov.au/Modules/applicationmaster/default.aspx?page=wrapper&key=257158
  council_reference: 19/1556
  date_received: '2019-05-01'
  description: Dwelling House & Retaining Walls
  address: 17 SIR JAMES FAIRFAX CIRCUIT, BOWRAL NSW
  date_scraped: '2019-05-14'
- info_url: https://datracker.wsc.nsw.gov.au/Modules/applicationmaster/default.aspx?page=wrapper&key=257202
  council_reference: 19/1559
  date_received: '2019-05-01'
  description: Temporary Use of Land for PieFest to operate one weekend per year for
    four (4) consecutive years.
  address: 460 KANGALOON ROAD, BOWRAL NSW
  date_scraped: '2019-05-14'
- info_url: https://datracker.wsc.nsw.gov.au/Modules/applicationmaster/default.aspx?page=wrapper&key=257208
  council_reference: 19/1561
  date_received: '2019-05-01'
  description: Dwelling House, Dual Occupancy - Attached
  address: 18 RITCHIE ROAD, WILLOW VALE NSW
  date_scraped: '2019-05-14'
- info_url: https://datracker.wsc.nsw.gov.au/Modules/applicationmaster/default.aspx?page=wrapper&key=257226
  council_reference: 19/1562
  date_received: '2019-05-01'
  description: Dwelling House
  address: 27A LINKS ROAD, BURRADOO NSW
  date_scraped: '2019-05-14'
- info_url: https://datracker.wsc.nsw.gov.au/Modules/applicationmaster/default.aspx?page=wrapper&key=257240
  council_reference: 19/1564
  date_received: '2019-05-02'
  description: Shop - Alterations and Additions
  address: 181-183 OLD HUME HIGHWAY, MITTAGONG NSW
  date_scraped: '2019-05-14'
- info_url: https://datracker.wsc.nsw.gov.au/Modules/applicationmaster/default.aspx?page=wrapper&key=257323
  council_reference: 19/1568
  date_received: '2019-05-03'
  description: Dwelling House - Swimming Pool
  address: 6 QUEEN STREET, BOWRAL NSW
  date_scraped: '2019-05-14'
- info_url: https://datracker.wsc.nsw.gov.au/Modules/applicationmaster/default.aspx?page=wrapper&key=257332
  council_reference: 19/1569
  date_received: '2019-05-03'
  description: Temporary Use of Land - Bundanoon Winterfest
  address: 152 QUARRY ROAD, BUNDANOON NSW
  date_scraped: '2019-05-14'
- info_url: https://datracker.wsc.nsw.gov.au/Modules/applicationmaster/default.aspx?page=wrapper&key=257335
  council_reference: 19/1570
  date_received: '2019-05-03'
  description: Vegetation Clearing - Removal of 1 tree
  address: 26A LEOPOLD STREET, MITTAGONG NSW
  date_scraped: '2019-05-14'
- info_url: https://datracker.wsc.nsw.gov.au/Modules/applicationmaster/default.aspx?page=wrapper&key=257337
  council_reference: 19/1571
  date_received: '2019-05-03'
  description: Dual Occupancy - Detached
  address: 12 SOLOMON STREET, RENWICK NSW
  date_scraped: '2019-05-14'
- info_url: https://datracker.wsc.nsw.gov.au/Modules/applicationmaster/default.aspx?page=wrapper&key=257354
  council_reference: 19/1573
  date_received: '2019-05-03'
  description: Dwelling House
  address: 68 DEVON ROAD, EXETER NSW
  date_scraped: '2019-05-14'
- info_url: https://datracker.wsc.nsw.gov.au/Modules/applicationmaster/default.aspx?page=wrapper&key=257358
  council_reference: 19/1574
  date_received: '2019-05-03'
  description: Residential Alterations and Additions - Internal
  address: 175 BIRCHALLS LANE, BERRIMA NSW
  date_scraped: '2019-05-14'
- info_url: https://datracker.wsc.nsw.gov.au/Modules/applicationmaster/default.aspx?page=wrapper&key=257402
  council_reference: 19/1577
  date_received: '2019-05-06'
  description: Subdivision - 2 Lots
  address: 206 OXLEY DRIVE, MITTAGONG NSW
  date_scraped: '2019-05-14'
- info_url: https://datracker.wsc.nsw.gov.au/Modules/applicationmaster/default.aspx?page=wrapper&key=257419
  council_reference: 19/1578
  date_received: '2019-05-06'
  description: Subdivision - 3 Lots
  address: 3-5 ELLA STREET, BUNDANOON NSW
  date_scraped: '2019-05-14'
- info_url: https://datracker.wsc.nsw.gov.au/Modules/applicationmaster/default.aspx?page=wrapper&key=257431
  council_reference: 19/1579
  date_received: '2019-05-07'
  description: Residential Alterations and Additions - Garage, Deck
  address: 1260 WILSON DRIVE, HILL TOP NSW
  date_scraped: '2019-05-14'
- info_url: https://datracker.wsc.nsw.gov.au/Modules/applicationmaster/default.aspx?page=wrapper&key=257449
  council_reference: 19/1581
  date_received: '2019-05-07'
  description: Telecommunications Facility
  address: 25-43 KANGALOON ROAD, BOWRAL NSW
  date_scraped: '2019-05-14'
- info_url: https://datracker.wsc.nsw.gov.au/Modules/applicationmaster/default.aspx?page=wrapper&key=257451
  council_reference: 19/1582
  date_received: '2019-05-07'
  description: Advertising Structure
  address: 208 ARGYLE STREET, MOSS VALE NSW
  date_scraped: '2019-05-14'
- info_url: https://datracker.wsc.nsw.gov.au/Modules/applicationmaster/default.aspx?page=wrapper&key=257482
  council_reference: 19/1585
  date_received: '2019-05-07'
  description: Dwelling House
  address: 52A BENDOOLEY STREET, BOWRAL NSW
  date_scraped: '2019-05-14'
- info_url: https://datracker.wsc.nsw.gov.au/Modules/applicationmaster/default.aspx?page=wrapper&key=257486
  council_reference: 19/1586
  date_received: '2019-05-07'
  description: Residential Alterations and Additions - Extensions
  address: 38 BROWLEY STREET, MOSS VALE NSW
  date_scraped: '2019-05-14'
- info_url: https://datracker.wsc.nsw.gov.au/Modules/applicationmaster/default.aspx?page=wrapper&key=257535
  council_reference: 19/1589
  date_received: '2019-05-08'
  description: Residential Alterations and Additions - Carport
  address: 6 COLO ROAD, COLO VALE NSW
  date_scraped: '2019-05-14'
- info_url: https://datracker.wsc.nsw.gov.au/Modules/applicationmaster/default.aspx?page=wrapper&key=257544
  council_reference: 19/1590
  date_received: '2019-05-08'
  description: Subdivision - 3 Lots
  address: 46 KOOLILABAH LANE, PENROSE NSW
  date_scraped: '2019-05-14'
- info_url: https://datracker.wsc.nsw.gov.au/Modules/applicationmaster/default.aspx?page=wrapper&key=257546
  council_reference: 19/1591
  date_received: '2019-05-09'
  description: Residential Alterations and Additions - Extensions
  address: 18-20 BANKSIA STREET, HILL TOP NSW
  date_scraped: '2019-05-14'
- info_url: https://datracker.wsc.nsw.gov.au/Modules/applicationmaster/default.aspx?page=wrapper&key=257562
  council_reference: 19/1592
  date_received: '2019-05-09'
  description: Secondary Dwelling
  address: 693 JOADJA ROAD, MANDEMAR NSW
  date_scraped: '2019-05-14'
- info_url: https://datracker.wsc.nsw.gov.au/Modules/applicationmaster/default.aspx?page=wrapper&key=257574
  council_reference: 19/1593
  date_received: '2019-05-09'
  description: Dwelling House & Retaining Walls
  address: 27 SIR JAMES FAIRFAX CIRCUIT, BOWRAL NSW
  date_scraped: '2019-05-14'
- info_url: https://datracker.wsc.nsw.gov.au/Modules/applicationmaster/default.aspx?page=wrapper&key=257581
  council_reference: 19/1595
  date_received: '2019-05-09'
  description: Residential Alterations and Additions - Internal
  address: 26 WERAI ROAD, WERAI NSW
  date_scraped: '2019-05-14'
- info_url: https://datracker.wsc.nsw.gov.au/Modules/applicationmaster/default.aspx?page=wrapper&key=257589
  council_reference: 19/1596
  date_received: '2019-05-09'
  description: Heritage Interpretive Signs
  address: 0 WINGECARRIBEE SHIRE, WINGECARRIBEE
  date_scraped: '2019-05-14'
- info_url: https://datracker.wsc.nsw.gov.au/Modules/applicationmaster/default.aspx?page=wrapper&key=257616
  council_reference: 19/1600
  date_received: '2019-05-10'
  description: Residential Alterations and Additions - Extensions
  address: 703 PENROSE ROAD, PENROSE NSW
  date_scraped: '2019-05-14'
- info_url: https://datracker.wsc.nsw.gov.au/Modules/applicationmaster/default.aspx?page=wrapper&key=257642
  council_reference: 19/1603
  date_received: '2019-05-10'
  description: Residential Alterations and Additions - Tennis Court
  address: 48 MANNING LOOKOUT ROAD, FITZROY FALLS NSW
  date_scraped: '2019-05-14'
- info_url: https://datracker.wsc.nsw.gov.au/Modules/applicationmaster/default.aspx?page=wrapper&key=257643
  council_reference: 19/1604
  date_received: '2019-05-10'
  description: Residential Alterations and Additions - Extensions, Swimming Pool
  address: 314 MERYLA ROAD, MANCHESTER SQUARE NSW
  date_scraped: '2019-05-14'
- info_url: https://datracker.wsc.nsw.gov.au/Modules/applicationmaster/default.aspx?page=wrapper&key=257661
  council_reference: 19/1608
  date_received: '2019-05-13'
  description: Residential Alterations and Additions - Shed
  address: 39 SIR JAMES FAIRFAX CIRCUIT, BOWRAL NSW
  date_scraped: '2019-05-14'
- info_url: https://datracker.wsc.nsw.gov.au/Modules/applicationmaster/default.aspx?page=wrapper&key=257667
  council_reference: 19/1610
  date_received: '2019-05-13'
  description: Residential Alterations and Additions - Shed
  address: 8 FARNHAM CLOSE, MITTAGONG NSW
  date_scraped: '2019-05-14'
- info_url: https://datracker.wsc.nsw.gov.au/Modules/applicationmaster/default.aspx?page=wrapper&key=257672
  council_reference: 19/1611
  date_received: '2019-05-13'
  description: Dwelling House
  address: 36 GREEN STREET, RENWICK NSW
  date_scraped: '2019-05-14'
- info_url: https://datracker.wsc.nsw.gov.au/Modules/applicationmaster/default.aspx?page=wrapper&key=257677
  council_reference: 19/1612
  date_received: '2019-05-13'
  description: Residential Alterations and Additions - Studio
  address: 20 OLD JAMBEROO ROAD, ROBERTSON NSW
  date_scraped: '2019-05-14'
- info_url: https://datracker.wsc.nsw.gov.au/Modules/applicationmaster/default.aspx?page=wrapper&key=257685
  council_reference: 19/1613
  date_received: '2019-05-13'
  description: Dwelling House
  address: 83 CAMDEN STREET, WINGELLO NSW
  date_scraped: '2019-05-14'
- info_url: https://datracker.wsc.nsw.gov.au/Modules/applicationmaster/default.aspx?page=wrapper&key=257698
  council_reference: 19/1616
  date_received: '2019-05-13'
  description: Dwelling House
  address: 96 ILLAWARRA HIGHWAY, ROBERTSON NSW
  date_scraped: '2019-05-14'
- info_url: https://datracker.wsc.nsw.gov.au/Modules/applicationmaster/default.aspx?page=wrapper&key=257717
  council_reference: 19/1617
  date_received: '2019-05-14'
  description: Residential Alterations and Additions - Extensions, Studio
  address: 43 SOUTH STREET, ROBERTSON NSW
  date_scraped: '2019-05-14'
- info_url: https://datracker.wsc.nsw.gov.au/Modules/applicationmaster/default.aspx?page=wrapper&key=257584
  council_reference: LUA12/0154.04
  date_received: '2019-05-09'
  description: Dwelling House
  address: 558 BELMORE FALLS ROAD, ROBERTSON NSW
  date_scraped: '2019-05-14'
- info_url: https://datracker.wsc.nsw.gov.au/Modules/applicationmaster/default.aspx?page=wrapper&key=257587
  council_reference: LUA12/0154.05
  date_received: '2019-05-09'
  description: Install construct or alter waste treatment device
  address: 558 BELMORE FALLS ROAD, ROBERTSON NSW
  date_scraped: '2019-05-14'
